wizchip_conf.c:67:9:wizchip_cris_enter	4	static
wizchip_conf.c:75:9:wizchip_cris_exit	4	static
wizchip_conf.c:83:7:wizchip_cs_select	4	static
wizchip_conf.c:91:7:wizchip_cs_deselect	4	static
wizchip_conf.c:100:10:wizchip_bus_readdata	16	static
wizchip_conf.c:109:7:wizchip_bus_writedata	16	static
wizchip_conf.c:117:9:wizchip_spi_readbyte	4	static
wizchip_conf.c:125:7:wizchip_spi_writebyte	16	static
wizchip_conf.c:133:7:wizchip_spi_readburst	16	static
wizchip_conf.c:141:7:wizchip_spi_writeburst	16	static
wizchip_conf.c:186:6:reg_wizchip_cris_cbfunc	16	static
wizchip_conf.c:200:6:reg_wizchip_cs_cbfunc	16	static
wizchip_conf.c:216:6:reg_wizchip_bus_cbfunc	16	static
wizchip_conf.c:244:6:reg_wizchip_spi_cbfunc	16	static
wizchip_conf.c:261:6:reg_wizchip_spiburst_cbfunc	16	static
wizchip_conf.c:277:8:ctlwizchip	32	static
wizchip_conf.c:359:8:ctlnetwork	16	static
wizchip_conf.c:387:6:wizchip_sw_reset	32	static
wizchip_conf.c:412:8:wizchip_init	24	static
wizchip_conf.c:489:6:wizchip_clrinterrupt	24	static
wizchip_conf.c:516:11:wizchip_getinterrupt	16	static
wizchip_conf.c:547:6:wizchip_setinterruptmask	24	static
wizchip_conf.c:571:11:wizchip_getinterruptmask	16	static
wizchip_conf.c:600:8:wizphy_getphylink	16	static
wizchip_conf.c:620:8:wizphy_getphypmode	16	static
wizchip_conf.c:641:6:wizphy_reset	16	static
wizchip_conf.c:649:6:wizphy_setphyconf	24	static
wizchip_conf.c:677:6:wizphy_getphyconf	24	static
wizchip_conf.c:696:8:wizphy_setphypmode	24	static
wizchip_conf.c:835:6:wizchip_setnetinfo	16	static
wizchip_conf.c:849:6:wizchip_getnetinfo	16	static
wizchip_conf.c:862:8:wizchip_setnetmode	24	static
wizchip_conf.c:876:14:wizchip_getnetmode	8	static
wizchip_conf.c:881:6:wizchip_settimeout	16	static
wizchip_conf.c:887:6:wizchip_gettimeout	24	static
