Archive member included to satisfy reference by file (symbol)

c:/program files (x86)/atollic/truestudio for stm32 9.0.0/armtools/bin/../lib/gcc/arm-atollic-eabi/6.3.1/../../../../arm-atollic-eabi/lib/armv7-m\libc.a(lib_a-atoi.o)
                              Libraries\ioLibrary_Driver\Internet\FTPClient\ftpc.o (atoi)
c:/program files (x86)/atollic/truestudio for stm32 9.0.0/armtools/bin/../lib/gcc/arm-atollic-eabi/6.3.1/../../../../arm-atollic-eabi/lib/armv7-m\libc.a(lib_a-init.o)
                              src\startup_stm32f10x_hd.o (__libc_init_array)
c:/program files (x86)/atollic/truestudio for stm32 9.0.0/armtools/bin/../lib/gcc/arm-atollic-eabi/6.3.1/../../../../arm-atollic-eabi/lib/armv7-m\libc.a(lib_a-locale.o)
                              Libraries\ioLibrary_Driver\Internet\FTPServer\ftpd.o (__locale_ctype_ptr)
c:/program files (x86)/atollic/truestudio for stm32 9.0.0/armtools/bin/../lib/gcc/arm-atollic-eabi/6.3.1/../../../../arm-atollic-eabi/lib/armv7-m\libc.a(lib_a-malloc.o)
                              Libraries\ioLibrary_Driver\Internet\httpServer\httpServer.o (malloc)
c:/program files (x86)/atollic/truestudio for stm32 9.0.0/armtools/bin/../lib/gcc/arm-atollic-eabi/6.3.1/../../../../arm-atollic-eabi/lib/armv7-m\libc.a(lib_a-mallocr.o)
                              c:/program files (x86)/atollic/truestudio for stm32 9.0.0/armtools/bin/../lib/gcc/arm-atollic-eabi/6.3.1/../../../../arm-atollic-eabi/lib/armv7-m\libc.a(lib_a-malloc.o) (_malloc_r)
c:/program files (x86)/atollic/truestudio for stm32 9.0.0/armtools/bin/../lib/gcc/arm-atollic-eabi/6.3.1/../../../../arm-atollic-eabi/lib/armv7-m\libc.a(lib_a-mbtowc_r.o)
                              c:/program files (x86)/atollic/truestudio for stm32 9.0.0/armtools/bin/../lib/gcc/arm-atollic-eabi/6.3.1/../../../../arm-atollic-eabi/lib/armv7-m\libc.a(lib_a-locale.o) (__ascii_mbtowc)
c:/program files (x86)/atollic/truestudio for stm32 9.0.0/armtools/bin/../lib/gcc/arm-atollic-eabi/6.3.1/../../../../arm-atollic-eabi/lib/armv7-m\libc.a(lib_a-memcpy-stub.o)
                              Libraries\ioLibrary_Driver\Internet\FTPServer\ftpd.o (memcpy)
c:/program files (x86)/atollic/truestudio for stm32 9.0.0/armtools/bin/../lib/gcc/arm-atollic-eabi/6.3.1/../../../../arm-atollic-eabi/lib/armv7-m\libc.a(lib_a-memset.o)
                              Libraries\ioLibrary_Driver\Internet\DNS\dns.o (memset)
c:/program files (x86)/atollic/truestudio for stm32 9.0.0/armtools/bin/../lib/gcc/arm-atollic-eabi/6.3.1/../../../../arm-atollic-eabi/lib/armv7-m\libc.a(lib_a-mlock.o)
                              c:/program files (x86)/atollic/truestudio for stm32 9.0.0/armtools/bin/../lib/gcc/arm-atollic-eabi/6.3.1/../../../../arm-atollic-eabi/lib/armv7-m\libc.a(lib_a-mallocr.o) (__malloc_lock)
c:/program files (x86)/atollic/truestudio for stm32 9.0.0/armtools/bin/../lib/gcc/arm-atollic-eabi/6.3.1/../../../../arm-atollic-eabi/lib/armv7-m\libc.a(lib_a-printf.o)
                              Libraries\ioLibrary_Driver\Application\loopback\loopback.o (printf)
c:/program files (x86)/atollic/truestudio for stm32 9.0.0/armtools/bin/../lib/gcc/arm-atollic-eabi/6.3.1/../../../../arm-atollic-eabi/lib/armv7-m\libc.a(lib_a-puts.o)
                              Libraries\ioLibrary_Driver\Application\loopback\loopback.o (puts)
c:/program files (x86)/atollic/truestudio for stm32 9.0.0/armtools/bin/../lib/gcc/arm-atollic-eabi/6.3.1/../../../../arm-atollic-eabi/lib/armv7-m\libc.a(lib_a-sbrkr.o)
                              c:/program files (x86)/atollic/truestudio for stm32 9.0.0/armtools/bin/../lib/gcc/arm-atollic-eabi/6.3.1/../../../../arm-atollic-eabi/lib/armv7-m\libc.a(lib_a-mallocr.o) (_sbrk_r)
c:/program files (x86)/atollic/truestudio for stm32 9.0.0/armtools/bin/../lib/gcc/arm-atollic-eabi/6.3.1/../../../../arm-atollic-eabi/lib/armv7-m\libc.a(lib_a-sprintf.o)
                              Libraries\ioLibrary_Driver\Internet\FTPClient\ftpc.o (sprintf)
c:/program files (x86)/atollic/truestudio for stm32 9.0.0/armtools/bin/../lib/gcc/arm-atollic-eabi/6.3.1/../../../../arm-atollic-eabi/lib/armv7-m\libc.a(lib_a-strcat.o)
                              Libraries\ioLibrary_Driver\Internet\httpServer\httpParser.o (strcat)
c:/program files (x86)/atollic/truestudio for stm32 9.0.0/armtools/bin/../lib/gcc/arm-atollic-eabi/6.3.1/../../../../arm-atollic-eabi/lib/armv7-m\libc.a(lib_a-strchr.o)
                              Libraries\ioLibrary_Driver\Internet\DNS\dns.o (strchr)
c:/program files (x86)/atollic/truestudio for stm32 9.0.0/armtools/bin/../lib/gcc/arm-atollic-eabi/6.3.1/../../../../arm-atollic-eabi/lib/armv7-m\libc.a(lib_a-strcmp.o)
                              Libraries\ioLibrary_Driver\Internet\httpServer\httpParser.o (strcmp)
c:/program files (x86)/atollic/truestudio for stm32 9.0.0/armtools/bin/../lib/gcc/arm-atollic-eabi/6.3.1/../../../../arm-atollic-eabi/lib/armv7-m\libc.a(lib_a-strcpy.o)
                              Libraries\ioLibrary_Driver\Internet\DNS\dns.o (strcpy)
[...]
Memory Configuration

Name             Origin             Length             Attributes
FLASH            0x08000000         0x00040000         xr
RAM              0x20000000         0x0000c000         xrw
MEMORY_B1        0x60000000         0x00000000         xr
*default*        0x00000000         0xffffffff

Linker script and memory map

LOAD c:/program files (x86)/atollic/truestudio for stm32 9.0.0/armtools/bin/../lib/gcc/arm-atollic-eabi/6.3.1/armv7-m/crti.o
LOAD c:/program files (x86)/atollic/truestudio for stm32 9.0.0/armtools/bin/../lib/gcc/arm-atollic-eabi/6.3.1/armv7-m/crtbegin.o
LOAD Libraries\STM32F10x_StdPeriph_Driver\src\misc.o
LOAD Libraries\STM32F10x_StdPeriph_Driver\src\stm32f10x_adc.o
LOAD Libraries\STM32F10x_StdPeriph_Driver\src\stm32f10x_bkp.o
LOAD Libraries\STM32F10x_StdPeriph_Driver\src\stm32f10x_can.o
LOAD Libraries\STM32F10x_StdPeriph_Driver\src\stm32f10x_cec.o
LOAD Libraries\STM32F10x_StdPeriph_Driver\src\stm32f10x_crc.o
LOAD Libraries\STM32F10x_StdPeriph_Driver\src\stm32f10x_dac.o
LOAD Libraries\STM32F10x_StdPeriph_Driver\src\stm32f10x_dbgmcu.o
LOAD Libraries\STM32F10x_StdPeriph_Driver\src\stm32f10x_dma.o
LOAD Libraries\STM32F10x_StdPeriph_Driver\src\stm32f10x_exti.o
LOAD Libraries\STM32F10x_StdPeriph_Driver\src\stm32f10x_flash.o
LOAD Libraries\STM32F10x_StdPeriph_Driver\src\stm32f10x_fsmc.o
LOAD Libraries\STM32F10x_StdPeriph_Driver\src\stm32f10x_gpio.o
LOAD Libraries\STM32F10x_StdPeriph_Driver\src\stm32f10x_i2c.o
LOAD Libraries\STM32F10x_StdPeriph_Driver\src\stm32f10x_iwdg.o
LOAD Libraries\STM32F10x_StdPeriph_Driver\src\stm32f10x_pwr.o
LOAD Libraries\STM32F10x_StdPeriph_Driver\src\stm32f10x_rcc.o
LOAD Libraries\STM32F10x_StdPeriph_Driver\src\stm32f10x_rtc.o
LOAD Libraries\STM32F10x_StdPeriph_Driver\src\stm32f10x_sdio.o
LOAD Libraries\STM32F10x_StdPeriph_Driver\src\stm32f10x_spi.o
LOAD Libraries\STM32F10x_StdPeriph_Driver\src\stm32f10x_tim.o
LOAD Libraries\STM32F10x_StdPeriph_Driver\src\stm32f10x_usart.o
LOAD Libraries\STM32F10x_StdPeriph_Driver\src\stm32f10x_wwdg.o
LOAD Libraries\ioLibrary_Driver\Application\loopback\loopback.o
LOAD Libraries\ioLibrary_Driver\Ethernet\W5100\w5100.o
LOAD Libraries\ioLibrary_Driver\Ethernet\W5100S\w5100s.o
LOAD Libraries\ioLibrary_Driver\Ethernet\W5200\w5200.o
LOAD Libraries\ioLibrary_Driver\Ethernet\W5300\w5300.o
LOAD Libraries\ioLibrary_Driver\Ethernet\W5500\w5500.o
LOAD Libraries\ioLibrary_Driver\Ethernet\socket.o
LOAD Libraries\ioLibrary_Driver\Ethernet\wizchip_conf.o
LOAD Libraries\ioLibrary_Driver\Internet\DHCP\dhcp.o
LOAD Libraries\ioLibrary_Driver\Internet\DNS\dns.o
LOAD Libraries\ioLibrary_Driver\Internet\FTPClient\ftpc.o
LOAD Libraries\ioLibrary_Driver\Internet\FTPServer\ftpd.o
LOAD Libraries\ioLibrary_Driver\Internet\SNTP\sntp.o
LOAD Libraries\ioLibrary_Driver\Internet\TFTP\netutil.o
LOAD Libraries\ioLibrary_Driver\Internet\TFTP\tftp.o
LOAD Libraries\ioLibrary_Driver\Internet\httpServer\httpParser.o
LOAD Libraries\ioLibrary_Driver\Internet\httpServer\httpServer.o
LOAD Libraries\ioLibrary_Driver\Internet\httpServer\httpUtil.o
LOAD Libraries\syscalls\syscalls.o
LOAD src\HALInit.o
LOAD src\W5100SRelFunctions.o
LOAD src\main.o
LOAD src\msgq.o
LOAD src\serialCommand.o
LOAD src\startup_stm32f10x_hd.o
LOAD src\system_stm32f10x.o
                0x00000080                malloc_getpagesize_P = 0x80
START GROUP
LOAD c:/program files (x86)/atollic/truestudio for stm32 9.0.0/armtools/bin/../lib/gcc/arm-atollic-eabi/6.3.1/../../../../arm-atollic-eabi/lib/armv7-m\libc.a
LOAD c:/program files (x86)/atollic/truestudio for stm32 9.0.0/armtools/bin/../lib/gcc/arm-atollic-eabi/6.3.1/../../../../arm-atollic-eabi/lib/armv7-m\libm.a
END GROUP
START GROUP
LOAD c:/program files (x86)/atollic/truestudio for stm32 9.0.0/armtools/bin/../lib/gcc/arm-atollic-eabi/6.3.1/armv7-m\libgcc.a
LOAD c:/program files (x86)/atollic/truestudio for stm32 9.0.0/armtools/bin/../lib/gcc/arm-atollic-eabi/6.3.1/../../../../arm-atollic-eabi/lib/armv7-m\libc.a
END GROUP
START GROUP
LOAD c:/program files (x86)/atollic/truestudio for stm32 9.0.0/armtools/bin/../lib/gcc/arm-atollic-eabi/6.3.1/armv7-m\libgcc.a
LOAD c:/program files (x86)/atollic/truestudio for stm32 9.0.0/armtools/bin/../lib/gcc/arm-atollic-eabi/6.3.1/../../../../arm-atollic-eabi/lib/armv7-m\libc.a
LOAD c:/program files (x86)/atollic/truestudio for stm32 9.0.0/armtools/bin/../lib/gcc/arm-atollic-eabi/6.3.1/../../../../arm-atollic-eabi/lib/armv7-m\libnosys.a
END GROUP
LOAD c:/program files (x86)/atollic/truestudio for stm32 9.0.0/armtools/bin/../lib/gcc/arm-atollic-eabi/6.3.1/armv7-m/crtend.o
LOAD c:/program files (x86)/atollic/truestudio for stm32 9.0.0/armtools/bin/../lib/gcc/arm-atollic-eabi/6.3.1/armv7-m/crtn.o
                0x2000c000                _estack = 0x2000c000
                0x00000000                _Min_Heap_Size = 0x0
                0x00000200                _Min_Stack_Size = 0x200

.isr_vector     0x08000000      0x1e4
                0x08000000                . = ALIGN (0x4)
 *(.isr_vector)
 .isr_vector    0x08000000      0x1e4 src\startup_stm32f10x_hd.o
                0x08000000                g_pfnVectors
                0x080001e4                . = ALIGN (0x4)

.text           0x080001e8     0x7544
                0x080001e8                . = ALIGN (0x4)
 *(.text)
 .text          0x080001e8       0x40 c:/program files (x86)/atollic/truestudio for stm32 9.0.0/armtools/bin/../lib/gcc/arm-atollic-eabi/6.3.1/armv7-m/crtbegin.o
 .text          0x08000228       0x10 c:/program files (x86)/atollic/truestudio for stm32 9.0.0/armtools/bin/../lib/gcc/arm-atollic-eabi/6.3.1/../../../../arm-atollic-eabi/lib/armv7-m\libc.a(lib_a-strlen.o)
                0x08000228                strlen
 .text          0x08000238      0x370 c:/program files (x86)/atollic/truestudio for stm32 9.0.0/armtools/bin/../lib/gcc/arm-atollic-eabi/6.3.1/armv7-m\libgcc.a(_arm_addsubdf3.o)
                0x08000238                __aeabi_drsub
                0x08000240                __aeabi_dsub
                0x08000240                __subdf3
                0x08000244                __aeabi_dadd
                0x08000244                __adddf3
                0x080004bc                __floatunsidf
                0x080004bc                __aeabi_ui2d
                0x080004dc                __floatsidf
                0x080004dc                __aeabi_i2d
                0x08000500                __aeabi_f2d
                0x08000500                __extendsfdf2
                0x0800053c                __floatundidf
                0x0800053c                __aeabi_ul2d
                0x0800054c                __floatdidf
                0x0800054c                __aeabi_l2d
 .text          0x080005a8      0x424 c:/program files (x86)/atollic/truestudio for stm32 9.0.0/armtools/bin/../lib/gcc/arm-atollic-eabi/6.3.1/armv7-m\libgcc.a(_arm_muldivdf3.o)
                0x080005a8                __aeabi_dmul
                0x080005a8                __muldf3
                0x080007fc                __divdf3
                0x080007fc                __aeabi_ddiv
 .text          0x080009cc      0x110 c:/program files (x86)/atollic/truestudio for stm32 9.0.0/armtools/bin/../lib/gcc/arm-atollic-eabi/6.3.1/armv7-m\libgcc.a(_arm_cmpdf2.o)
                0x080009cc                __gtdf2
                0x080009cc                __gedf2
                0x080009d4                __ltdf2
                0x080009d4                __ledf2
                0x080009dc                __nedf2
                0x080009dc                __eqdf2
                0x080009dc                __cmpdf2
                0x08000a58                __aeabi_cdrcmple
                0x08000a68                __aeabi_cdcmpeq
                0x08000a68                __aeabi_cdcmple
                0x08000a78                __aeabi_dcmpeq
                0x08000a8c                __aeabi_dcmplt
                0x08000aa0                __aeabi_dcmple
                0x08000ab4                __aeabi_dcmpge
                0x08000ac8                __aeabi_dcmpgt
 .text          0x08000adc       0x2c c:/program files (x86)/atollic/truestudio for stm32 9.0.0/armtools/bin/../lib/gcc/arm-atollic-eabi/6.3.1/armv7-m\libgcc.a(_arm_unorddf2.o)
                0x08000adc                __unorddf2
                0x08000adc                __aeabi_dcmpun
 .text          0x08000b08       0x50 c:/program files (x86)/atollic/truestudio for stm32 9.0.0/armtools/bin/../lib/gcc/arm-atollic-eabi/6.3.1/armv7-m\libgcc.a(_arm_fixdfsi.o)
                0x08000b08                __aeabi_d2iz
                0x08000b08                __fixdfsi
 .text          0x08000b58       0x30 c:/program files (x86)/atollic/truestudio for stm32 9.0.0/armtools/bin/../lib/gcc/arm-atollic-eabi/6.3.1/armv7-m\libgcc.a(_aeabi_uldivmod.o)
                0x08000b58                __aeabi_uldivmod
 .text          0x08000b88      0x2dc c:/program files (x86)/atollic/truestudio for stm32 9.0.0/armtools/bin/../lib/gcc/arm-atollic-eabi/6.3.1/armv7-m\libgcc.a(_udivmoddi4.o)
                0x08000b88                __udivmoddi4
 .text          0x08000e64        0x4 c:/program files (x86)/atollic/truestudio for stm32 9.0.0/armtools/bin/../lib/gcc/arm-atollic-eabi/6.3.1/armv7-m\libgcc.a(_dvmd_tls.o)
                0x08000e64                __aeabi_idiv0
                0x08000e64                __aeabi_ldiv0
 *(.text*)
 .text.NVIC_Init
                0x08000e68       0xc4 Libraries\STM32F10x_StdPeriph_Driver\src\misc.o
                0x08000e68                NVIC_Init
 .text.GPIO_Init
                0x08000f2c      0x178 Libraries\STM32F10x_StdPeriph_Driver\src\stm32f10x_gpio.o
                0x08000f2c                GPIO_Init
 .text.GPIO_SetBits
                0x080010a4       0x1c Libraries\STM32F10x_StdPeriph_Driver\src\stm32f10x_gpio.o
                0x080010a4                GPIO_SetBits
 .text.GPIO_ResetBits
                0x080010c0       0x1c Libraries\STM32F10x_StdPeriph_Driver\src\stm32f10x_gpio.o
                0x080010c0                GPIO_ResetBits
 .text.RCC_GetClocksFreq
                0x080010dc      0x168 Libraries\STM32F10x_StdPeriph_Driver\src\stm32f10x_rcc.o
                0x080010dc                RCC_GetClocksFreq
 .text.RCC_APB2PeriphClockCmd
                0x08001244       0x3c Libraries\STM32F10x_StdPeriph_Driver\src\stm32f10x_rcc.o
                0x08001244                RCC_APB2PeriphClockCmd
 .text.RCC_APB1PeriphClockCmd
                0x08001280       0x3c Libraries\STM32F10x_StdPeriph_Driver\src\stm32f10x_rcc.o
                0x08001280                RCC_APB1PeriphClockCmd
 .text.SPI_Init
                0x080012bc       0x86 Libraries\STM32F10x_StdPeriph_Driver\src\stm32f10x_spi.o
                0x080012bc                SPI_Init
 .text.SPI_Cmd  0x08001342       0x3e Libraries\STM32F10x_StdPeriph_Driver\src\stm32f10x_spi.o
                0x08001342                SPI_Cmd
 .text.SPI_I2S_SendData
                0x08001380       0x1c Libraries\STM32F10x_StdPeriph_Driver\src\stm32f10x_spi.o
                0x08001380                SPI_I2S_SendData
 .text.SPI_I2S_ReceiveData
                0x0800139c       0x18 Libraries\STM32F10x_StdPeriph_Driver\src\stm32f10x_spi.o
                0x0800139c                SPI_I2S_ReceiveData
 .text.SPI_I2S_GetFlagStatus
                0x080013b4       0x36 Libraries\STM32F10x_StdPeriph_Driver\src\stm32f10x_spi.o
                0x080013b4                SPI_I2S_GetFlagStatus
 *fill*         0x080013ea        0x2 
 .text.TIM_TimeBaseInit
                0x080013ec       0xf8 Libraries\STM32F10x_StdPeriph_Driver\src\stm32f10x_tim.o
                0x080013ec                TIM_TimeBaseInit
 .text.TIM_Cmd  0x080014e4       0x3e Libraries\STM32F10x_StdPeriph_Driver\src\stm32f10x_tim.o
                0x080014e4                TIM_Cmd
 .text.TIM_ITConfig
                0x08001522       0x46 Libraries\STM32F10x_StdPeriph_Driver\src\stm32f10x_tim.o
                0x08001522                TIM_ITConfig
 .text.TIM_SetAutoreload
                0x08001568       0x1c Libraries\STM32F10x_StdPeriph_Driver\src\stm32f10x_tim.o
                0x08001568                TIM_SetAutoreload
 .text.TIM_ClearITPendingBit
                0x08001584       0x20 Libraries\STM32F10x_StdPeriph_Driver\src\stm32f10x_tim.o
                0x08001584                TIM_ClearITPendingBit
 .text.USART_Init
                0x080015a4      0x174 Libraries\STM32F10x_StdPeriph_Driver\src\stm32f10x_usart.o
                0x080015a4                USART_Init
 .text.USART_Cmd
                0x08001718       0x3e Libraries\STM32F10x_StdPeriph_Driver\src\stm32f10x_usart.o
                0x08001718                USART_Cmd
 .text.USART_ITConfig
                0x08001756       0x8e Libraries\STM32F10x_StdPeriph_Driver\src\stm32f10x_usart.o
                0x08001756                USART_ITConfig
 .text.USART_SendData
                0x080017e4       0x22 Libraries\STM32F10x_StdPeriph_Driver\src\stm32f10x_usart.o
                0x080017e4                USART_SendData
 .text.USART_ReceiveData
                0x08001806       0x1e Libraries\STM32F10x_StdPeriph_Driver\src\stm32f10x_usart.o
                0x08001806                USART_ReceiveData
 .text.USART_GetFlagStatus
                0x08001824       0x36 Libraries\STM32F10x_StdPeriph_Driver\src\stm32f10x_usart.o
                0x08001824                USART_GetFlagStatus
 .text.USART_ClearFlag
                0x0800185a       0x20 Libraries\STM32F10x_StdPeriph_Driver\src\stm32f10x_usart.o
                0x0800185a                USART_ClearFlag
 *fill*         0x0800187a        0x2 
 .text.loopback_tcps
                0x0800187c      0x23c Libraries\ioLibrary_Driver\Application\loopback\loopback.o
                0x0800187c                loopback_tcps
 .text.register_read
                0x08001ab8       0x90 Libraries\ioLibrary_Driver\Application\loopback\loopback.o
                0x08001ab8                register_read
 .text.WIZCHIP_WRITE
                0x08001b48       0x5c Libraries\ioLibrary_Driver\Ethernet\W5100S\w5100s.o
                0x08001b48                WIZCHIP_WRITE
 .text.WIZCHIP_READ
                0x08001ba4       0x5c Libraries\ioLibrary_Driver\Ethernet\W5100S\w5100s.o
                0x08001ba4                WIZCHIP_READ
 .text.WIZCHIP_WRITE_BUF
                0x08001c00       0x90 Libraries\ioLibrary_Driver\Ethernet\W5100S\w5100s.o
                0x08001c00                WIZCHIP_WRITE_BUF
 .text.WIZCHIP_READ_BUF
                0x08001c90       0x90 Libraries\ioLibrary_Driver\Ethernet\W5100S\w5100s.o
                0x08001c90                WIZCHIP_READ_BUF
 .text.getSn_TX_FSR
                0x08001d20       0x86 Libraries\ioLibrary_Driver\Ethernet\W5100S\w5100s.o
                0x08001d20                getSn_TX_FSR
 .text.getSn_RX_RSR
                0x08001da6       0x86 Libraries\ioLibrary_Driver\Ethernet\W5100S\w5100s.o
                0x08001da6                getSn_RX_RSR
 .text.getSn_RxBASE
                0x08001e2c       0x52 Libraries\ioLibrary_Driver\Ethernet\W5100S\w5100s.o
                0x08001e2c                getSn_RxBASE
 .text.getSn_TxBASE
                0x08001e7e       0x52 Libraries\ioLibrary_Driver\Ethernet\W5100S\w5100s.o
                0x08001e7e                getSn_TxBASE
 .text.wiz_send_data
                0x08001ed0      0x12e Libraries\ioLibrary_Driver\Ethernet\W5100S\w5100s.o
                0x08001ed0                wiz_send_data
 .text.wiz_recv_data
                0x08001ffe      0x128 Libraries\ioLibrary_Driver\Ethernet\W5100S\w5100s.o
                0x08001ffe                wiz_recv_data
 .text.wiz_mdio_write
                0x08002126       0x54 Libraries\ioLibrary_Driver\Ethernet\W5100S\w5100s.o
                0x08002126                wiz_mdio_write
 .text.wiz_mdio_read
                0x0800217a       0x4e Libraries\ioLibrary_Driver\Ethernet\W5100S\w5100s.o
                0x0800217a                wiz_mdio_read
 .text.socket   0x080021c8      0x208 Libraries\ioLibrary_Driver\Ethernet\socket.o
                0x080021c8                socket
 .text.close    0x080023d0       0xcc Libraries\ioLibrary_Driver\Ethernet\socket.o
                0x080023d0                close
 .text.listen   0x0800249c       0xa0 Libraries\ioLibrary_Driver\Ethernet\socket.o
                0x0800249c                listen
 .text.disconnect
                0x0800253c       0xdc Libraries\ioLibrary_Driver\Ethernet\socket.o
                0x0800253c                disconnect
 .text.send     0x08002618      0x1d0 Libraries\ioLibrary_Driver\Ethernet\socket.o
                0x08002618                send
 .text.recv     0x080027e8      0x154 Libraries\ioLibrary_Driver\Ethernet\socket.o
                0x080027e8                recv
 .text.wizchip_cris_enter
                0x0800293c        0xc Libraries\ioLibrary_Driver\Ethernet\wizchip_conf.o
                0x0800293c                wizchip_cris_enter
 .text.wizchip_cris_exit
                0x08002948        0xc Libraries\ioLibrary_Driver\Ethernet\wizchip_conf.o
                0x08002948                wizchip_cris_exit
 .text.wizchip_cs_select
                0x08002954        0xc Libraries\ioLibrary_Driver\Ethernet\wizchip_conf.o
                0x08002954                wizchip_cs_select
 .text.wizchip_cs_deselect
                0x08002960        0xc Libraries\ioLibrary_Driver\Ethernet\wizchip_conf.o
                0x08002960                wizchip_cs_deselect
 .text.wizchip_bus_readdata
                0x0800296c       0x18 Libraries\ioLibrary_Driver\Ethernet\wizchip_conf.o
                0x0800296c                wizchip_bus_readdata
 .text.wizchip_bus_writedata
                0x08002984       0x1c Libraries\ioLibrary_Driver\Ethernet\wizchip_conf.o
                0x08002984                wizchip_bus_writedata
 .text.wizchip_spi_readbyte
                0x080029a0        0xe Libraries\ioLibrary_Driver\Ethernet\wizchip_conf.o
                0x080029a0                wizchip_spi_readbyte
 .text.wizchip_spi_writebyte
                0x080029ae       0x14 Libraries\ioLibrary_Driver\Ethernet\wizchip_conf.o
                0x080029ae                wizchip_spi_writebyte
 *fill*         0x080029c2        0x2 
 .text.reg_wizchip_cs_cbfunc
                0x080029c4       0x48 Libraries\ioLibrary_Driver\Ethernet\wizchip_conf.o
                0x080029c4                reg_wizchip_cs_cbfunc
 .text.reg_wizchip_spi_cbfunc
                0x08002a0c       0x54 Libraries\ioLibrary_Driver\Ethernet\wizchip_conf.o
                0x08002a0c                reg_wizchip_spi_cbfunc
 .text.ctlwizchip
                0x08002a60      0x170 Libraries\ioLibrary_Driver\Ethernet\wizchip_conf.o
                0x08002a60                ctlwizchip
 .text.wizchip_sw_reset
                0x08002bd0       0x88 Libraries\ioLibrary_Driver\Ethernet\wizchip_conf.o
                0x08002bd0                wizchip_sw_reset
 .text.wizchip_init
                0x08002c58      0x158 Libraries\ioLibrary_Driver\Ethernet\wizchip_conf.o
                0x08002c58                wizchip_init
 .text.wizchip_clrinterrupt
                0x08002db0       0x46 Libraries\ioLibrary_Driver\Ethernet\wizchip_conf.o
                0x08002db0                wizchip_clrinterrupt
 .text.wizchip_getinterrupt
                0x08002df6       0x4c Libraries\ioLibrary_Driver\Ethernet\wizchip_conf.o
                0x08002df6                wizchip_getinterrupt
 .text.wizchip_setinterruptmask
                0x08002e42       0x40 Libraries\ioLibrary_Driver\Ethernet\wizchip_conf.o
                0x08002e42                wizchip_setinterruptmask
 .text.wizchip_getinterruptmask
                0x08002e82       0x48 Libraries\ioLibrary_Driver\Ethernet\wizchip_conf.o
                0x08002e82                wizchip_getinterruptmask
 .text.wizphy_getphylink
                0x08002eca       0x2a Libraries\ioLibrary_Driver\Ethernet\wizchip_conf.o
                0x08002eca                wizphy_getphylink
 .text.wizphy_getphypmode
                0x08002ef4       0x1c Libraries\ioLibrary_Driver\Ethernet\wizchip_conf.o
                0x08002ef4                wizphy_getphypmode
 .text.wizphy_reset
                0x08002f10       0x3e Libraries\ioLibrary_Driver\Ethernet\wizchip_conf.o
                0x08002f10                wizphy_reset
 .text.wizphy_setphyconf
                0x08002f4e       0x72 Libraries\ioLibrary_Driver\Ethernet\wizchip_conf.o
                0x08002f4e                wizphy_setphyconf
 .text.wizphy_getphyconf
                0x08002fc0       0x6c Libraries\ioLibrary_Driver\Ethernet\wizchip_conf.o
                0x08002fc0                wizphy_getphyconf
 .text.wizphy_setphypmode
                0x0800302c       0x72 Libraries\ioLibrary_Driver\Ethernet\wizchip_conf.o
                0x0800302c                wizphy_setphypmode
 *fill*         0x0800309e        0x2 
 .text.wizchip_setnetinfo
                0x080030a0       0x78 Libraries\ioLibrary_Driver\Ethernet\wizchip_conf.o
                0x080030a0                wizchip_setnetinfo
 .text.wizchip_getnetinfo
                0x08003118       0x78 Libraries\ioLibrary_Driver\Ethernet\wizchip_conf.o
                0x08003118                wizchip_getnetinfo
 .text._sbrk    0x08003190       0x3c Libraries\syscalls\syscalls.o
                0x08003190                _sbrk
 .text._close   0x080031cc       0x16 Libraries\syscalls\syscalls.o
                0x080031cc                _close
 .text._fstat   0x080031e2       0x1e Libraries\syscalls\syscalls.o
                0x080031e2                _fstat
 .text._isatty  0x08003200       0x14 Libraries\syscalls\syscalls.o
                0x08003200                _isatty
 .text._lseek   0x08003214       0x18 Libraries\syscalls\syscalls.o
                0x08003214                _lseek
 .text.HardFault_Handler
                0x0800322c       0x10 src\HALInit.o
                0x0800322c                HardFault_Handler
 .text.MemManage_Handler
                0x0800323c       0x10 src\HALInit.o
                0x0800323c                MemManage_Handler
 .text.NMI_Handler
                0x0800324c       0x10 src\HALInit.o
                0x0800324c                NMI_Handler
 .text.BusFault_Handler
                0x0800325c       0x10 src\HALInit.o
                0x0800325c                BusFault_Handler
 .text.UsageFault_Handler
                0x0800326c       0x10 src\HALInit.o
                0x0800326c                UsageFault_Handler
 .text.timerInitialize
                0x0800327c       0x74 src\HALInit.o
                0x0800327c                timerInitialize
 .text.TIM2_IRQHandler
                0x080032f0       0x20 src\HALInit.o
                0x080032f0                TIM2_IRQHandler
 .text.TIM2_gettimer
                0x08003310       0x14 src\HALInit.o
                0x08003310                TIM2_gettimer
 .text.gpioInitialize
                0x08003324       0xb8 src\HALInit.o
                0x08003324                gpioInitialize
 .text.usartInitialize
                0x080033dc       0x7c src\HALInit.o
                0x080033dc                usartInitialize
 .text.spiInitailize
                0x08003458       0x58 src\HALInit.o
                0x08003458                spiInitailize
 .text.W5100SInitialze
                0x080034b0       0x5c src\W5100SRelFunctions.o
                0x080034b0                W5100SInitialze
 .text.spiReadByte
                0x0800350c       0x40 src\W5100SRelFunctions.o
                0x0800350c                spiReadByte
 .text.spiWriteByte
                0x0800354c       0x48 src\W5100SRelFunctions.o
                0x0800354c                spiWriteByte
 .text.csEnable
                0x08003594       0x14 src\W5100SRelFunctions.o
                0x08003594                csEnable
 .text.csDisable
                0x080035a8       0x14 src\W5100SRelFunctions.o
                0x080035a8                csDisable
 .text.resetAssert
                0x080035bc       0x18 src\W5100SRelFunctions.o
                0x080035bc                resetAssert
 .text.resetDeassert
                0x080035d4       0x18 src\W5100SRelFunctions.o
                0x080035d4                resetDeassert
 .text.main     0x080035ec       0x88 src\main.o
                0x080035ec                main
 .text.delay    0x08003674       0x2a src\main.o
                0x08003674                delay
 *fill*         0x0800369e        0x2 
 .text.print_network_information
                0x080036a0       0xe0 src\main.o
                0x080036a0                print_network_information
 .text.queue_put
                0x08003780       0x74 src\msgq.o
                0x08003780                queue_put
 .text.queue_get
                0x080037f4       0x64 src\msgq.o
                0x080037f4                queue_get
 .text.queue_isEmpty
                0x08003858       0x24 src\msgq.o
                0x08003858                queue_isEmpty
 .text.USART1_IRQHandler
                0x0800387c       0x34 src\serialCommand.o
                0x0800387c                USART1_IRQHandler
 .text._read    0x080038b0       0x5c src\serialCommand.o
                0x080038b0                _read
 .text._write   0x0800390c       0x74 src\serialCommand.o
                0x0800390c                _write
 .text.Reset_Handler
                0x08003980       0x50 src\startup_stm32f10x_hd.o
                0x08003980                Reset_Handler
 .text.Default_Handler
                0x080039d0        0x2 src\startup_stm32f10x_hd.o
                0x080039d0                EXTI2_IRQHandler
                0x080039d0                TIM8_TRG_COM_IRQHandler
                0x080039d0                TIM8_CC_IRQHandler
                0x080039d0                DebugMon_Handler
                0x080039d0                TIM1_CC_IRQHandler
                0x080039d0                TIM6_IRQHandler
                0x080039d0                SysTick_Handler
                0x080039d0                PVD_IRQHandler
                0x080039d0                SDIO_IRQHandler
                0x080039d0                PendSV_Handler
                0x080039d0                EXTI3_IRQHandler
                0x080039d0                EXTI0_IRQHandler
                0x080039d0                I2C2_EV_IRQHandler
                0x080039d0                ADC1_2_IRQHandler
                0x080039d0                SPI1_IRQHandler
                0x080039d0                TAMPER_IRQHandler
                0x080039d0                TIM8_UP_IRQHandler
                0x080039d0                DMA2_Channel2_IRQHandler
                0x080039d0                DMA1_Channel4_IRQHandler
                0x080039d0                USART3_IRQHandler
                0x080039d0                RTC_IRQHandler
                0x080039d0                DMA1_Channel7_IRQHandler
                0x080039d0                CAN1_RX1_IRQHandler
                0x080039d0                UART5_IRQHandler
                0x080039d0                ADC3_IRQHandler
                0x080039d0                TIM4_IRQHandler
                0x080039d0                DMA2_Channel1_IRQHandler
                0x080039d0                I2C1_EV_IRQHandler
                0x080039d0                DMA1_Channel6_IRQHandler
                0x080039d0                UART4_IRQHandler
                0x080039d0                TIM3_IRQHandler
                0x080039d0                RCC_IRQHandler
                0x080039d0                TIM1_TRG_COM_IRQHandler
                0x080039d0                DMA1_Channel1_IRQHandler
                0x080039d0                Default_Handler
                0x080039d0                EXTI15_10_IRQHandler
                0x080039d0                TIM7_IRQHandler
                0x080039d0                TIM5_IRQHandler
                0x080039d0                EXTI9_5_IRQHandler
                0x080039d0                SPI2_IRQHandler
                0x080039d0                SVC_Handler
                0x080039d0                DMA1_Channel5_IRQHandler
                0x080039d0                EXTI4_IRQHandler
                0x080039d0                USB_LP_CAN1_RX0_IRQHandler
                0x080039d0                USB_HP_CAN1_TX_IRQHandler
                0x080039d0                DMA1_Channel3_IRQHandler
                0x080039d0                FSMC_IRQHandler
                0x080039d0                TIM1_UP_IRQHandler
                0x080039d0                WWDG_IRQHandler
                0x080039d0                TIM1_BRK_IRQHandler
                0x080039d0                EXTI1_IRQHandler
                0x080039d0                RTCAlarm_IRQHandler
                0x080039d0                DMA2_Channel4_5_IRQHandler
                0x080039d0                USART2_IRQHandler
                0x080039d0                I2C2_ER_IRQHandler
                0x080039d0                DMA1_Channel2_IRQHandler
                0x080039d0                TIM8_BRK_IRQHandler
                0x080039d0                CAN1_SCE_IRQHandler
                0x080039d0                FLASH_IRQHandler
                0x080039d0                SPI3_IRQHandler
                0x080039d0                I2C1_ER_IRQHandler
                0x080039d0                USBWakeUp_IRQHandler
                0x080039d0                DMA2_Channel3_IRQHandler
 *fill*         0x080039d2        0x2 
 .text.SystemInit
                0x080039d4       0x68 src\system_stm32f10x.o
                0x080039d4                SystemInit
 .text.SetSysClock
                0x08003a3c        0xc src\system_stm32f10x.o
 .text.SetSysClockTo72
                0x08003a48      0x100 src\system_stm32f10x.o
 .text.__libc_init_array
                0x08003b48       0x48 c:/program files (x86)/atollic/truestudio for stm32 9.0.0/armtools/bin/../lib/gcc/arm-atollic-eabi/6.3.1/../../../../arm-atollic-eabi/lib/armv7-m\libc.a(lib_a-init.o)
                0x08003b48                __libc_init_array
 .text.__locale_mb_cur_max
                0x08003b90       0x1c c:/program files (x86)/atollic/truestudio for stm32 9.0.0/armtools/bin/../lib/gcc/arm-atollic-eabi/6.3.1/../../../../arm-atollic-eabi/lib/armv7-m\libc.a(lib_a-locale.o)
                0x08003b90                __locale_mb_cur_max
 .text.malloc   0x08003bac       0x10 c:/program files (x86)/atollic/truestudio for stm32 9.0.0/armtools/bin/../lib/gcc/arm-atollic-eabi/6.3.1/../../../../arm-atollic-eabi/lib/armv7-m\libc.a(lib_a-malloc.o)
                0x08003bac                malloc
 .text._malloc_r
                0x08003bbc      0x418 c:/program files (x86)/atollic/truestudio for stm32 9.0.0/armtools/bin/../lib/gcc/arm-atollic-eabi/6.3.1/../../../../arm-atollic-eabi/lib/armv7-m\libc.a(lib_a-mallocr.o)
                0x08003bbc                _malloc_r
 .text.__ascii_mbtowc
                0x08003fd4       0x24 c:/program files (x86)/atollic/truestudio for stm32 9.0.0/armtools/bin/../lib/gcc/arm-atollic-eabi/6.3.1/../../../../arm-atollic-eabi/lib/armv7-m\libc.a(lib_a-mbtowc_r.o)
                0x08003fd4                __ascii_mbtowc
 .text.memcpy   0x08003ff8       0x16 c:/program files (x86)/atollic/truestudio for stm32 9.0.0/armtools/bin/../lib/gcc/arm-atollic-eabi/6.3.1/../../../../arm-atollic-eabi/lib/armv7-m\libc.a(lib_a-memcpy-stub.o)
                0x08003ff8                memcpy
 .text.memset   0x0800400e       0x10 c:/program files (x86)/atollic/truestudio for stm32 9.0.0/armtools/bin/../lib/gcc/arm-atollic-eabi/6.3.1/../../../../arm-atollic-eabi/lib/armv7-m\libc.a(lib_a-memset.o)
                0x0800400e                memset
 *fill*         0x0800401e        0x2 
 .text.__malloc_lock
                0x08004020        0xc c:/program files (x86)/atollic/truestudio for stm32 9.0.0/armtools/bin/../lib/gcc/arm-atollic-eabi/6.3.1/../../../../arm-atollic-eabi/lib/armv7-m\libc.a(lib_a-mlock.o)
                0x08004020                __malloc_lock
 .text.__malloc_unlock
                0x0800402c        0xc c:/program files (x86)/atollic/truestudio for stm32 9.0.0/armtools/bin/../lib/gcc/arm-atollic-eabi/6.3.1/../../../../arm-atollic-eabi/lib/armv7-m\libc.a(lib_a-mlock.o)
                0x0800402c                __malloc_unlock
 .text.printf   0x08004038       0x30 c:/program files (x86)/atollic/truestudio for stm32 9.0.0/armtools/bin/../lib/gcc/arm-atollic-eabi/6.3.1/../../../../arm-atollic-eabi/lib/armv7-m\libc.a(lib_a-printf.o)
                0x08004038                printf
 .text._puts_r  0x08004068       0xc0 c:/program files (x86)/atollic/truestudio for stm32 9.0.0/armtools/bin/../lib/gcc/arm-atollic-eabi/6.3.1/../../../../arm-atollic-eabi/lib/armv7-m\libc.a(lib_a-puts.o)
                0x08004068                _puts_r
 .text.puts     0x08004128       0x10 c:/program files (x86)/atollic/truestudio for stm32 9.0.0/armtools/bin/../lib/gcc/arm-atollic-eabi/6.3.1/../../../../arm-atollic-eabi/lib/armv7-m\libc.a(lib_a-puts.o)
                0x08004128                puts
 .text._sbrk_r  0x08004138       0x20 c:/program files (x86)/atollic/truestudio for stm32 9.0.0/armtools/bin/../lib/gcc/arm-atollic-eabi/6.3.1/../../../../arm-atollic-eabi/lib/armv7-m\libc.a(lib_a-sbrkr.o)
                0x08004138                _sbrk_r
 .text._vfprintf_r
                0x08004158     0x106c c:/program files (x86)/atollic/truestudio for stm32 9.0.0/armtools/bin/../lib/gcc/arm-atollic-eabi/6.3.1/../../../../arm-atollic-eabi/lib/armv7-m\libc.a(lib_a-vfprintf.o)
                0x08004158                _vfprintf_r
 .text.__sbprintf
                0x080051c4       0x80 c:/program files (x86)/atollic/truestudio for stm32 9.0.0/armtools/bin/../lib/gcc/arm-atollic-eabi/6.3.1/../../../../arm-atollic-eabi/lib/armv7-m\libc.a(lib_a-vfprintf.o)
 .text.__ascii_wctomb
                0x08005244       0x1a c:/program files (x86)/atollic/truestudio for stm32 9.0.0/armtools/bin/../lib/gcc/arm-atollic-eabi/6.3.1/../../../../arm-atollic-eabi/lib/armv7-m\libc.a(lib_a-wctomb_r.o)
                0x08005244                __ascii_wctomb
 *fill*         0x0800525e        0x2 
 .text.__swsetup_r
                0x08005260       0xdc c:/program files (x86)/atollic/truestudio for stm32 9.0.0/armtools/bin/../lib/gcc/arm-atollic-eabi/6.3.1/../../../../arm-atollic-eabi/lib/armv7-m\libc.a(lib_a-wsetup.o)
                0x08005260                __swsetup_r
 .text.quorem   0x0800533c      0x118 c:/program files (x86)/atollic/truestudio for stm32 9.0.0/armtools/bin/../lib/gcc/arm-atollic-eabi/6.3.1/../../../../arm-atollic-eabi/lib/armv7-m\libc.a(lib_a-dtoa.o)
 *fill*         0x08005454        0x4 
 .text._dtoa_r  0x08005458      0xba8 c:/program files (x86)/atollic/truestudio for stm32 9.0.0/armtools/bin/../lib/gcc/arm-atollic-eabi/6.3.1/../../../../arm-atollic-eabi/lib/armv7-m\libc.a(lib_a-dtoa.o)
                0x08005458                _dtoa_r
 .text.__sflush_r
                0x08006000      0x124 c:/program files (x86)/atollic/truestudio for stm32 9.0.0/armtools/bin/../lib/gcc/arm-atollic-eabi/6.3.1/../../../../arm-atollic-eabi/lib/armv7-m\libc.a(lib_a-fflush.o)
                0x08006000                __sflush_r
 .text._fflush_r
                0x08006124       0x78 c:/program files (x86)/atollic/truestudio for stm32 9.0.0/armtools/bin/../lib/gcc/arm-atollic-eabi/6.3.1/../../../../arm-atollic-eabi/lib/armv7-m\libc.a(lib_a-fflush.o)
                0x08006124                _fflush_r
 .text._cleanup_r
                0x0800619c        0xc c:/program files (x86)/atollic/truestudio for stm32 9.0.0/armtools/bin/../lib/gcc/arm-atollic-eabi/6.3.1/../../../../arm-atollic-eabi/lib/armv7-m\libc.a(lib_a-findfp.o)
                0x0800619c                _cleanup_r
 .text.std.isra.0
                0x080061a8       0x48 c:/program files (x86)/atollic/truestudio for stm32 9.0.0/armtools/bin/../lib/gcc/arm-atollic-eabi/6.3.1/../../../../arm-atollic-eabi/lib/armv7-m\libc.a(lib_a-findfp.o)
 .text.__sfmoreglue
                0x080061f0       0x2c c:/program files (x86)/atollic/truestudio for stm32 9.0.0/armtools/bin/../lib/gcc/arm-atollic-eabi/6.3.1/../../../../arm-atollic-eabi/lib/armv7-m\libc.a(lib_a-findfp.o)
                0x080061f0                __sfmoreglue
 .text.__sfp_lock_acquire
                0x0800621c        0xc c:/program files (x86)/atollic/truestudio for stm32 9.0.0/armtools/bin/../lib/gcc/arm-atollic-eabi/6.3.1/../../../../arm-atollic-eabi/lib/armv7-m\libc.a(lib_a-findfp.o)
                0x0800621c                __sfp_lock_acquire
 .text.__sfp_lock_release
                0x08006228        0xc c:/program files (x86)/atollic/truestudio for stm32 9.0.0/armtools/bin/../lib/gcc/arm-atollic-eabi/6.3.1/../../../../arm-atollic-eabi/lib/armv7-m\libc.a(lib_a-findfp.o)
                0x08006228                __sfp_lock_release
 .text.__sinit_lock_acquire
                0x08006234        0xc c:/program files (x86)/atollic/truestudio for stm32 9.0.0/armtools/bin/../lib/gcc/arm-atollic-eabi/6.3.1/../../../../arm-atollic-eabi/lib/armv7-m\libc.a(lib_a-findfp.o)
                0x08006234                __sinit_lock_acquire
 .text.__sinit_lock_release
                0x08006240        0xc c:/program files (x86)/atollic/truestudio for stm32 9.0.0/armtools/bin/../lib/gcc/arm-atollic-eabi/6.3.1/../../../../arm-atollic-eabi/lib/armv7-m\libc.a(lib_a-findfp.o)
                0x08006240                __sinit_lock_release
 .text.__sinit  0x0800624c       0x78 c:/program files (x86)/atollic/truestudio for stm32 9.0.0/armtools/bin/../lib/gcc/arm-atollic-eabi/6.3.1/../../../../arm-atollic-eabi/lib/armv7-m\libc.a(lib_a-findfp.o)
                0x0800624c                __sinit
 .text.__sfp    0x080062c4       0x8c c:/program files (x86)/atollic/truestudio for stm32 9.0.0/armtools/bin/../lib/gcc/arm-atollic-eabi/6.3.1/../../../../arm-atollic-eabi/lib/armv7-m\libc.a(lib_a-findfp.o)
                0x080062c4                __sfp
 .text._malloc_trim_r
                0x08006350       0xac c:/program files (x86)/atollic/truestudio for stm32 9.0.0/armtools/bin/../lib/gcc/arm-atollic-eabi/6.3.1/../../../../arm-atollic-eabi/lib/armv7-m\libc.a(lib_a-freer.o)
                0x08006350                _malloc_trim_r
 .text._free_r  0x080063fc      0x178 c:/program files (x86)/atollic/truestudio for stm32 9.0.0/armtools/bin/../lib/gcc/arm-atollic-eabi/6.3.1/../../../../arm-atollic-eabi/lib/armv7-m\libc.a(lib_a-freer.o)
                0x080063fc                _free_r
 .text.__sfvwrite_r
                0x08006574      0x29c c:/program files (x86)/atollic/truestudio for stm32 9.0.0/armtools/bin/../lib/gcc/arm-atollic-eabi/6.3.1/../../../../arm-atollic-eabi/lib/armv7-m\libc.a(lib_a-fvwrite.o)
                0x08006574                __sfvwrite_r
 .text._fwalk_reent
                0x08006810       0x3c c:/program files (x86)/atollic/truestudio for stm32 9.0.0/armtools/bin/../lib/gcc/arm-atollic-eabi/6.3.1/../../../../arm-atollic-eabi/lib/armv7-m\libc.a(lib_a-fwalk.o)
                0x08006810                _fwalk_reent
 .text._localeconv_r
                0x0800684c       0x1c c:/program files (x86)/atollic/truestudio for stm32 9.0.0/armtools/bin/../lib/gcc/arm-atollic-eabi/6.3.1/../../../../arm-atollic-eabi/lib/armv7-m\libc.a(lib_a-localeconv.o)
                0x0800684c                _localeconv_r
 .text.__retarget_lock_init_recursive
                0x08006868        0x2 c:/program files (x86)/atollic/truestudio for stm32 9.0.0/armtools/bin/../lib/gcc/arm-atollic-eabi/6.3.1/../../../../arm-atollic-eabi/lib/armv7-m\libc.a(lib_a-lock.o)
                0x08006868                __retarget_lock_init_recursive
 .text.__retarget_lock_close_recursive
                0x0800686a        0x2 c:/program files (x86)/atollic/truestudio for stm32 9.0.0/armtools/bin/../lib/gcc/arm-atollic-eabi/6.3.1/../../../../arm-atollic-eabi/lib/armv7-m\libc.a(lib_a-lock.o)
                0x0800686a                __retarget_lock_close_recursive
 .text.__retarget_lock_acquire_recursive
                0x0800686c        0x2 c:/program files (x86)/atollic/truestudio for stm32 9.0.0/armtools/bin/../lib/gcc/arm-atollic-eabi/6.3.1/../../../../arm-atollic-eabi/lib/armv7-m\libc.a(lib_a-lock.o)
                0x0800686c                __retarget_lock_acquire_recursive
 .text.__retarget_lock_release_recursive
                0x0800686e        0x2 c:/program files (x86)/atollic/truestudio for stm32 9.0.0/armtools/bin/../lib/gcc/arm-atollic-eabi/6.3.1/../../../../arm-atollic-eabi/lib/armv7-m\libc.a(lib_a-lock.o)
                0x0800686e                __retarget_lock_release_recursive
 .text.__swhatbuf_r
                0x08006870       0x56 c:/program files (x86)/atollic/truestudio for stm32 9.0.0/armtools/bin/../lib/gcc/arm-atollic-eabi/6.3.1/../../../../arm-atollic-eabi/lib/armv7-m\libc.a(lib_a-makebuf.o)
                0x08006870                __swhatbuf_r
 *fill*         0x080068c6        0x2 
 .text.__smakebuf_r
                0x080068c8       0x80 c:/program files (x86)/atollic/truestudio for stm32 9.0.0/armtools/bin/../lib/gcc/arm-atollic-eabi/6.3.1/../../../../arm-atollic-eabi/lib/armv7-m\libc.a(lib_a-makebuf.o)
                0x080068c8                __smakebuf_r
 .text.memchr   0x08006948       0x1c c:/program files (x86)/atollic/truestudio for stm32 9.0.0/armtools/bin/../lib/gcc/arm-atollic-eabi/6.3.1/../../../../arm-atollic-eabi/lib/armv7-m\libc.a(lib_a-memchr-stub.o)
                0x08006948                memchr
 .text.memmove  0x08006964       0x34 c:/program files (x86)/atollic/truestudio for stm32 9.0.0/armtools/bin/../lib/gcc/arm-atollic-eabi/6.3.1/../../../../arm-atollic-eabi/lib/armv7-m\libc.a(lib_a-memmove.o)
                0x08006964                memmove
 .text._Balloc  0x08006998       0x68 c:/program files (x86)/atollic/truestudio for stm32 9.0.0/armtools/bin/../lib/gcc/arm-atollic-eabi/6.3.1/../../../../arm-atollic-eabi/lib/armv7-m\libc.a(lib_a-mprec.o)
                0x08006998                _Balloc
 .text._Bfree   0x08006a00       0x2e c:/program files (x86)/atollic/truestudio for stm32 9.0.0/armtools/bin/../lib/gcc/arm-atollic-eabi/6.3.1/../../../../arm-atollic-eabi/lib/armv7-m\libc.a(lib_a-mprec.o)
                0x08006a00                _Bfree
 .text.__multadd
                0x08006a2e       0x76 c:/program files (x86)/atollic/truestudio for stm32 9.0.0/armtools/bin/../lib/gcc/arm-atollic-eabi/6.3.1/../../../../arm-atollic-eabi/lib/armv7-m\libc.a(lib_a-mprec.o)
                0x08006a2e                __multadd
 .text.__hi0bits
                0x08006aa4       0x3e c:/program files (x86)/atollic/truestudio for stm32 9.0.0/armtools/bin/../lib/gcc/arm-atollic-eabi/6.3.1/../../../../arm-atollic-eabi/lib/armv7-m\libc.a(lib_a-mprec.o)
                0x08006aa4                __hi0bits
 .text.__lo0bits
                0x08006ae2       0x5e c:/program files (x86)/atollic/truestudio for stm32 9.0.0/armtools/bin/../lib/gcc/arm-atollic-eabi/6.3.1/../../../../arm-atollic-eabi/lib/armv7-m\libc.a(lib_a-mprec.o)
                0x08006ae2                __lo0bits
 .text.__i2b    0x08006b40       0x12 c:/program files (x86)/atollic/truestudio for stm32 9.0.0/armtools/bin/../lib/gcc/arm-atollic-eabi/6.3.1/../../../../arm-atollic-eabi/lib/armv7-m\libc.a(lib_a-mprec.o)
                0x08006b40                __i2b
 .text.__multiply
                0x08006b52      0x118 c:/program files (x86)/atollic/truestudio for stm32 9.0.0/armtools/bin/../lib/gcc/arm-atollic-eabi/6.3.1/../../../../arm-atollic-eabi/lib/armv7-m\libc.a(lib_a-mprec.o)
                0x08006b52                __multiply
 *fill*         0x08006c6a        0x2 
 .text.__pow5mult
                0x08006c6c       0x9c c:/program files (x86)/atollic/truestudio for stm32 9.0.0/armtools/bin/../lib/gcc/arm-atollic-eabi/6.3.1/../../../../arm-atollic-eabi/lib/armv7-m\libc.a(lib_a-mprec.o)
                0x08006c6c                __pow5mult
 .text.__lshift
                0x08006d08       0xa2 c:/program files (x86)/atollic/truestudio for stm32 9.0.0/armtools/bin/../lib/gcc/arm-atollic-eabi/6.3.1/../../../../arm-atollic-eabi/lib/armv7-m\libc.a(lib_a-mprec.o)
                0x08006d08                __lshift
 .text.__mcmp   0x08006daa       0x34 c:/program files (x86)/atollic/truestudio for stm32 9.0.0/armtools/bin/../lib/gcc/arm-atollic-eabi/6.3.1/../../../../arm-atollic-eabi/lib/armv7-m\libc.a(lib_a-mprec.o)
                0x08006daa                __mcmp
 .text.__mdiff  0x08006dde       0xbe c:/program files (x86)/atollic/truestudio for stm32 9.0.0/armtools/bin/../lib/gcc/arm-atollic-eabi/6.3.1/../../../../arm-atollic-eabi/lib/armv7-m\libc.a(lib_a-mprec.o)
                0x08006dde                __mdiff
 .text.__d2b    0x08006e9c       0x9e c:/program files (x86)/atollic/truestudio for stm32 9.0.0/armtools/bin/../lib/gcc/arm-atollic-eabi/6.3.1/../../../../arm-atollic-eabi/lib/armv7-m\libc.a(lib_a-mprec.o)
                0x08006e9c                __d2b
 *fill*         0x08006f3a        0x2 
 .text._realloc_r
                0x08006f3c      0x304 c:/program files (x86)/atollic/truestudio for stm32 9.0.0/armtools/bin/../lib/gcc/arm-atollic-eabi/6.3.1/../../../../arm-atollic-eabi/lib/armv7-m\libc.a(lib_a-reallocr.o)
                0x08006f3c                _realloc_r
 .text.__sread  0x08007240       0x22 c:/program files (x86)/atollic/truestudio for stm32 9.0.0/armtools/bin/../lib/gcc/arm-atollic-eabi/6.3.1/../../../../arm-atollic-eabi/lib/armv7-m\libc.a(lib_a-stdio.o)
                0x08007240                __sread
 .text.__swrite
                0x08007262       0x38 c:/program files (x86)/atollic/truestudio for stm32 9.0.0/armtools/bin/../lib/gcc/arm-atollic-eabi/6.3.1/../../../../arm-atollic-eabi/lib/armv7-m\libc.a(lib_a-stdio.o)
                0x08007262                __swrite
 .text.__sseek  0x0800729a       0x24 c:/program files (x86)/atollic/truestudio for stm32 9.0.0/armtools/bin/../lib/gcc/arm-atollic-eabi/6.3.1/../../../../arm-atollic-eabi/lib/armv7-m\libc.a(lib_a-stdio.o)
                0x0800729a                __sseek
 .text.__sclose
                0x080072be        0x8 c:/program files (x86)/atollic/truestudio for stm32 9.0.0/armtools/bin/../lib/gcc/arm-atollic-eabi/6.3.1/../../../../arm-atollic-eabi/lib/armv7-m\libc.a(lib_a-stdio.o)
                0x080072be                __sclose
 .text.__sprint_r
                0x080072c6       0x6a c:/program files (x86)/atollic/truestudio for stm32 9.0.0/armtools/bin/../lib/gcc/arm-atollic-eabi/6.3.1/../../../../arm-atollic-eabi/lib/armv7-m\libc.a(lib_a-vfiprintf.o)
                0x080072c6                __sprint_r
 .text._write_r
                0x08007330       0x24 c:/program files (x86)/atollic/truestudio for stm32 9.0.0/armtools/bin/../lib/gcc/arm-atollic-eabi/6.3.1/../../../../arm-atollic-eabi/lib/armv7-m\libc.a(lib_a-writer.o)
                0x08007330                _write_r
 .text._calloc_r
                0x08007354       0x5a c:/program files (x86)/atollic/truestudio for stm32 9.0.0/armtools/bin/../lib/gcc/arm-atollic-eabi/6.3.1/../../../../arm-atollic-eabi/lib/armv7-m\libc.a(lib_a-callocr.o)
                0x08007354                _calloc_r
 *fill*         0x080073ae        0x2 
 .text._close_r
                0x080073b0       0x20 c:/program files (x86)/atollic/truestudio for stm32 9.0.0/armtools/bin/../lib/gcc/arm-atollic-eabi/6.3.1/../../../../arm-atollic-eabi/lib/armv7-m\libc.a(lib_a-closer.o)
                0x080073b0                _close_r
 .text._fclose_r
                0x080073d0       0xd8 c:/program files (x86)/atollic/truestudio for stm32 9.0.0/armtools/bin/../lib/gcc/arm-atollic-eabi/6.3.1/../../../../arm-atollic-eabi/lib/armv7-m\libc.a(lib_a-fclose.o)
                0x080073d0                _fclose_r
 .text.__fputwc
                0x080074a8       0x82 c:/program files (x86)/atollic/truestudio for stm32 9.0.0/armtools/bin/../lib/gcc/arm-atollic-eabi/6.3.1/../../../../arm-atollic-eabi/lib/armv7-m\libc.a(lib_a-fputwc.o)
                0x080074a8                __fputwc
 .text._fputwc_r
                0x0800752a       0x52 c:/program files (x86)/atollic/truestudio for stm32 9.0.0/armtools/bin/../lib/gcc/arm-atollic-eabi/6.3.1/../../../../arm-atollic-eabi/lib/armv7-m\libc.a(lib_a-fputwc.o)
                0x0800752a                _fputwc_r
 .text._fstat_r
                0x0800757c       0x24 c:/program files (x86)/atollic/truestudio for stm32 9.0.0/armtools/bin/../lib/gcc/arm-atollic-eabi/6.3.1/../../../../arm-atollic-eabi/lib/armv7-m\libc.a(lib_a-fstatr.o)
                0x0800757c                _fstat_r
 .text._isatty_r
                0x080075a0       0x20 c:/program files (x86)/atollic/truestudio for stm32 9.0.0/armtools/bin/../lib/gcc/arm-atollic-eabi/6.3.1/../../../../arm-atollic-eabi/lib/armv7-m\libc.a(lib_a-isattyr.o)
                0x080075a0                _isatty_r
 .text._lseek_r
                0x080075c0       0x24 c:/program files (x86)/atollic/truestudio for stm32 9.0.0/armtools/bin/../lib/gcc/arm-atollic-eabi/6.3.1/../../../../arm-atollic-eabi/lib/armv7-m\libc.a(lib_a-lseekr.o)
                0x080075c0                _lseek_r
 .text._read_r  0x080075e4       0x24 c:/program files (x86)/atollic/truestudio for stm32 9.0.0/armtools/bin/../lib/gcc/arm-atollic-eabi/6.3.1/../../../../arm-atollic-eabi/lib/armv7-m\libc.a(lib_a-readr.o)
                0x080075e4                _read_r
 .text.__swbuf_r
                0x08007608       0xbc c:/program files (x86)/atollic/truestudio for stm32 9.0.0/armtools/bin/../lib/gcc/arm-atollic-eabi/6.3.1/../../../../arm-atollic-eabi/lib/armv7-m\libc.a(lib_a-wbuf.o)
                0x08007608                __swbuf_r
 .text._wcrtomb_r
                0x080076c4       0x50 c:/program files (x86)/atollic/truestudio for stm32 9.0.0/armtools/bin/../lib/gcc/arm-atollic-eabi/6.3.1/../../../../arm-atollic-eabi/lib/armv7-m\libc.a(lib_a-wcrtomb.o)
                0x080076c4                _wcrtomb_r
 *(.glue_7)
 .glue_7        0x08007714        0x0 linker stubs
 *(.glue_7t)
 .glue_7t       0x08007714        0x0 linker stubs
 *(.eh_frame)
 .eh_frame      0x08007714        0x0 c:/program files (x86)/atollic/truestudio for stm32 9.0.0/armtools/bin/../lib/gcc/arm-atollic-eabi/6.3.1/armv7-m/crtbegin.o
 *(.init)
 .init          0x08007714        0x4 c:/program files (x86)/atollic/truestudio for stm32 9.0.0/armtools/bin/../lib/gcc/arm-atollic-eabi/6.3.1/armv7-m/crti.o
                0x08007714                _init
 .init          0x08007718        0x8 c:/program files (x86)/atollic/truestudio for stm32 9.0.0/armtools/bin/../lib/gcc/arm-atollic-eabi/6.3.1/armv7-m/crtn.o
 *(.fini)
 .fini          0x08007720        0x4 c:/program files (x86)/atollic/truestudio for stm32 9.0.0/armtools/bin/../lib/gcc/arm-atollic-eabi/6.3.1/armv7-m/crti.o
                0x08007720                _fini
 .fini          0x08007724        0x8 c:/program files (x86)/atollic/truestudio for stm32 9.0.0/armtools/bin/../lib/gcc/arm-atollic-eabi/6.3.1/armv7-m/crtn.o
                0x0800772c                . = ALIGN (0x4)
                0x0800772c                _etext = .

.vfp11_veneer   0x0800772c        0x0
 .vfp11_veneer  0x0800772c        0x0 linker stubs

.v4_bx          0x0800772c        0x0
 .v4_bx         0x0800772c        0x0 linker stubs

.iplt           0x0800772c        0x0
 .iplt          0x0800772c        0x0 c:/program files (x86)/atollic/truestudio for stm32 9.0.0/armtools/bin/../lib/gcc/arm-atollic-eabi/6.3.1/armv7-m/crtbegin.o

.rodata         0x08007730      0x604
                0x08007730                . = ALIGN (0x4)
 *(.rodata)
 .rodata        0x08007730      0x1b1 Libraries\ioLibrary_Driver\Application\loopback\loopback.o
 *fill*         0x080078e1        0x3 
 .rodata        0x080078e4       0x3e src\HALInit.o
 *fill*         0x08007922        0x2 
 .rodata        0x08007924       0x38 src\W5100SRelFunctions.o
 .rodata        0x0800795c       0xdb src\main.o
 *fill*         0x08007a37        0x1 
 .rodata        0x08007a38       0x28 src\msgq.o
 *(.rodata*)
 .rodata._setlocale_r.str1.1
                0x08007a60        0x8 c:/program files (x86)/atollic/truestudio for stm32 9.0.0/armtools/bin/../lib/gcc/arm-atollic-eabi/6.3.1/../../../../arm-atollic-eabi/lib/armv7-m\libc.a(lib_a-locale.o)
                                  0x9 (size before relaxing)
 .rodata.str1.1
                0x08007a68        0x2 c:/program files (x86)/atollic/truestudio for stm32 9.0.0/armtools/bin/../lib/gcc/arm-atollic-eabi/6.3.1/../../../../arm-atollic-eabi/lib/armv7-m\libc.a(lib_a-locale.o)
 .rodata._puts_r.str1.1
                0x08007a6a        0x2 c:/program files (x86)/atollic/truestudio for stm32 9.0.0/armtools/bin/../lib/gcc/arm-atollic-eabi/6.3.1/../../../../arm-atollic-eabi/lib/armv7-m\libc.a(lib_a-puts.o)
 .rodata._vfprintf_r.str1.1
                0x08007a6c       0x34 c:/program files (x86)/atollic/truestudio for stm32 9.0.0/armtools/bin/../lib/gcc/arm-atollic-eabi/6.3.1/../../../../arm-atollic-eabi/lib/armv7-m\libc.a(lib_a-vfprintf.o)
 .rodata.blanks.7251
                0x08007aa0       0x10 c:/program files (x86)/atollic/truestudio for stm32 9.0.0/armtools/bin/../lib/gcc/arm-atollic-eabi/6.3.1/../../../../arm-atollic-eabi/lib/armv7-m\libc.a(lib_a-vfprintf.o)
 .rodata.zeroes.7252
                0x08007ab0       0x10 c:/program files (x86)/atollic/truestudio for stm32 9.0.0/armtools/bin/../lib/gcc/arm-atollic-eabi/6.3.1/../../../../arm-atollic-eabi/lib/armv7-m\libc.a(lib_a-vfprintf.o)
 .rodata._ctype_
                0x08007ac0      0x101 c:/program files (x86)/atollic/truestudio for stm32 9.0.0/armtools/bin/../lib/gcc/arm-atollic-eabi/6.3.1/../../../../arm-atollic-eabi/lib/armv7-m\libc.a(lib_a-ctype_.o)
                0x08007ac0                _ctype_
 .rodata._dtoa_r.str1.1
                0x08007bc1        0xd c:/program files (x86)/atollic/truestudio for stm32 9.0.0/armtools/bin/../lib/gcc/arm-atollic-eabi/6.3.1/../../../../arm-atollic-eabi/lib/armv7-m\libc.a(lib_a-dtoa.o)
                                  0xf (size before relaxing)
 *fill*         0x08007bce        0x2 
 .rodata.__sf_fake_stderr
                0x08007bd0       0x20 c:/program files (x86)/atollic/truestudio for stm32 9.0.0/armtools/bin/../lib/gcc/arm-atollic-eabi/6.3.1/../../../../arm-atollic-eabi/lib/armv7-m\libc.a(lib_a-findfp.o)
                0x08007bd0                __sf_fake_stderr
 .rodata.__sf_fake_stdin
                0x08007bf0       0x20 c:/program files (x86)/atollic/truestudio for stm32 9.0.0/armtools/bin/../lib/gcc/arm-atollic-eabi/6.3.1/../../../../arm-atollic-eabi/lib/armv7-m\libc.a(lib_a-findfp.o)
                0x08007bf0                __sf_fake_stdin
 .rodata.__sf_fake_stdout
                0x08007c10       0x20 c:/program files (x86)/atollic/truestudio for stm32 9.0.0/armtools/bin/../lib/gcc/arm-atollic-eabi/6.3.1/../../../../arm-atollic-eabi/lib/armv7-m\libc.a(lib_a-findfp.o)
                0x08007c10                __sf_fake_stdout
 .rodata._global_impure_ptr
                0x08007c30        0x4 c:/program files (x86)/atollic/truestudio for stm32 9.0.0/armtools/bin/../lib/gcc/arm-atollic-eabi/6.3.1/../../../../arm-atollic-eabi/lib/armv7-m\libc.a(lib_a-impure.o)
                0x08007c30                _global_impure_ptr
 *fill*         0x08007c34        0x4 
 .rodata.__mprec_bigtens
                0x08007c38       0x28 c:/program files (x86)/atollic/truestudio for stm32 9.0.0/armtools/bin/../lib/gcc/arm-atollic-eabi/6.3.1/../../../../arm-atollic-eabi/lib/armv7-m\libc.a(lib_a-mprec.o)
                0x08007c38                __mprec_bigtens
 .rodata.__mprec_tens
                0x08007c60       0xc8 c:/program files (x86)/atollic/truestudio for stm32 9.0.0/armtools/bin/../lib/gcc/arm-atollic-eabi/6.3.1/../../../../arm-atollic-eabi/lib/armv7-m\libc.a(lib_a-mprec.o)
                0x08007c60                __mprec_tens
 .rodata.p05.6073
                0x08007d28        0xc c:/program files (x86)/atollic/truestudio for stm32 9.0.0/armtools/bin/../lib/gcc/arm-atollic-eabi/6.3.1/../../../../arm-atollic-eabi/lib/armv7-m\libc.a(lib_a-mprec.o)
                0x08007d34                . = ALIGN (0x4)

.ARM.extab
 *(.ARM.extab* .gnu.linkonce.armextab.*)

.ARM            0x08007d34        0x8
                0x08007d34                __exidx_start = .
 *(.ARM.exidx*)
 .ARM.exidx     0x08007d34        0x8 c:/program files (x86)/atollic/truestudio for stm32 9.0.0/armtools/bin/../lib/gcc/arm-atollic-eabi/6.3.1/armv7-m\libgcc.a(_udivmoddi4.o)
                0x08007d3c                __exidx_end = .

.rel.dyn        0x08007d3c        0x0
 .rel.iplt      0x08007d3c        0x0 c:/program files (x86)/atollic/truestudio for stm32 9.0.0/armtools/bin/../lib/gcc/arm-atollic-eabi/6.3.1/armv7-m/crtbegin.o

.preinit_array  0x08007d3c        0x0
                0x08007d3c                PROVIDE (__preinit_array_start, .)
 *(.preinit_array*)
                0x08007d3c                PROVIDE (__preinit_array_end, .)

.init_array     0x08007d3c        0x4
                0x08007d3c                PROVIDE (__init_array_start, .)
 *(SORT(.init_array.*))
 *(.init_array*)
 .init_array    0x08007d3c        0x4 c:/program files (x86)/atollic/truestudio for stm32 9.0.0/armtools/bin/../lib/gcc/arm-atollic-eabi/6.3.1/armv7-m/crtbegin.o
                0x08007d40                PROVIDE (__init_array_end, .)

.fini_array     0x08007d40        0x4
                [!provide]                PROVIDE (__fini_array_start, .)
 *(SORT(.fini_array.*))
 *(.fini_array*)
 .fini_array    0x08007d40        0x4 c:/program files (x86)/atollic/truestudio for stm32 9.0.0/armtools/bin/../lib/gcc/arm-atollic-eabi/6.3.1/armv7-m/crtbegin.o
                [!provide]                PROVIDE (__fini_array_end, .)
                0x08007d44                _sidata = LOADADDR (.data)

.data           0x20000000      0x6d8 load address 0x08007d44
                0x20000000                . = ALIGN (0x4)
                0x20000000                _sdata = .
 *(.data)
 *(.data*)
 .data.APBAHBPrescTable
                0x20000000       0x10 Libraries\STM32F10x_StdPeriph_Driver\src\stm32f10x_rcc.o
 .data.ADCPrescTable
                0x20000010        0x4 Libraries\STM32F10x_StdPeriph_Driver\src\stm32f10x_rcc.o
 .data.sock_any_port
                0x20000014        0x2 Libraries\ioLibrary_Driver\Ethernet\socket.o
 *fill*         0x20000016        0x2 
 .data.WIZCHIP  0x20000018       0x28 Libraries\ioLibrary_Driver\Ethernet\wizchip_conf.o
                0x20000018                WIZCHIP
 .data.gWIZNETINFO
                0x20000040       0x17 src\main.o
                0x20000040                gWIZNETINFO
 *fill*         0x20000057        0x1 
 .data.serialMsgQueue
                0x20000058       0x10 src\msgq.o
                0x20000058                serialMsgQueue
 .data.__global_locale
                0x20000068      0x16c c:/program files (x86)/atollic/truestudio for stm32 9.0.0/armtools/bin/../lib/gcc/arm-atollic-eabi/6.3.1/../../../../arm-atollic-eabi/lib/armv7-m\libc.a(lib_a-locale.o)
                0x20000068                __global_locale
 .data.__malloc_av_
                0x200001d4      0x408 c:/program files (x86)/atollic/truestudio for stm32 9.0.0/armtools/bin/../lib/gcc/arm-atollic-eabi/6.3.1/../../../../arm-atollic-eabi/lib/armv7-m\libc.a(lib_a-mallocr.o)
                0x200001d4                __malloc_av_
 .data.__malloc_sbrk_base
                0x200005dc        0x4 c:/program files (x86)/atollic/truestudio for stm32 9.0.0/armtools/bin/../lib/gcc/arm-atollic-eabi/6.3.1/../../../../arm-atollic-eabi/lib/armv7-m\libc.a(lib_a-mallocr.o)
                0x200005dc                __malloc_sbrk_base
 .data.__malloc_trim_threshold
                0x200005e0        0x4 c:/program files (x86)/atollic/truestudio for stm32 9.0.0/armtools/bin/../lib/gcc/arm-atollic-eabi/6.3.1/../../../../arm-atollic-eabi/lib/armv7-m\libc.a(lib_a-mallocr.o)
                0x200005e0                __malloc_trim_threshold
 .data._impure_ptr
                0x200005e4        0x4 c:/program files (x86)/atollic/truestudio for stm32 9.0.0/armtools/bin/../lib/gcc/arm-atollic-eabi/6.3.1/../../../../arm-atollic-eabi/lib/armv7-m\libc.a(lib_a-impure.o)
                0x200005e4                _impure_ptr
 .data.impure_data
                0x200005e8       0xf0 c:/program files (x86)/atollic/truestudio for stm32 9.0.0/armtools/bin/../lib/gcc/arm-atollic-eabi/6.3.1/../../../../arm-atollic-eabi/lib/armv7-m\libc.a(lib_a-impure.o)
                0x200006d8                . = ALIGN (0x4)
                0x200006d8                _edata = .

.igot.plt       0x200006d8        0x0 load address 0x0800841c
 .igot.plt      0x200006d8        0x0 c:/program files (x86)/atollic/truestudio for stm32 9.0.0/armtools/bin/../lib/gcc/arm-atollic-eabi/6.3.1/armv7-m/crtbegin.o
                0x200006d8                . = ALIGN (0x4)

.bss            0x200006d8     0x2180 load address 0x0800841c
                0x200006d8                _sbss = .
                0x200006d8                __bss_start__ = _sbss
 *(.bss)
 .bss           0x200006d8       0x1c c:/program files (x86)/atollic/truestudio for stm32 9.0.0/armtools/bin/../lib/gcc/arm-atollic-eabi/6.3.1/armv7-m/crtbegin.o
 *(.bss*)
 .bss.sock_io_mode
                0x200006f4        0x2 Libraries\ioLibrary_Driver\Ethernet\socket.o
 .bss.sock_is_sending
                0x200006f6        0x2 Libraries\ioLibrary_Driver\Ethernet\socket.o
 .bss.sock_remained_size
                0x200006f8        0x8 Libraries\ioLibrary_Driver\Ethernet\socket.o
 .bss.sock_pack_info
                0x20000700        0x4 Libraries\ioLibrary_Driver\Ethernet\socket.o
                0x20000700                sock_pack_info
 .bss._DNS_     0x20000704        0x4 Libraries\ioLibrary_Driver\Ethernet\wizchip_conf.o
 .bss._DHCP_    0x20000708        0x1 Libraries\ioLibrary_Driver\Ethernet\wizchip_conf.o
 *fill*         0x20000709        0x3 
 .bss.heap.5285
                0x2000070c        0x4 Libraries\syscalls\syscalls.o
 .bss.globalTimer
                0x20000710        0x4 src\HALInit.o
                0x20000710                globalTimer
 .bss.__malloc_current_mallinfo
                0x20000714       0x28 c:/program files (x86)/atollic/truestudio for stm32 9.0.0/armtools/bin/../lib/gcc/arm-atollic-eabi/6.3.1/../../../../arm-atollic-eabi/lib/armv7-m\libc.a(lib_a-mallocr.o)
                0x20000714                __malloc_current_mallinfo
 .bss.__malloc_max_sbrked_mem
                0x2000073c        0x4 c:/program files (x86)/atollic/truestudio for stm32 9.0.0/armtools/bin/../lib/gcc/arm-atollic-eabi/6.3.1/../../../../arm-atollic-eabi/lib/armv7-m\libc.a(lib_a-mallocr.o)
                0x2000073c                __malloc_max_sbrked_mem
 .bss.__malloc_max_total_mem
                0x20000740        0x4 c:/program files (x86)/atollic/truestudio for stm32 9.0.0/armtools/bin/../lib/gcc/arm-atollic-eabi/6.3.1/../../../../arm-atollic-eabi/lib/armv7-m\libc.a(lib_a-mallocr.o)
                0x20000740                __malloc_max_total_mem
 .bss.__malloc_top_pad
                0x20000744        0x4 c:/program files (x86)/atollic/truestudio for stm32 9.0.0/armtools/bin/../lib/gcc/arm-atollic-eabi/6.3.1/../../../../arm-atollic-eabi/lib/armv7-m\libc.a(lib_a-mallocr.o)
                0x20000744                __malloc_top_pad
 *(COMMON)
 COMMON         0x20000748     0x2000 src\main.o
                0x20000748                ethBuf1
                0x20000f48                ethBuf2
                0x20001748                ethBuf3
                0x20001f48                ethBuf0
 COMMON         0x20002748      0x100 src\msgq.o
                0x20002748                serialMsgQueueBuf
 COMMON         0x20002848        0x9 c:/program files (x86)/atollic/truestudio for stm32 9.0.0/armtools/bin/../lib/gcc/arm-atollic-eabi/6.3.1/../../../../arm-atollic-eabi/lib/armv7-m\libc.a(lib_a-lock.o)
                0x20002848                __lock___atexit_recursive_mutex
                0x20002849                __lock___arc4random_mutex
                0x2000284a                __lock___env_recursive_mutex
                0x2000284b                __lock___sinit_recursive_mutex
                0x2000284c                __lock___malloc_recursive_mutex
                0x2000284d                __lock___at_quick_exit_mutex
                0x2000284e                __lock___dd_hash_mutex
                0x2000284f                __lock___tz_mutex
                0x20002850                __lock___sfp_recursive_mutex
 *fill*         0x20002851        0x3 
 COMMON         0x20002854        0x4 c:/program files (x86)/atollic/truestudio for stm32 9.0.0/armtools/bin/../lib/gcc/arm-atollic-eabi/6.3.1/../../../../arm-atollic-eabi/lib/armv7-m\libc.a(lib_a-reent.o)
                0x20002854                errno
                0x20002858                . = ALIGN (0x4)
                0x20002858                _ebss = .
                0x20002858                __bss_end__ = _ebss

._user_heap_stack
                0x20002858      0x200 load address 0x0800841c
                0x20002858                . = ALIGN (0x4)
                [!provide]                PROVIDE (end, .)
                0x20002858                PROVIDE (_end, .)
                0x20002858                . = (. + _Min_Heap_Size)
                0x20002a58                . = (. + _Min_Stack_Size)
 *fill*         0x20002858      0x200 
                0x20002a58                . = ALIGN (0x4)

.memory_b1_text
 *(.mb1text)
 *(.mb1text*)
 *(.mb1rodata)
 *(.mb1rodata*)

/DISCARD/
 libc.a(*)
 libm.a(*)
 libgcc.a(*)

.ARM.attributes
                0x00000000       0x29
 *(.ARM.attributes)
 .ARM.attributes
                0x00000000       0x1d c:/program files (x86)/atollic/truestudio for stm32 9.0.0/armtools/bin/../lib/gcc/arm-atollic-eabi/6.3.1/armv7-m/crti.o
 .ARM.attributes
                0x0000001d       0x2d c:/program files (x86)/atollic/truestudio for stm32 9.0.0/armtools/bin/../lib/gcc/arm-atollic-eabi/6.3.1/armv7-m/crtbegin.o
 .ARM.attributes
                0x0000004a       0x33 Libraries\STM32F10x_StdPeriph_Driver\src\misc.o
 .ARM.attributes
                0x0000007d       0x33 Libraries\STM32F10x_StdPeriph_Driver\src\stm32f10x_gpio.o
 .ARM.attributes
                0x000000b0       0x33 Libraries\STM32F10x_StdPeriph_Driver\src\stm32f10x_rcc.o
 .ARM.attributes
                0x000000e3       0x33 Libraries\STM32F10x_StdPeriph_Driver\src\stm32f10x_spi.o
 .ARM.attributes
                0x00000116       0x33 Libraries\STM32F10x_StdPeriph_Driver\src\stm32f10x_tim.o
 .ARM.attributes
                0x00000149       0x33 Libraries\STM32F10x_StdPeriph_Driver\src\stm32f10x_usart.o
 .ARM.attributes
                0x0000017c       0x33 Libraries\ioLibrary_Driver\Application\loopback\loopback.o
 .ARM.attributes
                0x000001af       0x33 Libraries\ioLibrary_Driver\Ethernet\W5100S\w5100s.o
 .ARM.attributes
                0x000001e2       0x33 Libraries\ioLibrary_Driver\Ethernet\socket.o
 .ARM.attributes
                0x00000215       0x33 Libraries\ioLibrary_Driver\Ethernet\wizchip_conf.o
 .ARM.attributes
                0x00000248       0x33 Libraries\syscalls\syscalls.o
 .ARM.attributes
                0x0000027b       0x33 src\HALInit.o
 .ARM.attributes
                0x000002ae       0x33 src\W5100SRelFunctions.o
 .ARM.attributes
                0x000002e1       0x33 src\main.o
 .ARM.attributes
                0x00000314       0x33 src\msgq.o
 .ARM.attributes
                0x00000347       0x33 src\serialCommand.o
 .ARM.attributes
                0x0000037a       0x21 src\startup_stm32f10x_hd.o
 .ARM.attributes
                0x0000039b       0x33 src\system_stm32f10x.o
 .ARM.attributes
                0x000003ce       0x2d c:/program files (x86)/atollic/truestudio for stm32 9.0.0/armtools/bin/../lib/gcc/arm-atollic-eabi/6.3.1/../../../../arm-atollic-eabi/lib/armv7-m\libc.a(lib_a-init.o)
 .ARM.attributes
                0x000003fb       0x2d c:/program files (x86)/atollic/truestudio for stm32 9.0.0/armtools/bin/../lib/gcc/arm-atollic-eabi/6.3.1/../../../../arm-atollic-eabi/lib/armv7-m\libc.a(lib_a-locale.o)
 .ARM.attributes
                0x00000428       0x2d c:/program files (x86)/atollic/truestudio for stm32 9.0.0/armtools/bin/../lib/gcc/arm-atollic-eabi/6.3.1/../../../../arm-atollic-eabi/lib/armv7-m\libc.a(lib_a-malloc.o)
 .ARM.attributes
                0x00000455       0x2d c:/program files (x86)/atollic/truestudio for stm32 9.0.0/armtools/bin/../lib/gcc/arm-atollic-eabi/6.3.1/../../../../arm-atollic-eabi/lib/armv7-m\libc.a(lib_a-mallocr.o)
 .ARM.attributes
                0x00000482       0x2d c:/program files (x86)/atollic/truestudio for stm32 9.0.0/armtools/bin/../lib/gcc/arm-atollic-eabi/6.3.1/../../../../arm-atollic-eabi/lib/armv7-m\libc.a(lib_a-mbtowc_r.o)
 .ARM.attributes
                0x000004af       0x2d c:/program files (x86)/atollic/truestudio for stm32 9.0.0/armtools/bin/../lib/gcc/arm-atollic-eabi/6.3.1/../../../../arm-atollic-eabi/lib/armv7-m\libc.a(lib_a-memcpy-stub.o)
 .ARM.attributes
                0x000004dc       0x2d c:/program files (x86)/atollic/truestudio for stm32 9.0.0/armtools/bin/../lib/gcc/arm-atollic-eabi/6.3.1/../../../../arm-atollic-eabi/lib/armv7-m\libc.a(lib_a-memset.o)
 .ARM.attributes
                0x00000509       0x2d c:/program files (x86)/atollic/truestudio for stm32 9.0.0/armtools/bin/../lib/gcc/arm-atollic-eabi/6.3.1/../../../../arm-atollic-eabi/lib/armv7-m\libc.a(lib_a-mlock.o)
 .ARM.attributes
                0x00000536       0x2d c:/program files (x86)/atollic/truestudio for stm32 9.0.0/armtools/bin/../lib/gcc/arm-atollic-eabi/6.3.1/../../../../arm-atollic-eabi/lib/armv7-m\libc.a(lib_a-printf.o)
 .ARM.attributes
                0x00000563       0x2d c:/program files (x86)/atollic/truestudio for stm32 9.0.0/armtools/bin/../lib/gcc/arm-atollic-eabi/6.3.1/../../../../arm-atollic-eabi/lib/armv7-m\libc.a(lib_a-puts.o)
 .ARM.attributes
                0x00000590       0x2d c:/program files (x86)/atollic/truestudio for stm32 9.0.0/armtools/bin/../lib/gcc/arm-atollic-eabi/6.3.1/../../../../arm-atollic-eabi/lib/armv7-m\libc.a(lib_a-sbrkr.o)
 .ARM.attributes
                0x000005bd       0x17 c:/program files (x86)/atollic/truestudio for stm32 9.0.0/armtools/bin/../lib/gcc/arm-atollic-eabi/6.3.1/../../../../arm-atollic-eabi/lib/armv7-m\libc.a(lib_a-strlen.o)
 .ARM.attributes
                0x000005d4       0x2d c:/program files (x86)/atollic/truestudio for stm32 9.0.0/armtools/bin/../lib/gcc/arm-atollic-eabi/6.3.1/../../../../arm-atollic-eabi/lib/armv7-m\libc.a(lib_a-vfprintf.o)
 .ARM.attributes
                0x00000601       0x2d c:/program files (x86)/atollic/truestudio for stm32 9.0.0/armtools/bin/../lib/gcc/arm-atollic-eabi/6.3.1/../../../../arm-atollic-eabi/lib/armv7-m\libc.a(lib_a-wctomb_r.o)
 .ARM.attributes
                0x0000062e       0x2d c:/program files (x86)/atollic/truestudio for stm32 9.0.0/armtools/bin/../lib/gcc/arm-atollic-eabi/6.3.1/../../../../arm-atollic-eabi/lib/armv7-m\libc.a(lib_a-wsetup.o)
 .ARM.attributes
                0x0000065b       0x2d c:/program files (x86)/atollic/truestudio for stm32 9.0.0/armtools/bin/../lib/gcc/arm-atollic-eabi/6.3.1/../../../../arm-atollic-eabi/lib/armv7-m\libc.a(lib_a-ctype_.o)
 .ARM.attributes
                0x00000688       0x2d c:/program files (x86)/atollic/truestudio for stm32 9.0.0/armtools/bin/../lib/gcc/arm-atollic-eabi/6.3.1/../../../../arm-atollic-eabi/lib/armv7-m\libc.a(lib_a-dtoa.o)
 .ARM.attributes
                0x000006b5       0x2d c:/program files (x86)/atollic/truestudio for stm32 9.0.0/armtools/bin/../lib/gcc/arm-atollic-eabi/6.3.1/../../../../arm-atollic-eabi/lib/armv7-m\libc.a(lib_a-fflush.o)
 .ARM.attributes
                0x000006e2       0x2d c:/program files (x86)/atollic/truestudio for stm32 9.0.0/armtools/bin/../lib/gcc/arm-atollic-eabi/6.3.1/../../../../arm-atollic-eabi/lib/armv7-m\libc.a(lib_a-findfp.o)
 .ARM.attributes
                0x0000070f       0x2d c:/program files (x86)/atollic/truestudio for stm32 9.0.0/armtools/bin/../lib/gcc/arm-atollic-eabi/6.3.1/../../../../arm-atollic-eabi/lib/armv7-m\libc.a(lib_a-freer.o)
 .ARM.attributes
                0x0000073c       0x2d c:/program files (x86)/atollic/truestudio for stm32 9.0.0/armtools/bin/../lib/gcc/arm-atollic-eabi/6.3.1/../../../../arm-atollic-eabi/lib/armv7-m\libc.a(lib_a-fvwrite.o)
 .ARM.attributes
                0x00000769       0x2d c:/program files (x86)/atollic/truestudio for stm32 9.0.0/armtools/bin/../lib/gcc/arm-atollic-eabi/6.3.1/../../../../arm-atollic-eabi/lib/armv7-m\libc.a(lib_a-fwalk.o)
 .ARM.attributes
                0x00000796       0x2d c:/program files (x86)/atollic/truestudio for stm32 9.0.0/armtools/bin/../lib/gcc/arm-atollic-eabi/6.3.1/../../../../arm-atollic-eabi/lib/armv7-m\libc.a(lib_a-impure.o)
 .ARM.attributes
                0x000007c3       0x2d c:/program files (x86)/atollic/truestudio for stm32 9.0.0/armtools/bin/../lib/gcc/arm-atollic-eabi/6.3.1/../../../../arm-atollic-eabi/lib/armv7-m\libc.a(lib_a-localeconv.o)
 .ARM.attributes
                0x000007f0       0x2d c:/program files (x86)/atollic/truestudio for stm32 9.0.0/armtools/bin/../lib/gcc/arm-atollic-eabi/6.3.1/../../../../arm-atollic-eabi/lib/armv7-m\libc.a(lib_a-lock.o)
 .ARM.attributes
                0x0000081d       0x2d c:/program files (x86)/atollic/truestudio for stm32 9.0.0/armtools/bin/../lib/gcc/arm-atollic-eabi/6.3.1/../../../../arm-atollic-eabi/lib/armv7-m\libc.a(lib_a-makebuf.o)
 .ARM.attributes
                0x0000084a       0x2d c:/program files (x86)/atollic/truestudio for stm32 9.0.0/armtools/bin/../lib/gcc/arm-atollic-eabi/6.3.1/../../../../arm-atollic-eabi/lib/armv7-m\libc.a(lib_a-memchr-stub.o)
 .ARM.attributes
                0x00000877       0x2d c:/program files (x86)/atollic/truestudio for stm32 9.0.0/armtools/bin/../lib/gcc/arm-atollic-eabi/6.3.1/../../../../arm-atollic-eabi/lib/armv7-m\libc.a(lib_a-memmove.o)
 .ARM.attributes
                0x000008a4       0x2d c:/program files (x86)/atollic/truestudio for stm32 9.0.0/armtools/bin/../lib/gcc/arm-atollic-eabi/6.3.1/../../../../arm-atollic-eabi/lib/armv7-m\libc.a(lib_a-mprec.o)
 .ARM.attributes
                0x000008d1       0x2d c:/program files (x86)/atollic/truestudio for stm32 9.0.0/armtools/bin/../lib/gcc/arm-atollic-eabi/6.3.1/../../../../arm-atollic-eabi/lib/armv7-m\libc.a(lib_a-reallocr.o)
 .ARM.attributes
                0x000008fe       0x2d c:/program files (x86)/atollic/truestudio for stm32 9.0.0/armtools/bin/../lib/gcc/arm-atollic-eabi/6.3.1/../../../../arm-atollic-eabi/lib/armv7-m\libc.a(lib_a-reent.o)
 .ARM.attributes
                0x0000092b       0x2d c:/program files (x86)/atollic/truestudio for stm32 9.0.0/armtools/bin/../lib/gcc/arm-atollic-eabi/6.3.1/../../../../arm-atollic-eabi/lib/armv7-m\libc.a(lib_a-stdio.o)
 .ARM.attributes
                0x00000958       0x2d c:/program files (x86)/atollic/truestudio for stm32 9.0.0/armtools/bin/../lib/gcc/arm-atollic-eabi/6.3.1/../../../../arm-atollic-eabi/lib/armv7-m\libc.a(lib_a-vfiprintf.o)
 .ARM.attributes
                0x00000985       0x2d c:/program files (x86)/atollic/truestudio for stm32 9.0.0/armtools/bin/../lib/gcc/arm-atollic-eabi/6.3.1/../../../../arm-atollic-eabi/lib/armv7-m\libc.a(lib_a-writer.o)
 .ARM.attributes
                0x000009b2       0x2d c:/program files (x86)/atollic/truestudio for stm32 9.0.0/armtools/bin/../lib/gcc/arm-atollic-eabi/6.3.1/../../../../arm-atollic-eabi/lib/armv7-m\libc.a(lib_a-callocr.o)
 .ARM.attributes
                0x000009df       0x2d c:/program files (x86)/atollic/truestudio for stm32 9.0.0/armtools/bin/../lib/gcc/arm-atollic-eabi/6.3.1/../../../../arm-atollic-eabi/lib/armv7-m\libc.a(lib_a-closer.o)
 .ARM.attributes
                0x00000a0c       0x2d c:/program files (x86)/atollic/truestudio for stm32 9.0.0/armtools/bin/../lib/gcc/arm-atollic-eabi/6.3.1/../../../../arm-atollic-eabi/lib/armv7-m\libc.a(lib_a-fclose.o)
 .ARM.attributes
                0x00000a39       0x2d c:/program files (x86)/atollic/truestudio for stm32 9.0.0/armtools/bin/../lib/gcc/arm-atollic-eabi/6.3.1/../../../../arm-atollic-eabi/lib/armv7-m\libc.a(lib_a-fputwc.o)
 .ARM.attributes
                0x00000a66       0x2d c:/program files (x86)/atollic/truestudio for stm32 9.0.0/armtools/bin/../lib/gcc/arm-atollic-eabi/6.3.1/../../../../arm-atollic-eabi/lib/armv7-m\libc.a(lib_a-fstatr.o)
 .ARM.attributes
                0x00000a93       0x2d c:/program files (x86)/atollic/truestudio for stm32 9.0.0/armtools/bin/../lib/gcc/arm-atollic-eabi/6.3.1/../../../../arm-atollic-eabi/lib/armv7-m\libc.a(lib_a-isattyr.o)
 .ARM.attributes
                0x00000ac0       0x2d c:/program files (x86)/atollic/truestudio for stm32 9.0.0/armtools/bin/../lib/gcc/arm-atollic-eabi/6.3.1/../../../../arm-atollic-eabi/lib/armv7-m\libc.a(lib_a-lseekr.o)
 .ARM.attributes
                0x00000aed       0x2d c:/program files (x86)/atollic/truestudio for stm32 9.0.0/armtools/bin/../lib/gcc/arm-atollic-eabi/6.3.1/../../../../arm-atollic-eabi/lib/armv7-m\libc.a(lib_a-readr.o)
 .ARM.attributes
                0x00000b1a       0x2d c:/program files (x86)/atollic/truestudio for stm32 9.0.0/armtools/bin/../lib/gcc/arm-atollic-eabi/6.3.1/../../../../arm-atollic-eabi/lib/armv7-m\libc.a(lib_a-wbuf.o)
 .ARM.attributes
                0x00000b47       0x2d c:/program files (x86)/atollic/truestudio for stm32 9.0.0/armtools/bin/../lib/gcc/arm-atollic-eabi/6.3.1/../../../../arm-atollic-eabi/lib/armv7-m\libc.a(lib_a-wcrtomb.o)
 .ARM.attributes
                0x00000b74       0x1d c:/program files (x86)/atollic/truestudio for stm32 9.0.0/armtools/bin/../lib/gcc/arm-atollic-eabi/6.3.1/armv7-m\libgcc.a(_arm_addsubdf3.o)
 .ARM.attributes
                0x00000b91       0x1d c:/program files (x86)/atollic/truestudio for stm32 9.0.0/armtools/bin/../lib/gcc/arm-atollic-eabi/6.3.1/armv7-m\libgcc.a(_arm_muldivdf3.o)
 .ARM.attributes
                0x00000bae       0x1d c:/program files (x86)/atollic/truestudio for stm32 9.0.0/armtools/bin/../lib/gcc/arm-atollic-eabi/6.3.1/armv7-m\libgcc.a(_arm_cmpdf2.o)
 .ARM.attributes
                0x00000bcb       0x1d c:/program files (x86)/atollic/truestudio for stm32 9.0.0/armtools/bin/../lib/gcc/arm-atollic-eabi/6.3.1/armv7-m\libgcc.a(_arm_unorddf2.o)
 .ARM.attributes
                0x00000be8       0x1d c:/program files (x86)/atollic/truestudio for stm32 9.0.0/armtools/bin/../lib/gcc/arm-atollic-eabi/6.3.1/armv7-m\libgcc.a(_arm_fixdfsi.o)
 .ARM.attributes
                0x00000c05       0x1d c:/program files (x86)/atollic/truestudio for stm32 9.0.0/armtools/bin/../lib/gcc/arm-atollic-eabi/6.3.1/armv7-m\libgcc.a(_aeabi_uldivmod.o)
 .ARM.attributes
                0x00000c22       0x2d c:/program files (x86)/atollic/truestudio for stm32 9.0.0/armtools/bin/../lib/gcc/arm-atollic-eabi/6.3.1/armv7-m\libgcc.a(_udivmoddi4.o)
 .ARM.attributes
                0x00000c4f       0x1d c:/program files (x86)/atollic/truestudio for stm32 9.0.0/armtools/bin/../lib/gcc/arm-atollic-eabi/6.3.1/armv7-m\libgcc.a(_dvmd_tls.o)
 .ARM.attributes
                0x00000c6c       0x1d c:/program files (x86)/atollic/truestudio for stm32 9.0.0/armtools/bin/../lib/gcc/arm-atollic-eabi/6.3.1/armv7-m/crtn.o
OUTPUT(W5100S_loopback.elf elf32-littlearm)

.debug_info     0x00000000     0xaaa1
 .debug_info    0x00000000      0x54d Libraries\STM32F10x_StdPeriph_Driver\src\misc.o
 .debug_info    0x0000054d      0x701 Libraries\STM32F10x_StdPeriph_Driver\src\stm32f10x_gpio.o
 .debug_info    0x00000c4e      0x8b2 Libraries\STM32F10x_StdPeriph_Driver\src\stm32f10x_rcc.o
 .debug_info    0x00001500      0x906 Libraries\STM32F10x_StdPeriph_Driver\src\stm32f10x_spi.o
 .debug_info    0x00001e06     0x1c6b Libraries\STM32F10x_StdPeriph_Driver\src\stm32f10x_tim.o
 .debug_info    0x00003a71      0x9fb Libraries\STM32F10x_StdPeriph_Driver\src\stm32f10x_usart.o
 .debug_info    0x0000446c      0xca6 Libraries\ioLibrary_Driver\Application\loopback\loopback.o
 .debug_info    0x00005112      0x68d Libraries\ioLibrary_Driver\Ethernet\W5100S\w5100s.o
 .debug_info    0x0000579f      0x80e Libraries\ioLibrary_Driver\Ethernet\socket.o
 .debug_info    0x00005fad      0xbe5 Libraries\ioLibrary_Driver\Ethernet\wizchip_conf.o
 .debug_info    0x00006b92      0xc15 Libraries\syscalls\syscalls.o
 .debug_info    0x000077a7     0x153a src\HALInit.o
 .debug_info    0x00008ce1      0x69a src\W5100SRelFunctions.o
 .debug_info    0x0000937b      0xd04 src\main.o
 .debug_info    0x0000a07f      0x174 src\msgq.o
 .debug_info    0x0000a1f3      0x353 src\serialCommand.o
 .debug_info    0x0000a546       0xb4 src\startup_stm32f10x_hd.o
 .debug_info    0x0000a5fa      0x4a7 src\system_stm32f10x.o

.debug_abbrev   0x00000000     0x203d
 .debug_abbrev  0x00000000      0x172 Libraries\STM32F10x_StdPeriph_Driver\src\misc.o
 .debug_abbrev  0x00000172      0x1dd Libraries\STM32F10x_StdPeriph_Driver\src\stm32f10x_gpio.o
 .debug_abbrev  0x0000034f      0x1cf Libraries\STM32F10x_StdPeriph_Driver\src\stm32f10x_rcc.o
 .debug_abbrev  0x0000051e      0x1ab Libraries\STM32F10x_StdPeriph_Driver\src\stm32f10x_spi.o
 .debug_abbrev  0x000006c9      0x1c3 Libraries\STM32F10x_StdPeriph_Driver\src\stm32f10x_tim.o
 .debug_abbrev  0x0000088c      0x18f Libraries\STM32F10x_StdPeriph_Driver\src\stm32f10x_usart.o
 .debug_abbrev  0x00000a1b      0x215 Libraries\ioLibrary_Driver\Application\loopback\loopback.o
 .debug_abbrev  0x00000c30      0x227 Libraries\ioLibrary_Driver\Ethernet\W5100S\w5100s.o
 .debug_abbrev  0x00000e57      0x212 Libraries\ioLibrary_Driver\Ethernet\socket.o
 .debug_abbrev  0x00001069      0x2c6 Libraries\ioLibrary_Driver\Ethernet\wizchip_conf.o
 .debug_abbrev  0x0000132f      0x1d7 Libraries\syscalls\syscalls.o
 .debug_abbrev  0x00001506      0x264 src\HALInit.o
 .debug_abbrev  0x0000176a      0x260 src\W5100SRelFunctions.o
 .debug_abbrev  0x000019ca      0x27e src\main.o
 .debug_abbrev  0x00001c48      0x11c src\msgq.o
 .debug_abbrev  0x00001d64      0x159 src\serialCommand.o
 .debug_abbrev  0x00001ebd       0x12 src\startup_stm32f10x_hd.o
 .debug_abbrev  0x00001ecf      0x16e src\system_stm32f10x.o

.debug_aranges  0x00000000      0xb90
 .debug_aranges
                0x00000000       0x40 Libraries\STM32F10x_StdPeriph_Driver\src\misc.o
 .debug_aranges
                0x00000040       0xa8 Libraries\STM32F10x_StdPeriph_Driver\src\stm32f10x_gpio.o
 .debug_aranges
                0x000000e8      0x118 Libraries\STM32F10x_StdPeriph_Driver\src\stm32f10x_rcc.o
 .debug_aranges
                0x00000200       0xd0 Libraries\STM32F10x_StdPeriph_Driver\src\stm32f10x_spi.o
 .debug_aranges
                0x000002d0      0x2f0 Libraries\STM32F10x_StdPeriph_Driver\src\stm32f10x_tim.o
 .debug_aranges
                0x000005c0      0x100 Libraries\STM32F10x_StdPeriph_Driver\src\stm32f10x_usart.o
 .debug_aranges
                0x000006c0       0x40 Libraries\ioLibrary_Driver\Application\loopback\loopback.o
 .debug_aranges
                0x00000700       0x88 Libraries\ioLibrary_Driver\Ethernet\W5100S\w5100s.o
 .debug_aranges
                0x00000788       0x78 Libraries\ioLibrary_Driver\Ethernet\socket.o
 .debug_aranges
                0x00000800      0x130 Libraries\ioLibrary_Driver\Ethernet\wizchip_conf.o
 .debug_aranges
                0x00000930       0x50 Libraries\syscalls\syscalls.o
 .debug_aranges
                0x00000980       0x98 src\HALInit.o
 .debug_aranges
                0x00000a18       0x68 src\W5100SRelFunctions.o
 .debug_aranges
                0x00000a80       0x30 src\main.o
 .debug_aranges
                0x00000ab0       0x38 src\msgq.o
 .debug_aranges
                0x00000ae8       0x48 src\serialCommand.o
 .debug_aranges
                0x00000b30       0x28 src\startup_stm32f10x_hd.o
 .debug_aranges
                0x00000b58       0x38 src\system_stm32f10x.o

.debug_ranges   0x00000000      0xa78
 .debug_ranges  0x00000000       0x30 Libraries\STM32F10x_StdPeriph_Driver\src\misc.o
 .debug_ranges  0x00000030       0x98 Libraries\STM32F10x_StdPeriph_Driver\src\stm32f10x_gpio.o
 .debug_ranges  0x000000c8      0x108 Libraries\STM32F10x_StdPeriph_Driver\src\stm32f10x_rcc.o
 .debug_ranges  0x000001d0       0xc0 Libraries\STM32F10x_StdPeriph_Driver\src\stm32f10x_spi.o
 .debug_ranges  0x00000290      0x2e0 Libraries\STM32F10x_StdPeriph_Driver\src\stm32f10x_tim.o
 .debug_ranges  0x00000570       0xf0 Libraries\STM32F10x_StdPeriph_Driver\src\stm32f10x_usart.o
 .debug_ranges  0x00000660       0x30 Libraries\ioLibrary_Driver\Application\loopback\loopback.o
 .debug_ranges  0x00000690       0x78 Libraries\ioLibrary_Driver\Ethernet\W5100S\w5100s.o
 .debug_ranges  0x00000708       0x68 Libraries\ioLibrary_Driver\Ethernet\socket.o
 .debug_ranges  0x00000770      0x120 Libraries\ioLibrary_Driver\Ethernet\wizchip_conf.o
 .debug_ranges  0x00000890       0x40 Libraries\syscalls\syscalls.o
 .debug_ranges  0x000008d0       0x88 src\HALInit.o
 .debug_ranges  0x00000958       0x58 src\W5100SRelFunctions.o
 .debug_ranges  0x000009b0       0x20 src\main.o
 .debug_ranges  0x000009d0       0x28 src\msgq.o
 .debug_ranges  0x000009f8       0x38 src\serialCommand.o
 .debug_ranges  0x00000a30       0x20 src\startup_stm32f10x_hd.o
 .debug_ranges  0x00000a50       0x28 src\system_stm32f10x.o

.debug_line     0x00000000     0x473a
 .debug_line    0x00000000      0x25c Libraries\STM32F10x_StdPeriph_Driver\src\misc.o
 .debug_line    0x0000025c      0x3e9 Libraries\STM32F10x_StdPeriph_Driver\src\stm32f10x_gpio.o
 .debug_line    0x00000645      0x4e4 Libraries\STM32F10x_StdPeriph_Driver\src\stm32f10x_rcc.o
 .debug_line    0x00000b29      0x446 Libraries\STM32F10x_StdPeriph_Driver\src\stm32f10x_spi.o
 .debug_line    0x00000f6f      0xb69 Libraries\STM32F10x_StdPeriph_Driver\src\stm32f10x_tim.o
 .debug_line    0x00001ad8      0x4cb Libraries\STM32F10x_StdPeriph_Driver\src\stm32f10x_usart.o
 .debug_line    0x00001fa3      0x404 Libraries\ioLibrary_Driver\Application\loopback\loopback.o
 .debug_line    0x000023a7      0x3a2 Libraries\ioLibrary_Driver\Ethernet\W5100S\w5100s.o
 .debug_line    0x00002749      0x623 Libraries\ioLibrary_Driver\Ethernet\socket.o
 .debug_line    0x00002d6c      0x5eb Libraries\ioLibrary_Driver\Ethernet\wizchip_conf.o
 .debug_line    0x00003357      0x2b9 Libraries\syscalls\syscalls.o
 .debug_line    0x00003610      0x495 src\HALInit.o
 .debug_line    0x00003aa5      0x32a src\W5100SRelFunctions.o
 .debug_line    0x00003dcf      0x38b src\main.o
 .debug_line    0x0000415a       0x9c src\msgq.o
 .debug_line    0x000041f6      0x27e src\serialCommand.o
 .debug_line    0x00004474       0x7c src\startup_stm32f10x_hd.o
 .debug_line    0x000044f0      0x24a src\system_stm32f10x.o

.debug_str      0x00000000     0x39fb
 .debug_str     0x00000000      0x41e Libraries\STM32F10x_StdPeriph_Driver\src\misc.o
                                0x46b (size before relaxing)
 .debug_str     0x0000041e      0x393 Libraries\STM32F10x_StdPeriph_Driver\src\stm32f10x_gpio.o
                                0x5c6 (size before relaxing)
 .debug_str     0x000007b1      0x448 Libraries\STM32F10x_StdPeriph_Driver\src\stm32f10x_rcc.o
                                0x6c7 (size before relaxing)
 .debug_str     0x00000bf9      0x3a0 Libraries\STM32F10x_StdPeriph_Driver\src\stm32f10x_spi.o
                                0x6aa (size before relaxing)
 .debug_str     0x00000f99      0xb80 Libraries\STM32F10x_StdPeriph_Driver\src\stm32f10x_tim.o
                                0xe8a (size before relaxing)
 .debug_str     0x00001b19      0x423 Libraries\STM32F10x_StdPeriph_Driver\src\stm32f10x_usart.o
                                0x73d (size before relaxing)
 .debug_str     0x00001f3c      0x4be Libraries\ioLibrary_Driver\Application\loopback\loopback.o
                                0x767 (size before relaxing)
 .debug_str     0x000023fa      0x167 Libraries\ioLibrary_Driver\Ethernet\W5100S\w5100s.o
                                0x3f4 (size before relaxing)
 .debug_str     0x00002561      0x268 Libraries\ioLibrary_Driver\Ethernet\socket.o
                                0x523 (size before relaxing)
 .debug_str     0x000027c9      0x62e Libraries\ioLibrary_Driver\Ethernet\wizchip_conf.o
                                0x8ec (size before relaxing)
 .debug_str     0x00002df7      0x169 Libraries\syscalls\syscalls.o
                                0x795 (size before relaxing)
 .debug_str     0x00002f60      0x7e9 src\HALInit.o
                               0x1299 (size before relaxing)
 .debug_str     0x00003749       0xbd src\W5100SRelFunctions.o
                                0x58c (size before relaxing)
 .debug_str     0x00003806       0x96 src\main.o
                                0x7fb (size before relaxing)
 .debug_str     0x0000389c       0x78 src\msgq.o
                                0x1ae (size before relaxing)
 .debug_str     0x00003914       0x6c src\serialCommand.o
                                0x2f9 (size before relaxing)
 .debug_str     0x00003980       0x7b src\system_stm32f10x.o
                                0x368 (size before relaxing)

.comment        0x00000000       0x7c
 .comment       0x00000000       0x7c Libraries\STM32F10x_StdPeriph_Driver\src\misc.o
                                 0x7d (size before relaxing)
 .comment       0x0000007c       0x7d Libraries\STM32F10x_StdPeriph_Driver\src\stm32f10x_gpio.o
 .comment       0x0000007c       0x7d Libraries\STM32F10x_StdPeriph_Driver\src\stm32f10x_rcc.o
 .comment       0x0000007c       0x7d Libraries\STM32F10x_StdPeriph_Driver\src\stm32f10x_spi.o
 .comment       0x0000007c       0x7d Libraries\STM32F10x_StdPeriph_Driver\src\stm32f10x_tim.o
 .comment       0x0000007c       0x7d Libraries\STM32F10x_StdPeriph_Driver\src\stm32f10x_usart.o
 .comment       0x0000007c       0x7d Libraries\ioLibrary_Driver\Application\loopback\loopback.o
 .comment       0x0000007c       0x7d Libraries\ioLibrary_Driver\Ethernet\W5100S\w5100s.o
 .comment       0x0000007c       0x7d Libraries\ioLibrary_Driver\Ethernet\socket.o
 .comment       0x0000007c       0x7d Libraries\ioLibrary_Driver\Ethernet\wizchip_conf.o
 .comment       0x0000007c       0x7d Libraries\syscalls\syscalls.o
 .comment       0x0000007c       0x7d src\HALInit.o
 .comment       0x0000007c       0x7d src\W5100SRelFunctions.o
 .comment       0x0000007c       0x7d src\main.o
 .comment       0x0000007c       0x7d src\msgq.o
 .comment       0x0000007c       0x7d src\serialCommand.o
 .comment       0x0000007c       0x7d src\system_stm32f10x.o

.debug_frame    0x00000000     0x40f0
 .debug_frame   0x00000000       0xd8 Libraries\STM32F10x_StdPeriph_Driver\src\misc.o
 .debug_frame   0x000000d8      0x2d0 Libraries\STM32F10x_StdPeriph_Driver\src\stm32f10x_gpio.o
 .debug_frame   0x000003a8      0x4f4 Libraries\STM32F10x_StdPeriph_Driver\src\stm32f10x_rcc.o
 .debug_frame   0x0000089c      0x3a0 Libraries\STM32F10x_StdPeriph_Driver\src\stm32f10x_spi.o
 .debug_frame   0x00000c3c      0xe2c Libraries\STM32F10x_StdPeriph_Driver\src\stm32f10x_tim.o
 .debug_frame   0x00001a68      0x490 Libraries\STM32F10x_StdPeriph_Driver\src\stm32f10x_usart.o
 .debug_frame   0x00001ef8       0xd8 Libraries\ioLibrary_Driver\Application\loopback\loopback.o
 .debug_frame   0x00001fd0      0x228 Libraries\ioLibrary_Driver\Ethernet\W5100S\w5100s.o
 .debug_frame   0x000021f8      0x1d4 Libraries\ioLibrary_Driver\Ethernet\socket.o
 .debug_frame   0x000023cc      0x510 Libraries\ioLibrary_Driver\Ethernet\wizchip_conf.o
 .debug_frame   0x000028dc      0x118 Libraries\syscalls\syscalls.o
 .debug_frame   0x000029f4      0x210 src\HALInit.o
 .debug_frame   0x00002c04      0x158 src\W5100SRelFunctions.o
 .debug_frame   0x00002d5c       0x7c src\main.o
 .debug_frame   0x00002dd8       0x98 src\msgq.o
 .debug_frame   0x00002e70       0xe0 src\serialCommand.o
 .debug_frame   0x00002f50       0x98 src\system_stm32f10x.o
 .debug_frame   0x00002fe8       0x2c c:/program files (x86)/atollic/truestudio for stm32 9.0.0/armtools/bin/../lib/gcc/arm-atollic-eabi/6.3.1/../../../../arm-atollic-eabi/lib/armv7-m\libc.a(lib_a-init.o)
 .debug_frame   0x00003014       0x68 c:/program files (x86)/atollic/truestudio for stm32 9.0.0/armtools/bin/../lib/gcc/arm-atollic-eabi/6.3.1/../../../../arm-atollic-eabi/lib/armv7-m\libc.a(lib_a-locale.o)
 .debug_frame   0x0000307c       0x30 c:/program files (x86)/atollic/truestudio for stm32 9.0.0/armtools/bin/../lib/gcc/arm-atollic-eabi/6.3.1/../../../../arm-atollic-eabi/lib/armv7-m\libc.a(lib_a-malloc.o)
 .debug_frame   0x000030ac       0x40 c:/program files (x86)/atollic/truestudio for stm32 9.0.0/armtools/bin/../lib/gcc/arm-atollic-eabi/6.3.1/../../../../arm-atollic-eabi/lib/armv7-m\libc.a(lib_a-mallocr.o)
 .debug_frame   0x000030ec       0x48 c:/program files (x86)/atollic/truestudio for stm32 9.0.0/armtools/bin/../lib/gcc/arm-atollic-eabi/6.3.1/../../../../arm-atollic-eabi/lib/armv7-m\libc.a(lib_a-mbtowc_r.o)
 .debug_frame   0x00003134       0x28 c:/program files (x86)/atollic/truestudio for stm32 9.0.0/armtools/bin/../lib/gcc/arm-atollic-eabi/6.3.1/../../../../arm-atollic-eabi/lib/armv7-m\libc.a(lib_a-memcpy-stub.o)
 .debug_frame   0x0000315c       0x20 c:/program files (x86)/atollic/truestudio for stm32 9.0.0/armtools/bin/../lib/gcc/arm-atollic-eabi/6.3.1/../../../../arm-atollic-eabi/lib/armv7-m\libc.a(lib_a-memset.o)
 .debug_frame   0x0000317c       0x30 c:/program files (x86)/atollic/truestudio for stm32 9.0.0/armtools/bin/../lib/gcc/arm-atollic-eabi/6.3.1/../../../../arm-atollic-eabi/lib/armv7-m\libc.a(lib_a-mlock.o)
 .debug_frame   0x000031ac       0x74 c:/program files (x86)/atollic/truestudio for stm32 9.0.0/armtools/bin/../lib/gcc/arm-atollic-eabi/6.3.1/../../../../arm-atollic-eabi/lib/armv7-m\libc.a(lib_a-printf.o)
 .debug_frame   0x00003220       0x44 c:/program files (x86)/atollic/truestudio for stm32 9.0.0/armtools/bin/../lib/gcc/arm-atollic-eabi/6.3.1/../../../../arm-atollic-eabi/lib/armv7-m\libc.a(lib_a-puts.o)
 .debug_frame   0x00003264       0x2c c:/program files (x86)/atollic/truestudio for stm32 9.0.0/armtools/bin/../lib/gcc/arm-atollic-eabi/6.3.1/../../../../arm-atollic-eabi/lib/armv7-m\libc.a(lib_a-sbrkr.o)
 .debug_frame   0x00003290       0x74 c:/program files (x86)/atollic/truestudio for stm32 9.0.0/armtools/bin/../lib/gcc/arm-atollic-eabi/6.3.1/../../../../arm-atollic-eabi/lib/armv7-m\libc.a(lib_a-vfprintf.o)
 .debug_frame   0x00003304       0x3c c:/program files (x86)/atollic/truestudio for stm32 9.0.0/armtools/bin/../lib/gcc/arm-atollic-eabi/6.3.1/../../../../arm-atollic-eabi/lib/armv7-m\libc.a(lib_a-wctomb_r.o)
 .debug_frame   0x00003340       0x2c c:/program files (x86)/atollic/truestudio for stm32 9.0.0/armtools/bin/../lib/gcc/arm-atollic-eabi/6.3.1/../../../../arm-atollic-eabi/lib/armv7-m\libc.a(lib_a-wsetup.o)