dhcp.c:254:6:default_ip_assign	8	static
dhcp.c:262:6:default_ip_update	8	static
dhcp.c:272:6:default_ip_conflict	8	static
dhcp.c:281:6:reg_dhcp_cbfunc	24	static
dhcp.c:292:6:makeDHCPMSG	24	static
dhcp.c:351:6:send_DHCP_DISCOVER	24	static
dhcp.c:413:6:send_DHCP_REQUEST	32	static
dhcp.c:509:6:send_DHCP_DECLINE	32	static
dhcp.c:569:8:parseDHCPMSG	48	static
dhcp.c:670:9:DHCP_run	16	static
dhcp.c:800:9:DHCP_stop	8	static
dhcp.c:806:9:check_DHCP_timeout	16	static
dhcp.c:859:8:check_DHCP_leasedIP	24	static
dhcp.c:894:6:DHCP_init	24	static
dhcp.c:925:6:reset_DHCP_timeout	4	static
dhcp.c:932:6:DHCP_time_handler	4	static
dhcp.c:937:6:getIPfromDHCP	16	static
dhcp.c:945:6:getGWfromDHCP	16	static
dhcp.c:953:6:getSNfromDHCP	16	static
dhcp.c:961:6:getDNSfromDHCP	16	static
dhcp.c:969:10:getDHCPLeasetime	4	static
