Archive member included to satisfy reference by file (symbol)

c:/program files (x86)/gnu tools arm embedded/5.4 2016q2/bin/../lib/gcc/arm-none-eabi/5.4.1/armv7-m\libgcc.a(_aeabi_uldivmod.o)
                              ./src/ioLibrary_Driver/Internet/SNTP/sntp.o (__aeabi_uldivmod)
c:/program files (x86)/gnu tools arm embedded/5.4 2016q2/bin/../lib/gcc/arm-none-eabi/5.4.1/armv7-m\libgcc.a(_udivmoddi4.o)
                              c:/program files (x86)/gnu tools arm embedded/5.4 2016q2/bin/../lib/gcc/arm-none-eabi/5.4.1/armv7-m\libgcc.a(_aeabi_uldivmod.o) (__udivmoddi4)
c:/program files (x86)/gnu tools arm embedded/5.4 2016q2/bin/../lib/gcc/arm-none-eabi/5.4.1/armv7-m\libgcc.a(_dvmd_tls.o)
                              c:/program files (x86)/gnu tools arm embedded/5.4 2016q2/bin/../lib/gcc/arm-none-eabi/5.4.1/armv7-m\libgcc.a(_aeabi_uldivmod.o) (__aeabi_ldiv0)
c:/program files (x86)/gnu tools arm embedded/5.4 2016q2/bin/../lib/gcc/arm-none-eabi/5.4.1/../../../../arm-none-eabi/lib/armv7-m\libg_nano.a(lib_a-atoi.o)
                              ./src/ioLibrary_Driver/Internet/FTPServer/ftpd.o (atoi)
c:/program files (x86)/gnu tools arm embedded/5.4 2016q2/bin/../lib/gcc/arm-none-eabi/5.4.1/../../../../arm-none-eabi/lib/armv7-m\libg_nano.a(lib_a-ctype_.o)
                              ./src/ioLibrary_Driver/Internet/FTPServer/ftpd.o (__ctype_ptr__)
c:/program files (x86)/gnu tools arm embedded/5.4 2016q2/bin/../lib/gcc/arm-none-eabi/5.4.1/../../../../arm-none-eabi/lib/armv7-m\libg_nano.a(lib_a-malloc.o)
                              ./src/ioLibrary_Driver/Internet/httpServer/httpServer.o (malloc)
c:/program files (x86)/gnu tools arm embedded/5.4 2016q2/bin/../lib/gcc/arm-none-eabi/5.4.1/../../../../arm-none-eabi/lib/armv7-m\libg_nano.a(lib_a-memcpy-stub.o)
                              ./src/ioLibrary_Driver/Internet/httpServer/httpServer.o (memcpy)
c:/program files (x86)/gnu tools arm embedded/5.4 2016q2/bin/../lib/gcc/arm-none-eabi/5.4.1/../../../../arm-none-eabi/lib/armv7-m\libg_nano.a(lib_a-memset.o)
                              ./src/ioLibrary_Driver/Internet/httpServer/httpServer.o (memset)
c:/program files (x86)/gnu tools arm embedded/5.4 2016q2/bin/../lib/gcc/arm-none-eabi/5.4.1/../../../../arm-none-eabi/lib/armv7-m\libg_nano.a(lib_a-nano-freer.o)
                              c:/program files (x86)/gnu tools arm embedded/5.4 2016q2/bin/../lib/gcc/arm-none-eabi/5.4.1/../../../../arm-none-eabi/lib/armv7-m\libg_nano.a(lib_a-malloc.o) (_free_r)
c:/program files (x86)/gnu tools arm embedded/5.4 2016q2/bin/../lib/gcc/arm-none-eabi/5.4.1/../../../../arm-none-eabi/lib/armv7-m\libg_nano.a(lib_a-nano-mallocr.o)
                              c:/program files (x86)/gnu tools arm embedded/5.4 2016q2/bin/../lib/gcc/arm-none-eabi/5.4.1/../../../../arm-none-eabi/lib/armv7-m\libg_nano.a(lib_a-malloc.o) (_malloc_r)
c:/program files (x86)/gnu tools arm embedded/5.4 2016q2/bin/../lib/gcc/arm-none-eabi/5.4.1/../../../../arm-none-eabi/lib/armv7-m\libg_nano.a(lib_a-printf.o)
                              ./src/ioLibrary_Driver/Internet/httpServer/httpServer.o (printf)
c:/program files (x86)/gnu tools arm embedded/5.4 2016q2/bin/../lib/gcc/arm-none-eabi/5.4.1/../../../../arm-none-eabi/lib/armv7-m\libg_nano.a(lib_a-sbrkr.o)
                              c:/program files (x86)/gnu tools arm embedded/5.4 2016q2/bin/../lib/gcc/arm-none-eabi/5.4.1/../../../../arm-none-eabi/lib/armv7-m\libg_nano.a(lib_a-nano-mallocr.o) (_sbrk_r)
c:/program files (x86)/gnu tools arm embedded/5.4 2016q2/bin/../lib/gcc/arm-none-eabi/5.4.1/../../../../arm-none-eabi/lib/armv7-m\libg_nano.a(lib_a-sprintf.o)
                              ./src/ioLibrary_Driver/Internet/httpServer/httpParser.o (sprintf)
c:/program files (x86)/gnu tools arm embedded/5.4 2016q2/bin/../lib/gcc/arm-none-eabi/5.4.1/../../../../arm-none-eabi/lib/armv7-m\libg_nano.a(lib_a-strcat.o)
                              ./src/ioLibrary_Driver/Internet/httpServer/httpParser.o (strcat)
c:/program files (x86)/gnu tools arm embedded/5.4 2016q2/bin/../lib/gcc/arm-none-eabi/5.4.1/../../../../arm-none-eabi/lib/armv7-m\libg_nano.a(lib_a-strchr.o)
                              ./src/ioLibrary_Driver/Internet/DNS/dns.o (strchr)
c:/program files (x86)/gnu tools arm embedded/5.4 2016q2/bin/../lib/gcc/arm-none-eabi/5.4.1/../../../../arm-none-eabi/lib/armv7-m\libg_nano.a(lib_a-strcmp.o)
                              ./src/ioLibrary_Driver/Internet/httpServer/httpParser.o (strcmp)
c:/program files (x86)/gnu tools arm embedded/5.4 2016q2/bin/../lib/gcc/arm-none-eabi/5.4.1/../../../../arm-none-eabi/lib/armv7-m\libg_nano.a(lib_a-strcpy.o)
                              ./src/ioLibrary_Driver/Internet/httpServer/httpParser.o (strcpy)
c:/program files (x86)/gnu tools arm embedded/5.4 2016q2/bin/../lib/gcc/arm-none-eabi/5.4.1/../../../../arm-none-eabi/lib/armv7-m\libg_nano.a(lib_a-strlen.o)
                              ./src/ioLibrary_Driver/Internet/httpServer/httpParser.o (strlen)
[...]
Memory Configuration

Name             Origin             Length             Attributes
FLASH            0x00000000         0x00040000         xr
RAM              0x20000000         0x0000c000         xrw
CCMRAM           0x10000000         0x00000000         xrw
FLASHB1          0x00000000         0x00000000         xr
EXTMEMB0         0x00000000         0x00000000         xr
EXTMEMB1         0x00000000         0x00000000         xr
EXTMEMB2         0x00000000         0x00000000         xr
EXTMEMB3         0x00000000         0x00000000         xr
*default*        0x00000000         0xffffffff

Linker script and memory map

LOAD ./src/syscalls/syscalls.o
LOAD ./src/stm_lib/src/misc.o
LOAD ./src/stm_lib/src/stm32f10x_exti.o
LOAD ./src/stm_lib/src/stm32f10x_flash.o
LOAD ./src/stm_lib/src/stm32f10x_fsmc.o
LOAD ./src/stm_lib/src/stm32f10x_gpio.o
LOAD ./src/stm_lib/src/stm32f10x_rcc.o
LOAD ./src/stm_lib/src/stm32f10x_spi.o
LOAD ./src/stm_lib/src/stm32f10x_tim.o
LOAD ./src/stm_lib/src/stm32f10x_usart.o
LOAD ./src/ioLibrary_Driver/Internet/httpServer/httpParser.o
LOAD ./src/ioLibrary_Driver/Internet/httpServer/httpServer.o
LOAD ./src/ioLibrary_Driver/Internet/httpServer/httpUtil.o
LOAD ./src/ioLibrary_Driver/Internet/TFTP/netutil.o
LOAD ./src/ioLibrary_Driver/Internet/TFTP/tftp.o
LOAD ./src/ioLibrary_Driver/Internet/SNTP/sntp.o
LOAD ./src/ioLibrary_Driver/Internet/FTPServer/ftpd.o
LOAD ./src/ioLibrary_Driver/Internet/FTPClient/ftpc.o
LOAD ./src/ioLibrary_Driver/Internet/DNS/dns.o
LOAD ./src/ioLibrary_Driver/Internet/DHCP/dhcp.o
LOAD ./src/ioLibrary_Driver/Ethernet/W5500/w5500.o
LOAD ./src/ioLibrary_Driver/Ethernet/W5300/w5300.o
LOAD ./src/ioLibrary_Driver/Ethernet/W5200/w5200.o
LOAD ./src/ioLibrary_Driver/Ethernet/W5100S/w5100s.o
LOAD ./src/ioLibrary_Driver/Ethernet/W5100/w5100.o
LOAD ./src/ioLibrary_Driver/Ethernet/socket.o
LOAD ./src/ioLibrary_Driver/Ethernet/wizchip_conf.o
LOAD ./src/ioLibrary_Driver/Application/loopback/loopback.o
LOAD ./src/cmsis_boot/startup/startup_stm32f10x_hd.o
LOAD ./src/cmsis_boot/system_stm32f10x.o
LOAD ./src/HALInit.o
LOAD ./src/W5100SRelFunctions.o
LOAD ./src/_write.o
LOAD ./src/main.o
LOAD ./src/msgq.o
LOAD ./src/serialCommand.o
LOAD c:/program files (x86)/gnu tools arm embedded/5.4 2016q2/bin/../lib/gcc/arm-none-eabi/5.4.1/../../../../arm-none-eabi/lib/armv7-m\libstdc++_nano.a
LOAD c:/program files (x86)/gnu tools arm embedded/5.4 2016q2/bin/../lib/gcc/arm-none-eabi/5.4.1/../../../../arm-none-eabi/lib/armv7-m\libm.a
START GROUP
LOAD c:/program files (x86)/gnu tools arm embedded/5.4 2016q2/bin/../lib/gcc/arm-none-eabi/5.4.1/armv7-m\libgcc.a
LOAD c:/program files (x86)/gnu tools arm embedded/5.4 2016q2/bin/../lib/gcc/arm-none-eabi/5.4.1/../../../../arm-none-eabi/lib/armv7-m\libg_nano.a
LOAD c:/program files (x86)/gnu tools arm embedded/5.4 2016q2/bin/../lib/gcc/arm-none-eabi/5.4.1/../../../../arm-none-eabi/lib/armv7-m\libc_nano.a
END GROUP
START GROUP
LOAD c:/program files (x86)/gnu tools arm embedded/5.4 2016q2/bin/../lib/gcc/arm-none-eabi/5.4.1/armv7-m\libgcc.a
LOAD c:/program files (x86)/gnu tools arm embedded/5.4 2016q2/bin/../lib/gcc/arm-none-eabi/5.4.1/../../../../arm-none-eabi/lib/armv7-m\libc_nano.a
END GROUP
                0x2000c000                __stack = (ORIGIN (RAM) + LENGTH (RAM))
                0x2000c000                _estack = __stack
                0x00000400                __Main_Stack_Size = 0x400
                [!provide]                PROVIDE (_Main_Stack_Size, __Main_Stack_Size)
                0x2000bc00                __Main_Stack_Limit = (__stack - __Main_Stack_Size)
                [!provide]                PROVIDE (_Main_Stack_Limit, __Main_Stack_Limit)
                0x00000100                _Minimum_Stack_Size = 0x100
                [!provide]                PROVIDE (_Heap_Begin, _end_noinit)
                [!provide]                PROVIDE (_Heap_Limit, (__stack - __Main_Stack_Size))

.isr_vector     0x00000000      0x134
 FILL mask 0xff
                0x00000000                __vectors_start = ABSOLUTE (.)
                0x00000000                __vectors_start__ = ABSOLUTE (.)
 *(.isr_vector)
 .isr_vector    0x00000000      0x134 ./src/cmsis_boot/startup/startup_stm32f10x_hd.o
                0x00000000                g_pfnVectors
 *(.cfmconfig)
 *(.after_vectors .after_vectors.*)

.inits          0x00000134       0x28
                0x00000134                __data_regions_array_start = .
                0x00000134        0x4 LONG 0x2e04 LOADADDR (.data)
                0x00000138        0x4 LONG 0x20000000 ADDR (.data)
                0x0000013c        0x4 LONG 0x200000cc (ADDR (.data) + SIZEOF (.data))
                0x00000140        0x4 LONG 0x2e04 LOADADDR (.data_CCMRAM)
                0x00000144        0x4 LONG 0x10000000 ADDR (.data_CCMRAM)
                0x00000148        0x4 LONG 0x10000000 (ADDR (.data_CCMRAM) + SIZEOF (.data_CCMRAM))
                0x0000014c                __data_regions_array_end = .
                0x0000014c                __bss_regions_array_start = .
                0x0000014c        0x4 LONG 0x200004cc ADDR (.bss)
                0x00000150        0x4 LONG 0x200025f8 (ADDR (.bss) + SIZEOF (.bss))
                0x00000154        0x4 LONG 0x10000000 ADDR (.bss_CCMRAM)
                0x00000158        0x4 LONG 0x10000000 (ADDR (.bss_CCMRAM) + SIZEOF (.bss_CCMRAM))
                0x0000015c                __bss_regions_array_end = .
 *(.init)
 *(.fini)
                0x0000015c                . = ALIGN (0x4)
                [!provide]                PROVIDE (__preinit_array_start, .)
 *(.preinit_array_sysinit .preinit_array_sysinit.*)
 *(.preinit_array_platform .preinit_array_platform.*)
 *(.preinit_array .preinit_array.*)
                [!provide]                PROVIDE (__preinit_array_end, .)
                0x0000015c                . = ALIGN (0x4)
                [!provide]                PROVIDE (__init_array_start, .)
 *(SORT(.init_array.*))
 *(.init_array)
                [!provide]                PROVIDE (__init_array_end, .)
                0x0000015c                . = ALIGN (0x4)
                [!provide]                PROVIDE (__fini_array_start, .)
 *(SORT(.fini_array.*))
 *(.fini_array)
                [!provide]                PROVIDE (__fini_array_end, .)

.flashtext
 *(.flashtext .flashtext.*)

.text           0x0000015c     0x2ca7
 *(.text .text.*)
 .text._sbrk    0x0000015c       0x20 ./src/syscalls/syscalls.o
                0x0000015c                _sbrk
 .text._close   0x0000017c        0x8 ./src/syscalls/syscalls.o
                0x0000017c                _close
 .text._fstat   0x00000184        0xc ./src/syscalls/syscalls.o
                0x00000184                _fstat
 .text._isatty  0x00000190        0x4 ./src/syscalls/syscalls.o
                0x00000190                _isatty
 .text._lseek   0x00000194        0x4 ./src/syscalls/syscalls.o
                0x00000194                _lseek
 .text.NVIC_Init
                0x00000198       0x64 ./src/stm_lib/src/misc.o
                0x00000198                NVIC_Init
 .text.GPIO_Init
                0x000001fc       0x9c ./src/stm_lib/src/stm32f10x_gpio.o
                0x000001fc                GPIO_Init
 .text.GPIO_SetBits
                0x00000298        0x4 ./src/stm_lib/src/stm32f10x_gpio.o
                0x00000298                GPIO_SetBits
 .text.GPIO_ResetBits
                0x0000029c        0x4 ./src/stm_lib/src/stm32f10x_gpio.o
                0x0000029c                GPIO_ResetBits
 .text.RCC_GetClocksFreq
                0x000002a0       0xc4 ./src/stm_lib/src/stm32f10x_rcc.o
                0x000002a0                RCC_GetClocksFreq
 .text.RCC_APB2PeriphClockCmd
                0x00000364       0x1c ./src/stm_lib/src/stm32f10x_rcc.o
                0x00000364                RCC_APB2PeriphClockCmd
 .text.RCC_APB1PeriphClockCmd
                0x00000380       0x1c ./src/stm_lib/src/stm32f10x_rcc.o
                0x00000380                RCC_APB1PeriphClockCmd
 .text.SPI_Init
                0x0000039c       0x4c ./src/stm_lib/src/stm32f10x_spi.o
                0x0000039c                SPI_Init
 .text.SPI_Cmd  0x000003e8       0x1c ./src/stm_lib/src/stm32f10x_spi.o
                0x000003e8                SPI_Cmd
 .text.SPI_I2S_SendData
                0x00000404        0x4 ./src/stm_lib/src/stm32f10x_spi.o
                0x00000404                SPI_I2S_SendData
 .text.SPI_I2S_ReceiveData
                0x00000408        0x8 ./src/stm_lib/src/stm32f10x_spi.o
                0x00000408                SPI_I2S_ReceiveData
 .text.SPI_I2S_GetFlagStatus
                0x00000410       0x10 ./src/stm_lib/src/stm32f10x_spi.o
                0x00000410                SPI_I2S_GetFlagStatus
 .text.TIM_TimeBaseInit
                0x00000420       0x94 ./src/stm_lib/src/stm32f10x_tim.o
                0x00000420                TIM_TimeBaseInit
 .text.TIM_Cmd  0x000004b4       0x1c ./src/stm_lib/src/stm32f10x_tim.o
                0x000004b4                TIM_Cmd
 .text.TIM_ITConfig
                0x000004d0       0x18 ./src/stm_lib/src/stm32f10x_tim.o
                0x000004d0                TIM_ITConfig
 .text.TIM_SetAutoreload
                0x000004e8        0x4 ./src/stm_lib/src/stm32f10x_tim.o
                0x000004e8                TIM_SetAutoreload
 .text.TIM_ClearITPendingBit
                0x000004ec        0x8 ./src/stm_lib/src/stm32f10x_tim.o
                0x000004ec                TIM_ClearITPendingBit
 .text.USART_Init
                0x000004f4       0xc8 ./src/stm_lib/src/stm32f10x_usart.o
                0x000004f4                USART_Init
 .text.USART_Cmd
                0x000005bc       0x1c ./src/stm_lib/src/stm32f10x_usart.o
                0x000005bc                USART_Cmd
 .text.USART_ITConfig
                0x000005d8       0x38 ./src/stm_lib/src/stm32f10x_usart.o
                0x000005d8                USART_ITConfig
 .text.USART_SendData
                0x00000610        0x8 ./src/stm_lib/src/stm32f10x_usart.o
                0x00000610                USART_SendData
 .text.USART_ReceiveData
                0x00000618        0x8 ./src/stm_lib/src/stm32f10x_usart.o
                0x00000618                USART_ReceiveData
 .text.USART_GetFlagStatus
                0x00000620       0x10 ./src/stm_lib/src/stm32f10x_usart.o
                0x00000620                USART_GetFlagStatus
 .text.USART_ClearFlag
                0x00000630        0x8 ./src/stm_lib/src/stm32f10x_usart.o
                0x00000630                USART_ClearFlag
 .text.WIZCHIP_WRITE
                0x00000638       0x38 ./src/ioLibrary_Driver/Ethernet/W5100S/w5100s.o
                0x00000638                WIZCHIP_WRITE
 .text.WIZCHIP_READ
                0x00000670       0x38 ./src/ioLibrary_Driver/Ethernet/W5100S/w5100s.o
                0x00000670                WIZCHIP_READ
 .text.WIZCHIP_WRITE_BUF
                0x000006a8       0x4c ./src/ioLibrary_Driver/Ethernet/W5100S/w5100s.o
                0x000006a8                WIZCHIP_WRITE_BUF
 .text.WIZCHIP_READ_BUF
                0x000006f4       0x4c ./src/ioLibrary_Driver/Ethernet/W5100S/w5100s.o
                0x000006f4                WIZCHIP_READ_BUF
 .text.getSn_TX_FSR
                0x00000740       0x50 ./src/ioLibrary_Driver/Ethernet/W5100S/w5100s.o
                0x00000740                getSn_TX_FSR
 .text.getSn_RX_RSR
                0x00000790       0x50 ./src/ioLibrary_Driver/Ethernet/W5100S/w5100s.o
                0x00000790                getSn_RX_RSR
 .text.getSn_RxBASE
                0x000007e0       0x28 ./src/ioLibrary_Driver/Ethernet/W5100S/w5100s.o
                0x000007e0                getSn_RxBASE
 .text.getSn_TxBASE
                0x00000808       0x28 ./src/ioLibrary_Driver/Ethernet/W5100S/w5100s.o
                0x00000808                getSn_TxBASE
 .text.wiz_send_data
                0x00000830       0xb0 ./src/ioLibrary_Driver/Ethernet/W5100S/w5100s.o
                0x00000830                wiz_send_data
 .text.wiz_recv_data
                0x000008e0       0xb0 ./src/ioLibrary_Driver/Ethernet/W5100S/w5100s.o
                0x000008e0                wiz_recv_data
 .text.wiz_mdio_write
                0x00000990       0x30 ./src/ioLibrary_Driver/Ethernet/W5100S/w5100s.o
                0x00000990                wiz_mdio_write
 .text.wiz_mdio_read
                0x000009c0       0x30 ./src/ioLibrary_Driver/Ethernet/W5100S/w5100s.o
                0x000009c0                wiz_mdio_read
 .text.close    0x000009f0       0x70 ./src/ioLibrary_Driver/Ethernet/socket.o
                0x000009f0                close
 .text.socket   0x00000a60      0x130 ./src/ioLibrary_Driver/Ethernet/socket.o
                0x00000a60                socket
 .text.listen   0x00000b90       0x68 ./src/ioLibrary_Driver/Ethernet/socket.o
                0x00000b90                listen
 .text.disconnect
                0x00000bf8       0x8c ./src/ioLibrary_Driver/Ethernet/socket.o
                0x00000bf8                disconnect
 .text.send     0x00000c84      0x13c ./src/ioLibrary_Driver/Ethernet/socket.o
                0x00000c84                send
 .text.recv     0x00000dc0       0xe0 ./src/ioLibrary_Driver/Ethernet/socket.o
                0x00000dc0                recv
 .text.wizchip_cris_enter
                0x00000ea0        0x4 ./src/ioLibrary_Driver/Ethernet/wizchip_conf.o
                0x00000ea0                wizchip_cris_enter
 .text.wizchip_cris_exit
                0x00000ea4        0x4 ./src/ioLibrary_Driver/Ethernet/wizchip_conf.o
                0x00000ea4                wizchip_cris_exit
 .text.wizchip_cs_select
                0x00000ea8        0x4 ./src/ioLibrary_Driver/Ethernet/wizchip_conf.o
                0x00000ea8                wizchip_cs_select
 .text.wizchip_cs_deselect
                0x00000eac        0x4 ./src/ioLibrary_Driver/Ethernet/wizchip_conf.o
                0x00000eac                wizchip_cs_deselect
 .text.wizchip_bus_readdata
                0x00000eb0        0x4 ./src/ioLibrary_Driver/Ethernet/wizchip_conf.o
                0x00000eb0                wizchip_bus_readdata
 .text.wizchip_bus_writedata
                0x00000eb4        0x4 ./src/ioLibrary_Driver/Ethernet/wizchip_conf.o
                0x00000eb4                wizchip_bus_writedata
 .text.wizchip_spi_readbyte
                0x00000eb8        0x4 ./src/ioLibrary_Driver/Ethernet/wizchip_conf.o
                0x00000eb8                wizchip_spi_readbyte
 .text.wizchip_spi_writebyte
                0x00000ebc        0x4 ./src/ioLibrary_Driver/Ethernet/wizchip_conf.o
                0x00000ebc                wizchip_spi_writebyte
 .text.reg_wizchip_cs_cbfunc
                0x00000ec0       0x24 ./src/ioLibrary_Driver/Ethernet/wizchip_conf.o
                0x00000ec0                reg_wizchip_cs_cbfunc
 .text.reg_wizchip_spi_cbfunc
                0x00000ee4       0x34 ./src/ioLibrary_Driver/Ethernet/wizchip_conf.o
                0x00000ee4                reg_wizchip_spi_cbfunc
 .text.wizchip_sw_reset
                0x00000f18       0x68 ./src/ioLibrary_Driver/Ethernet/wizchip_conf.o
                0x00000f18                wizchip_sw_reset
 .text.wizchip_init
                0x00000f80       0xa4 ./src/ioLibrary_Driver/Ethernet/wizchip_conf.o
                0x00000f80                wizchip_init
 .text.wizchip_clrinterrupt
                0x00001024       0x10 ./src/ioLibrary_Driver/Ethernet/wizchip_conf.o
                0x00001024                wizchip_clrinterrupt
 .text.wizchip_getinterrupt
                0x00001034       0x10 ./src/ioLibrary_Driver/Ethernet/wizchip_conf.o
                0x00001034                wizchip_getinterrupt
 .text.wizchip_setinterruptmask
                0x00001044       0x14 ./src/ioLibrary_Driver/Ethernet/wizchip_conf.o
                0x00001044                wizchip_setinterruptmask
 .text.wizchip_getinterruptmask
                0x00001058       0x18 ./src/ioLibrary_Driver/Ethernet/wizchip_conf.o
                0x00001058                wizchip_getinterruptmask
 .text.wizphy_getphylink
                0x00001070       0x18 ./src/ioLibrary_Driver/Ethernet/wizchip_conf.o
                0x00001070                wizphy_getphylink
 .text.wizphy_getphypmode
                0x00001088        0x8 ./src/ioLibrary_Driver/Ethernet/wizchip_conf.o
                0x00001088                wizphy_getphypmode
 .text.wizphy_reset
                0x00001090       0x28 ./src/ioLibrary_Driver/Ethernet/wizchip_conf.o
                0x00001090                wizphy_reset
 .text.wizphy_setphyconf
                0x000010b8       0x4c ./src/ioLibrary_Driver/Ethernet/wizchip_conf.o
                0x000010b8                wizphy_setphyconf
 .text.wizphy_getphyconf
                0x00001104       0x48 ./src/ioLibrary_Driver/Ethernet/wizchip_conf.o
                0x00001104                wizphy_getphyconf
 .text.wizphy_setphypmode
                0x0000114c       0x50 ./src/ioLibrary_Driver/Ethernet/wizchip_conf.o
                0x0000114c                wizphy_setphypmode
 .text.ctlwizchip
                0x0000119c       0xe4 ./src/ioLibrary_Driver/Ethernet/wizchip_conf.o
                0x0000119c                ctlwizchip
 .text.wizchip_setnetinfo
                0x00001280       0x54 ./src/ioLibrary_Driver/Ethernet/wizchip_conf.o
                0x00001280                wizchip_setnetinfo
 .text.wizchip_getnetinfo
                0x000012d4       0x54 ./src/ioLibrary_Driver/Ethernet/wizchip_conf.o
                0x000012d4                wizchip_getnetinfo
 .text.loopback_tcps
                0x00001328      0x148 ./src/ioLibrary_Driver/Application/loopback/loopback.o
                0x00001328                loopback_tcps
 .text.register_read
                0x00001470       0x70 ./src/ioLibrary_Driver/Application/loopback/loopback.o
                0x00001470                register_read
 .text.Default_Handler
                0x000014e0        0x4 ./src/cmsis_boot/startup/startup_stm32f10x_hd.o
                0x000014e0                EXTI2_IRQHandler
                0x000014e0                TIM8_TRG_COM_IRQHandler
                0x000014e0                TIM8_CC_IRQHandler
                0x000014e0                DebugMon_Handler
                0x000014e0                TIM1_CC_IRQHandler
                0x000014e0                TIM6_IRQHandler
                0x000014e0                SysTick_Handler
                0x000014e0                PVD_IRQHandler
                0x000014e0                SDIO_IRQHandler
                0x000014e0                PendSV_Handler
                0x000014e0                EXTI3_IRQHandler
                0x000014e0                EXTI0_IRQHandler
                0x000014e0                I2C2_EV_IRQHandler
                0x000014e0                ADC1_2_IRQHandler
                0x000014e0                SPI1_IRQHandler
                0x000014e0                TAMPER_IRQHandler
                0x000014e0                TIM8_UP_IRQHandler
                0x000014e0                DMA2_Channel2_IRQHandler
                0x000014e0                DMA1_Channel4_IRQHandler
                0x000014e0                USART3_IRQHandler
                0x000014e0                RTC_IRQHandler
                0x000014e0                DMA1_Channel7_IRQHandler
                0x000014e0                CAN1_RX1_IRQHandler
                0x000014e0                UART5_IRQHandler
                0x000014e0                ADC3_IRQHandler
                0x000014e0                TIM4_IRQHandler
                0x000014e0                DMA2_Channel1_IRQHandler
                0x000014e0                I2C1_EV_IRQHandler
                0x000014e0                DMA1_Channel6_IRQHandler
                0x000014e0                UART4_IRQHandler
                0x000014e0                TIM3_IRQHandler
                0x000014e0                RCC_IRQHandler
                0x000014e0                TIM1_TRG_COM_IRQHandler
                0x000014e0                DMA1_Channel1_IRQHandler
                0x000014e0                EXTI15_10_IRQHandler
                0x000014e0                TIM7_IRQHandler
                0x000014e0                TIM5_IRQHandler
                0x000014e0                EXTI9_5_IRQHandler
                0x000014e0                SPI2_IRQHandler
                0x000014e0                SVC_Handler
                0x000014e0                DMA1_Channel5_IRQHandler
                0x000014e0                EXTI4_IRQHandler
                0x000014e0                USB_LP_CAN1_RX0_IRQHandler
                0x000014e0                USB_HP_CAN1_TX_IRQHandler
                0x000014e0                DMA1_Channel3_IRQHandler
                0x000014e0                FSMC_IRQHandler
                0x000014e0                TIM1_UP_IRQHandler
                0x000014e0                WWDG_IRQHandler
                0x000014e0                TIM1_BRK_IRQHandler
                0x000014e0                EXTI1_IRQHandler
                0x000014e0                RTCAlarm_IRQHandler
                0x000014e0                DMA2_Channel4_5_IRQHandler
                0x000014e0                USART2_IRQHandler
                0x000014e0                I2C2_ER_IRQHandler
                0x000014e0                DMA1_Channel2_IRQHandler
                0x000014e0                TIM8_BRK_IRQHandler
                0x000014e0                CAN1_SCE_IRQHandler
                0x000014e0                FLASH_IRQHandler
                0x000014e0                SPI3_IRQHandler
                0x000014e0                I2C1_ER_IRQHandler
                0x000014e0                USBWakeUp_IRQHandler
                0x000014e0                DMA2_Channel3_IRQHandler
 .text.Default_Reset_Handler
                0x000014e4       0x48 ./src/cmsis_boot/startup/startup_stm32f10x_hd.o
                0x000014e4                Default_Reset_Handler
                0x000014e4                Reset_Handler
 .text.SetSysClockTo72
                0x0000152c       0xc4 ./src/cmsis_boot/system_stm32f10x.o
 .text.SetSysClock
                0x000015f0        0x8 ./src/cmsis_boot/system_stm32f10x.o
 .text.SystemInit
                0x000015f8       0x50 ./src/cmsis_boot/system_stm32f10x.o
                0x000015f8                SystemInit
 .text.HardFault_Handler
                0x00001648       0x10 ./src/HALInit.o
                0x00001648                HardFault_Handler
 .text.MemManage_Handler
                0x00001658       0x10 ./src/HALInit.o
                0x00001658                MemManage_Handler
 .text.NMI_Handler
                0x00001668       0x10 ./src/HALInit.o
                0x00001668                NMI_Handler
 .text.BusFault_Handler
                0x00001678       0x10 ./src/HALInit.o
                0x00001678                BusFault_Handler
 .text.UsageFault_Handler
                0x00001688       0x10 ./src/HALInit.o
                0x00001688                UsageFault_Handler
 .text.timerInitialize
                0x00001698       0x74 ./src/HALInit.o
                0x00001698                timerInitialize
 .text.TIM2_IRQHandler
                0x0000170c       0x1c ./src/HALInit.o
                0x0000170c                TIM2_IRQHandler
 .text.TIM2_gettimer
                0x00001728        0xc ./src/HALInit.o
                0x00001728                TIM2_gettimer
 .text.gpioInitialize
                0x00001734       0xb0 ./src/HALInit.o
                0x00001734                gpioInitialize
 .text.usartInitialize
                0x000017e4       0x78 ./src/HALInit.o
                0x000017e4                usartInitialize
 .text.spiInitailize
                0x0000185c       0x60 ./src/HALInit.o
                0x0000185c                spiInitailize
 .text.W5100SInitialze
                0x000018bc       0x50 ./src/W5100SRelFunctions.o
                0x000018bc                W5100SInitialze
 .text.spiReadByte
                0x0000190c       0x30 ./src/W5100SRelFunctions.o
                0x0000190c                spiReadByte
 .text.spiWriteByte
                0x0000193c       0x30 ./src/W5100SRelFunctions.o
                0x0000193c                spiWriteByte
 .text.csEnable
                0x0000196c       0x10 ./src/W5100SRelFunctions.o
                0x0000196c                csEnable
 .text.csDisable
                0x0000197c       0x10 ./src/W5100SRelFunctions.o
                0x0000197c                csDisable
 .text.resetAssert
                0x0000198c       0x14 ./src/W5100SRelFunctions.o
                0x0000198c                resetAssert
 .text.resetDeassert
                0x000019a0       0x14 ./src/W5100SRelFunctions.o
                0x000019a0                resetDeassert
 .text.delay    0x000019b4       0x14 ./src/main.o
                0x000019b4                delay
 .text.print_network_information
                0x000019c8       0x80 ./src/main.o
                0x000019c8                print_network_information
 .text.main     0x00001a48       0x84 ./src/main.o
                0x00001a48                main
 .text.queue_put
                0x00001acc       0x48 ./src/msgq.o
                0x00001acc                queue_put
 .text.queue_get
                0x00001b14       0x3c ./src/msgq.o
                0x00001b14                queue_get
 .text.queue_isEmpty
                0x00001b50       0x18 ./src/msgq.o
                0x00001b50                queue_isEmpty
 .text.USART1_IRQHandler
                0x00001b68       0x28 ./src/serialCommand.o
                0x00001b68                USART1_IRQHandler
 .text._read    0x00001b90       0x38 ./src/serialCommand.o
                0x00001b90                _read
 .text._write   0x00001bc8       0x4c ./src/serialCommand.o
                0x00001bc8                _write
 .text.memset   0x00001c14       0x10 c:/program files (x86)/gnu tools arm embedded/5.4 2016q2/bin/../lib/gcc/arm-none-eabi/5.4.1/../../../../arm-none-eabi/lib/armv7-m\libg_nano.a(lib_a-memset.o)
                0x00001c14                memset
 .text._free_r  0x00001c24       0x98 c:/program files (x86)/gnu tools arm embedded/5.4 2016q2/bin/../lib/gcc/arm-none-eabi/5.4.1/../../../../arm-none-eabi/lib/armv7-m\libg_nano.a(lib_a-nano-freer.o)
                0x00001c24                _free_r
 .text._malloc_r
                0x00001cbc       0xbc c:/program files (x86)/gnu tools arm embedded/5.4 2016q2/bin/../lib/gcc/arm-none-eabi/5.4.1/../../../../arm-none-eabi/lib/armv7-m\libg_nano.a(lib_a-nano-mallocr.o)
                0x00001cbc                _malloc_r
 .text.printf   0x00001d78       0x30 c:/program files (x86)/gnu tools arm embedded/5.4 2016q2/bin/../lib/gcc/arm-none-eabi/5.4.1/../../../../arm-none-eabi/lib/armv7-m\libg_nano.a(lib_a-printf.o)
                0x00001d78                iprintf
                0x00001d78                printf
 .text._sbrk_r  0x00001da8       0x20 c:/program files (x86)/gnu tools arm embedded/5.4 2016q2/bin/../lib/gcc/arm-none-eabi/5.4.1/../../../../arm-none-eabi/lib/armv7-m\libg_nano.a(lib_a-sbrkr.o)
                0x00001da8                _sbrk_r
 .text._cleanup_r
                0x00001dc8        0xc c:/program files (x86)/gnu tools arm embedded/5.4 2016q2/bin/../lib/gcc/arm-none-eabi/5.4.1/../../../../arm-none-eabi/lib/armv7-m\libg_nano.a(lib_a-findfp.o)
                0x00001dc8                _cleanup_r
 .text.std.isra.0
                0x00001dd4       0x48 c:/program files (x86)/gnu tools arm embedded/5.4 2016q2/bin/../lib/gcc/arm-none-eabi/5.4.1/../../../../arm-none-eabi/lib/armv7-m\libg_nano.a(lib_a-findfp.o)
 .text.__sfmoreglue
                0x00001e1c       0x2c c:/program files (x86)/gnu tools arm embedded/5.4 2016q2/bin/../lib/gcc/arm-none-eabi/5.4.1/../../../../arm-none-eabi/lib/armv7-m\libg_nano.a(lib_a-findfp.o)
                0x00001e1c                __sfmoreglue
 .text.__sinit  0x00001e48       0x60 c:/program files (x86)/gnu tools arm embedded/5.4 2016q2/bin/../lib/gcc/arm-none-eabi/5.4.1/../../../../arm-none-eabi/lib/armv7-m\libg_nano.a(lib_a-findfp.o)
                0x00001e48                __sinit
 .text.__sfp    0x00001ea8       0x78 c:/program files (x86)/gnu tools arm embedded/5.4 2016q2/bin/../lib/gcc/arm-none-eabi/5.4.1/../../../../arm-none-eabi/lib/armv7-m\libg_nano.a(lib_a-findfp.o)
                0x00001ea8                __sfp
 .text._fwalk_reent
                0x00001f20       0x3c c:/program files (x86)/gnu tools arm embedded/5.4 2016q2/bin/../lib/gcc/arm-none-eabi/5.4.1/../../../../arm-none-eabi/lib/armv7-m\libg_nano.a(lib_a-fwalk.o)
                0x00001f20                _fwalk_reent
 .text.__malloc_lock
                0x00001f5c        0x2 c:/program files (x86)/gnu tools arm embedded/5.4 2016q2/bin/../lib/gcc/arm-none-eabi/5.4.1/../../../../arm-none-eabi/lib/armv7-m\libg_nano.a(lib_a-mlock.o)
                0x00001f5c                __malloc_lock
 .text.__malloc_unlock
                0x00001f5e        0x2 c:/program files (x86)/gnu tools arm embedded/5.4 2016q2/bin/../lib/gcc/arm-none-eabi/5.4.1/../../../../arm-none-eabi/lib/armv7-m\libg_nano.a(lib_a-mlock.o)
                0x00001f5e                __malloc_unlock
 .text.__sfputc_r
                0x00001f60       0x2c c:/program files (x86)/gnu tools arm embedded/5.4 2016q2/bin/../lib/gcc/arm-none-eabi/5.4.1/../../../../arm-none-eabi/lib/armv7-m\libg_nano.a(lib_a-nano-vfprintf.o)
 .text.__sfputs_r
                0x00001f8c       0x24 c:/program files (x86)/gnu tools arm embedded/5.4 2016q2/bin/../lib/gcc/arm-none-eabi/5.4.1/../../../../arm-none-eabi/lib/armv7-m\libg_nano.a(lib_a-nano-vfprintf.o)
                0x00001f8c                __sfputs_r
 .text._vfprintf_r
                0x00001fb0      0x238 c:/program files (x86)/gnu tools arm embedded/5.4 2016q2/bin/../lib/gcc/arm-none-eabi/5.4.1/../../../../arm-none-eabi/lib/armv7-m\libg_nano.a(lib_a-nano-vfprintf.o)
                0x00001fb0                _vfprintf_r
                0x00001fb0                _vfiprintf_r
 .text._printf_common
                0x000021e8       0xec c:/program files (x86)/gnu tools arm embedded/5.4 2016q2/bin/../lib/gcc/arm-none-eabi/5.4.1/../../../../arm-none-eabi/lib/armv7-m\libg_nano.a(lib_a-nano-vfprintf_i.o)
                0x000021e8                _printf_common
 .text._printf_i
                0x000022d4      0x24c c:/program files (x86)/gnu tools arm embedded/5.4 2016q2/bin/../lib/gcc/arm-none-eabi/5.4.1/../../../../arm-none-eabi/lib/armv7-m\libg_nano.a(lib_a-nano-vfprintf_i.o)
                0x000022d4                _printf_i
 .text.__sread  0x00002520       0x22 c:/program files (x86)/gnu tools arm embedded/5.4 2016q2/bin/../lib/gcc/arm-none-eabi/5.4.1/../../../../arm-none-eabi/lib/armv7-m\libg_nano.a(lib_a-stdio.o)
                0x00002520                __sread
 .text.__swrite
                0x00002542       0x38 c:/program files (x86)/gnu tools arm embedded/5.4 2016q2/bin/../lib/gcc/arm-none-eabi/5.4.1/../../../../arm-none-eabi/lib/armv7-m\libg_nano.a(lib_a-stdio.o)
                0x00002542                __swrite
 .text.__sseek  0x0000257a       0x24 c:/program files (x86)/gnu tools arm embedded/5.4 2016q2/bin/../lib/gcc/arm-none-eabi/5.4.1/../../../../arm-none-eabi/lib/armv7-m\libg_nano.a(lib_a-stdio.o)
                0x0000257a                __sseek
 .text.__sclose
                0x0000259e        0x8 c:/program files (x86)/gnu tools arm embedded/5.4 2016q2/bin/../lib/gcc/arm-none-eabi/5.4.1/../../../../arm-none-eabi/lib/armv7-m\libg_nano.a(lib_a-stdio.o)
                0x0000259e                __sclose
 *fill*         0x000025a6        0x2 
 .text.__swbuf_r
                0x000025a8       0xa8 c:/program files (x86)/gnu tools arm embedded/5.4 2016q2/bin/../lib/gcc/arm-none-eabi/5.4.1/../../../../arm-none-eabi/lib/armv7-m\libg_nano.a(lib_a-wbuf.o)
                0x000025a8                __swbuf_r
 .text._write_r
                0x00002650       0x24 c:/program files (x86)/gnu tools arm embedded/5.4 2016q2/bin/../lib/gcc/arm-none-eabi/5.4.1/../../../../arm-none-eabi/lib/armv7-m\libg_nano.a(lib_a-writer.o)
                0x00002650                _write_r
 .text.__swsetup_r
                0x00002674       0xdc c:/program files (x86)/gnu tools arm embedded/5.4 2016q2/bin/../lib/gcc/arm-none-eabi/5.4.1/../../../../arm-none-eabi/lib/armv7-m\libg_nano.a(lib_a-wsetup.o)
                0x00002674                __swsetup_r
 .text._close_r
                0x00002750       0x20 c:/program files (x86)/gnu tools arm embedded/5.4 2016q2/bin/../lib/gcc/arm-none-eabi/5.4.1/../../../../arm-none-eabi/lib/armv7-m\libg_nano.a(lib_a-closer.o)
                0x00002750                _close_r
 .text.__sflush_r
                0x00002770      0x10c c:/program files (x86)/gnu tools arm embedded/5.4 2016q2/bin/../lib/gcc/arm-none-eabi/5.4.1/../../../../arm-none-eabi/lib/armv7-m\libg_nano.a(lib_a-fflush.o)
                0x00002770                __sflush_r
 .text._fflush_r
                0x0000287c       0x54 c:/program files (x86)/gnu tools arm embedded/5.4 2016q2/bin/../lib/gcc/arm-none-eabi/5.4.1/../../../../arm-none-eabi/lib/armv7-m\libg_nano.a(lib_a-fflush.o)
                0x0000287c                _fflush_r
 .text._lseek_r
                0x000028d0       0x24 c:/program files (x86)/gnu tools arm embedded/5.4 2016q2/bin/../lib/gcc/arm-none-eabi/5.4.1/../../../../arm-none-eabi/lib/armv7-m\libg_nano.a(lib_a-lseekr.o)
                0x000028d0                _lseek_r
 .text.__swhatbuf_r
                0x000028f4       0x46 c:/program files (x86)/gnu tools arm embedded/5.4 2016q2/bin/../lib/gcc/arm-none-eabi/5.4.1/../../../../arm-none-eabi/lib/armv7-m\libg_nano.a(lib_a-makebuf.o)
                0x000028f4                __swhatbuf_r
 *fill*         0x0000293a        0x2 
 .text.__smakebuf_r
                0x0000293c       0x78 c:/program files (x86)/gnu tools arm embedded/5.4 2016q2/bin/../lib/gcc/arm-none-eabi/5.4.1/../../../../arm-none-eabi/lib/armv7-m\libg_nano.a(lib_a-makebuf.o)
                0x0000293c                __smakebuf_r
 .text.memchr   0x000029b4       0x1c c:/program files (x86)/gnu tools arm embedded/5.4 2016q2/bin/../lib/gcc/arm-none-eabi/5.4.1/../../../../arm-none-eabi/lib/armv7-m\libg_nano.a(lib_a-memchr-stub.o)
                0x000029b4                memchr
 .text._read_r  0x000029d0       0x24 c:/program files (x86)/gnu tools arm embedded/5.4 2016q2/bin/../lib/gcc/arm-none-eabi/5.4.1/../../../../arm-none-eabi/lib/armv7-m\libg_nano.a(lib_a-readr.o)
                0x000029d0                _read_r
 .text._fstat_r
                0x000029f4       0x24 c:/program files (x86)/gnu tools arm embedded/5.4 2016q2/bin/../lib/gcc/arm-none-eabi/5.4.1/../../../../arm-none-eabi/lib/armv7-m\libg_nano.a(lib_a-fstatr.o)
                0x000029f4                _fstat_r
 .text._isatty_r
                0x00002a18       0x20 c:/program files (x86)/gnu tools arm embedded/5.4 2016q2/bin/../lib/gcc/arm-none-eabi/5.4.1/../../../../arm-none-eabi/lib/armv7-m\libg_nano.a(lib_a-isattyr.o)
                0x00002a18                _isatty_r
 *(.rodata .rodata.* .constdata .constdata.*)
 .rodata.str1.4
                0x00002a38      0x1ad ./src/ioLibrary_Driver/Application/loopback/loopback.o
                                0x1b1 (size before relaxing)
 *fill*         0x00002be5        0x3 
 .rodata.str1.4
                0x00002be8       0x43 ./src/HALInit.o
 *fill*         0x00002c2b        0x1 
 .rodata        0x00002c2c        0x8 ./src/W5100SRelFunctions.o
 .rodata.str1.4
                0x00002c34       0x2f ./src/W5100SRelFunctions.o
 *fill*         0x00002c63        0x1 
 .rodata.str1.4
                0x00002c64       0xda ./src/main.o
 *fill*         0x00002d3e        0x2 
 .rodata.str1.4
                0x00002d40       0x28 ./src/msgq.o
 .rodata.__sf_fake_stdin
                0x00002d68       0x20 c:/program files (x86)/gnu tools arm embedded/5.4 2016q2/bin/../lib/gcc/arm-none-eabi/5.4.1/../../../../arm-none-eabi/lib/armv7-m\libg_nano.a(lib_a-findfp.o)
                0x00002d68                __sf_fake_stdin
 .rodata.__sf_fake_stdout
                0x00002d88       0x20 c:/program files (x86)/gnu tools arm embedded/5.4 2016q2/bin/../lib/gcc/arm-none-eabi/5.4.1/../../../../arm-none-eabi/lib/armv7-m\libg_nano.a(lib_a-findfp.o)
                0x00002d88                __sf_fake_stdout
 .rodata.__sf_fake_stderr
                0x00002da8       0x20 c:/program files (x86)/gnu tools arm embedded/5.4 2016q2/bin/../lib/gcc/arm-none-eabi/5.4.1/../../../../arm-none-eabi/lib/armv7-m\libg_nano.a(lib_a-findfp.o)
                0x00002da8                __sf_fake_stderr
 .rodata.str1.1
                0x00002dc8        0x2 c:/program files (x86)/gnu tools arm embedded/5.4 2016q2/bin/../lib/gcc/arm-none-eabi/5.4.1/../../../../arm-none-eabi/lib/armv7-m\libg_nano.a(lib_a-impure.o)
 *fill*         0x00002dca        0x2 
 .rodata._global_impure_ptr
                0x00002dcc        0x4 c:/program files (x86)/gnu tools arm embedded/5.4 2016q2/bin/../lib/gcc/arm-none-eabi/5.4.1/../../../../arm-none-eabi/lib/armv7-m\libg_nano.a(lib_a-impure.o)
                0x00002dcc                _global_impure_ptr
 .rodata.str1.1
                0x00002dd0       0x11 c:/program files (x86)/gnu tools arm embedded/5.4 2016q2/bin/../lib/gcc/arm-none-eabi/5.4.1/../../../../arm-none-eabi/lib/armv7-m\libg_nano.a(lib_a-nano-vfprintf.o)
 .rodata.str1.1
                0x00002de1       0x22 c:/program files (x86)/gnu tools arm embedded/5.4 2016q2/bin/../lib/gcc/arm-none-eabi/5.4.1/../../../../arm-none-eabi/lib/armv7-m\libg_nano.a(lib_a-nano-vfprintf_i.o)
 *(vtable)
 *(.eh_frame*)
 *(.glue_7)
 .glue_7        0x00002e03        0x0 linker stubs
 *(.glue_7t)
 .glue_7t       0x00002e03        0x0 linker stubs

.vfp11_veneer   0x00002e04        0x0
 .vfp11_veneer  0x00002e04        0x0 linker stubs

.v4_bx          0x00002e04        0x0
 .v4_bx         0x00002e04        0x0 linker stubs

.iplt           0x00002e04        0x0
 .iplt          0x00002e04        0x0 ./src/syscalls/syscalls.o

.rel.dyn        0x00002e04        0x0
 .rel.iplt      0x00002e04        0x0 ./src/syscalls/syscalls.o

.ARM.extab
 *(.ARM.extab* .gnu.linkonce.armextab.*)
                0x00002e04                . = ALIGN (0x4)
                0x00002e04                __exidx_start = .

.ARM.exidx
 *(.ARM.exidx* .gnu.linkonce.armexidx.*)
                0x00002e04                __exidx_end = .
                0x00002e04                . = ALIGN (0x4)
                0x00002e04                _etext = .
                0x00002e04                __etext = .

.data_CCMRAM    0x10000000        0x0 load address 0x00002e04
 FILL mask 0xff
 *(.data.CCMRAM .data.CCMRAM.*)
                0x10000000                . = ALIGN (0x4)
                0x00002e04                _sidata = LOADADDR (.data)

.data           0x20000000       0xcc load address 0x00002e04
 FILL mask 0xff
                0x20000000                _sdata = .
                0x20000000                __data_start__ = .
 *(.data_begin .data_begin.*)
 *(.data .data.*)
 .data.ADCPrescTable
                0x20000000        0x4 ./src/stm_lib/src/stm32f10x_rcc.o
 .data.APBAHBPrescTable
                0x20000004       0x10 ./src/stm_lib/src/stm32f10x_rcc.o
 .data.sock_any_port
                0x20000014        0x2 ./src/ioLibrary_Driver/Ethernet/socket.o
 *fill*         0x20000016        0x2 ff
 .data.WIZCHIP  0x20000018       0x28 ./src/ioLibrary_Driver/Ethernet/wizchip_conf.o
                0x20000018                WIZCHIP
 .data.gWIZNETINFO
                0x20000040       0x17 ./src/main.o
                0x20000040                gWIZNETINFO
 *fill*         0x20000057        0x1 ff
 .data.serialMsgQueue
                0x20000058       0x10 ./src/msgq.o
                0x20000058                serialMsgQueue
 .data.impure_data
                0x20000068       0x60 c:/program files (x86)/gnu tools arm embedded/5.4 2016q2/bin/../lib/gcc/arm-none-eabi/5.4.1/../../../../arm-none-eabi/lib/armv7-m\libg_nano.a(lib_a-impure.o)
 .data._impure_ptr
                0x200000c8        0x4 c:/program files (x86)/gnu tools arm embedded/5.4 2016q2/bin/../lib/gcc/arm-none-eabi/5.4.1/../../../../arm-none-eabi/lib/armv7-m\libg_nano.a(lib_a-impure.o)
                0x200000c8                _impure_ptr
 *(.data_end .data_end.*)
                0x200000cc                . = ALIGN (0x4)
                0x200000cc                _edata = .
                0x200000cc                __data_end__ = .

.igot.plt       0x200000cc        0x0 load address 0x00002ed0
 .igot.plt      0x200000cc        0x0 ./src/syscalls/syscalls.o

.co_stack       0x200000cc      0x400 load address 0x00002ed0
 .co_stack      0x200000cc      0x400 ./src/cmsis_boot/startup/startup_stm32f10x_hd.o
                0x200000cc                pulStack

.bss_CCMRAM     0x10000000        0x0
 *(.bss.CCMRAM .bss.CCMRAM.*)

.bss            0x200004cc     0x212c
                0x200004cc                __bss_start__ = .
                0x200004cc                _sbss = .
 *(.bss_begin .bss_begin.*)
 *(.bss .bss.*)
 .bss.heap.4816
                0x200004cc        0x4 ./src/syscalls/syscalls.o
 .bss.sock_io_mode
                0x200004d0        0x2 ./src/ioLibrary_Driver/Ethernet/socket.o
 .bss.sock_is_sending
                0x200004d2        0x2 ./src/ioLibrary_Driver/Ethernet/socket.o
 .bss.sock_pack_info
                0x200004d4        0x4 ./src/ioLibrary_Driver/Ethernet/socket.o
                0x200004d4                sock_pack_info
 .bss.sock_remained_size
                0x200004d8        0x8 ./src/ioLibrary_Driver/Ethernet/socket.o
 .bss._DHCP_    0x200004e0        0x1 ./src/ioLibrary_Driver/Ethernet/wizchip_conf.o
 *fill*         0x200004e1        0x3 
 .bss._DNS_     0x200004e4        0x4 ./src/ioLibrary_Driver/Ethernet/wizchip_conf.o
 .bss.globalTimer
                0x200004e8        0x4 ./src/HALInit.o
                0x200004e8                globalTimer
 .bss.__malloc_sbrk_start
                0x200004ec        0x4 c:/program files (x86)/gnu tools arm embedded/5.4 2016q2/bin/../lib/gcc/arm-none-eabi/5.4.1/../../../../arm-none-eabi/lib/armv7-m\libg_nano.a(lib_a-nano-mallocr.o)
                0x200004ec                __malloc_sbrk_start
 .bss.__malloc_free_list
                0x200004f0        0x4 c:/program files (x86)/gnu tools arm embedded/5.4 2016q2/bin/../lib/gcc/arm-none-eabi/5.4.1/../../../../arm-none-eabi/lib/armv7-m\libg_nano.a(lib_a-nano-mallocr.o)
                0x200004f0                __malloc_free_list
 *(COMMON)
 COMMON         0x200004f4     0x2000 ./src/main.o
                0x200004f4                ethBuf1
                0x20000cf4                ethBuf2
                0x200014f4                ethBuf3
                0x20001cf4                ethBuf0
 COMMON         0x200024f4      0x100 ./src/msgq.o
                0x200024f4                serialMsgQueueBuf
 COMMON         0x200025f4        0x4 c:/program files (x86)/gnu tools arm embedded/5.4 2016q2/bin/../lib/gcc/arm-none-eabi/5.4.1/../../../../arm-none-eabi/lib/armv7-m\libg_nano.a(lib_a-reent.o)
                0x200025f4                errno
 *(.bss_end .bss_end.*)
                0x200025f8                . = ALIGN (0x4)
                0x200025f8                __bss_end__ = .
                0x200025f8                _ebss = .

.noinit_CCMRAM
 *(.noinit.CCMRAM .noinit.CCMRAM.*)

.noinit         0x200025f8        0x0
                0x200025f8                _noinit = .
 *(.noinit .noinit.*)
                0x200025f8                . = ALIGN (0x4)
                0x200025f8                _end_noinit = .
                [!provide]                PROVIDE (end, _end_noinit)
                0x200025f8                PROVIDE (_end, _end_noinit)
                [!provide]                PROVIDE (__end, _end_noinit)
                [!provide]                PROVIDE (__end__, _end_noinit)

._check_stack   0x200025f8      0x100
                0x200026f8                . = (. + _Minimum_Stack_Size)
 *fill*         0x200025f8      0x100 

.b1text
 *(.b1text)
 *(.b1rodata)
 *(.b1rodata.*)

.eb0text
 *(.eb0text)
 *(.eb0rodata)
 *(.eb0rodata.*)

.eb1text
 *(.eb1text)
 *(.eb1rodata)
 *(.eb1rodata.*)

.eb2text
 *(.eb2text)
 *(.eb2rodata)
 *(.eb2rodata.*)

.eb3text
 *(.eb3text)
 *(.eb3rodata)
 *(.eb3rodata.*)

.stab
 *(.stab)

.stabstr
 *(.stabstr)

.stab.excl
 *(.stab.excl)

.stab.exclstr
 *(.stab.exclstr)

.stab.index
 *(.stab.index)

.stab.indexstr
 *(.stab.indexstr)

.comment        0x00000000       0x6e
 *(.comment)
 .comment       0x00000000       0x6e ./src/syscalls/syscalls.o
                                 0x6f (size before relaxing)
 .comment       0x0000006e       0x6f ./src/stm_lib/src/misc.o
 .comment       0x0000006e       0x6f ./src/stm_lib/src/stm32f10x_gpio.o
 .comment       0x0000006e       0x6f ./src/stm_lib/src/stm32f10x_rcc.o
 .comment       0x0000006e       0x6f ./src/stm_lib/src/stm32f10x_spi.o
 .comment       0x0000006e       0x6f ./src/stm_lib/src/stm32f10x_tim.o
 .comment       0x0000006e       0x6f ./src/stm_lib/src/stm32f10x_usart.o
 .comment       0x0000006e       0x6f ./src/ioLibrary_Driver/Ethernet/W5100S/w5100s.o
 .comment       0x0000006e       0x6f ./src/ioLibrary_Driver/Ethernet/socket.o
 .comment       0x0000006e       0x6f ./src/ioLibrary_Driver/Ethernet/wizchip_conf.o
 .comment       0x0000006e       0x6f ./src/ioLibrary_Driver/Application/loopback/loopback.o
 .comment       0x0000006e       0x6f ./src/cmsis_boot/startup/startup_stm32f10x_hd.o
 .comment       0x0000006e       0x6f ./src/cmsis_boot/system_stm32f10x.o
 .comment       0x0000006e       0x6f ./src/HALInit.o
 .comment       0x0000006e       0x6f ./src/W5100SRelFunctions.o
 .comment       0x0000006e       0x6f ./src/main.o
 .comment       0x0000006e       0x6f ./src/msgq.o
 .comment       0x0000006e       0x6f ./src/serialCommand.o

.ARM.attributes
                0x00000000       0x31
 .ARM.attributes
                0x00000000       0x33 ./src/syscalls/syscalls.o
 .ARM.attributes
                0x00000033       0x33 ./src/stm_lib/src/misc.o
 .ARM.attributes
                0x00000066       0x33 ./src/stm_lib/src/stm32f10x_gpio.o
 .ARM.attributes
                0x00000099       0x33 ./src/stm_lib/src/stm32f10x_rcc.o
 .ARM.attributes
                0x000000cc       0x33 ./src/stm_lib/src/stm32f10x_spi.o
 .ARM.attributes
                0x000000ff       0x33 ./src/stm_lib/src/stm32f10x_tim.o
 .ARM.attributes
                0x00000132       0x33 ./src/stm_lib/src/stm32f10x_usart.o
 .ARM.attributes
                0x00000165       0x33 ./src/ioLibrary_Driver/Ethernet/W5100S/w5100s.o
 .ARM.attributes
                0x00000198       0x33 ./src/ioLibrary_Driver/Ethernet/socket.o
 .ARM.attributes
                0x000001cb       0x33 ./src/ioLibrary_Driver/Ethernet/wizchip_conf.o
 .ARM.attributes
                0x000001fe       0x33 ./src/ioLibrary_Driver/Application/loopback/loopback.o
 .ARM.attributes
                0x00000231       0x33 ./src/cmsis_boot/startup/startup_stm32f10x_hd.o
 .ARM.attributes
                0x00000264       0x33 ./src/cmsis_boot/system_stm32f10x.o
 .ARM.attributes
                0x00000297       0x33 ./src/HALInit.o
 .ARM.attributes
                0x000002ca       0x33 ./src/W5100SRelFunctions.o
 .ARM.attributes
                0x000002fd       0x33 ./src/main.o
 .ARM.attributes
                0x00000330       0x33 ./src/msgq.o
 .ARM.attributes
                0x00000363       0x33 ./src/serialCommand.o
 .ARM.attributes
                0x00000396       0x2d c:/program files (x86)/gnu tools arm embedded/5.4 2016q2/bin/../lib/gcc/arm-none-eabi/5.4.1/../../../../arm-none-eabi/lib/armv7-m\libg_nano.a(lib_a-memset.o)
 .ARM.attributes
                0x000003c3       0x2d c:/program files (x86)/gnu tools arm embedded/5.4 2016q2/bin/../lib/gcc/arm-none-eabi/5.4.1/../../../../arm-none-eabi/lib/armv7-m\libg_nano.a(lib_a-nano-freer.o)
 .ARM.attributes
                0x000003f0       0x2d c:/program files (x86)/gnu tools arm embedded/5.4 2016q2/bin/../lib/gcc/arm-none-eabi/5.4.1/../../../../arm-none-eabi/lib/armv7-m\libg_nano.a(lib_a-nano-mallocr.o)
 .ARM.attributes
                0x0000041d       0x2d c:/program files (x86)/gnu tools arm embedded/5.4 2016q2/bin/../lib/gcc/arm-none-eabi/5.4.1/../../../../arm-none-eabi/lib/armv7-m\libg_nano.a(lib_a-printf.o)
 .ARM.attributes
                0x0000044a       0x2d c:/program files (x86)/gnu tools arm embedded/5.4 2016q2/bin/../lib/gcc/arm-none-eabi/5.4.1/../../../../arm-none-eabi/lib/armv7-m\libg_nano.a(lib_a-sbrkr.o)
 .ARM.attributes
                0x00000477       0x2d c:/program files (x86)/gnu tools arm embedded/5.4 2016q2/bin/../lib/gcc/arm-none-eabi/5.4.1/../../../../arm-none-eabi/lib/armv7-m\libg_nano.a(lib_a-findfp.o)
 .ARM.attributes
                0x000004a4       0x2d c:/program files (x86)/gnu tools arm embedded/5.4 2016q2/bin/../lib/gcc/arm-none-eabi/5.4.1/../../../../arm-none-eabi/lib/armv7-m\libg_nano.a(lib_a-fwalk.o)
 .ARM.attributes
                0x000004d1       0x2d c:/program files (x86)/gnu tools arm embedded/5.4 2016q2/bin/../lib/gcc/arm-none-eabi/5.4.1/../../../../arm-none-eabi/lib/armv7-m\libg_nano.a(lib_a-impure.o)
 .ARM.attributes
                0x000004fe       0x2d c:/program files (x86)/gnu tools arm embedded/5.4 2016q2/bin/../lib/gcc/arm-none-eabi/5.4.1/../../../../arm-none-eabi/lib/armv7-m\libg_nano.a(lib_a-mlock.o)
 .ARM.attributes
                0x0000052b       0x2d c:/program files (x86)/gnu tools arm embedded/5.4 2016q2/bin/../lib/gcc/arm-none-eabi/5.4.1/../../../../arm-none-eabi/lib/armv7-m\libg_nano.a(lib_a-nano-vfprintf.o)
 .ARM.attributes
                0x00000558       0x2d c:/program files (x86)/gnu tools arm embedded/5.4 2016q2/bin/../lib/gcc/arm-none-eabi/5.4.1/../../../../arm-none-eabi/lib/armv7-m\libg_nano.a(lib_a-nano-vfprintf_i.o)
 .ARM.attributes
                0x00000585       0x2d c:/program files (x86)/gnu tools arm embedded/5.4 2016q2/bin/../lib/gcc/arm-none-eabi/5.4.1/../../../../arm-none-eabi/lib/armv7-m\libg_nano.a(lib_a-reent.o)
 .ARM.attributes
                0x000005b2       0x2d c:/program files (x86)/gnu tools arm embedded/5.4 2016q2/bin/../lib/gcc/arm-none-eabi/5.4.1/../../../../arm-none-eabi/lib/armv7-m\libg_nano.a(lib_a-stdio.o)
 .ARM.attributes
                0x000005df       0x2d c:/program files (x86)/gnu tools arm embedded/5.4 2016q2/bin/../lib/gcc/arm-none-eabi/5.4.1/../../../../arm-none-eabi/lib/armv7-m\libg_nano.a(lib_a-wbuf.o)
 .ARM.attributes
                0x0000060c       0x2d c:/program files (x86)/gnu tools arm embedded/5.4 2016q2/bin/../lib/gcc/arm-none-eabi/5.4.1/../../../../arm-none-eabi/lib/armv7-m\libg_nano.a(lib_a-writer.o)
 .ARM.attributes
                0x00000639       0x2d c:/program files (x86)/gnu tools arm embedded/5.4 2016q2/bin/../lib/gcc/arm-none-eabi/5.4.1/../../../../arm-none-eabi/lib/armv7-m\libg_nano.a(lib_a-wsetup.o)
 .ARM.attributes
                0x00000666       0x2d c:/program files (x86)/gnu tools arm embedded/5.4 2016q2/bin/../lib/gcc/arm-none-eabi/5.4.1/../../../../arm-none-eabi/lib/armv7-m\libg_nano.a(lib_a-closer.o)
 .ARM.attributes
                0x00000693       0x2d c:/program files (x86)/gnu tools arm embedded/5.4 2016q2/bin/../lib/gcc/arm-none-eabi/5.4.1/../../../../arm-none-eabi/lib/armv7-m\libg_nano.a(lib_a-fflush.o)
 .ARM.attributes
                0x000006c0       0x2d c:/program files (x86)/gnu tools arm embedded/5.4 2016q2/bin/../lib/gcc/arm-none-eabi/5.4.1/../../../../arm-none-eabi/lib/armv7-m\libg_nano.a(lib_a-lseekr.o)
 .ARM.attributes
                0x000006ed       0x2d c:/program files (x86)/gnu tools arm embedded/5.4 2016q2/bin/../lib/gcc/arm-none-eabi/5.4.1/../../../../arm-none-eabi/lib/armv7-m\libg_nano.a(lib_a-makebuf.o)
 .ARM.attributes
                0x0000071a       0x2d c:/program files (x86)/gnu tools arm embedded/5.4 2016q2/bin/../lib/gcc/arm-none-eabi/5.4.1/../../../../arm-none-eabi/lib/armv7-m\libg_nano.a(lib_a-memchr-stub.o)
 .ARM.attributes
                0x00000747       0x2d c:/program files (x86)/gnu tools arm embedded/5.4 2016q2/bin/../lib/gcc/arm-none-eabi/5.4.1/../../../../arm-none-eabi/lib/armv7-m\libg_nano.a(lib_a-readr.o)
 .ARM.attributes
                0x00000774       0x2d c:/program files (x86)/gnu tools arm embedded/5.4 2016q2/bin/../lib/gcc/arm-none-eabi/5.4.1/../../../../arm-none-eabi/lib/armv7-m\libg_nano.a(lib_a-fstatr.o)
 .ARM.attributes
                0x000007a1       0x2d c:/program files (x86)/gnu tools arm embedded/5.4 2016q2/bin/../lib/gcc/arm-none-eabi/5.4.1/../../../../arm-none-eabi/lib/armv7-m\libg_nano.a(lib_a-isattyr.o)

.debug
 *(.debug)

.line
 *(.line)

.debug_srcinfo
 *(.debug_srcinfo)

.debug_sfnames
 *(.debug_sfnames)

.debug_aranges  0x00000000      0xb90
 *(.debug_aranges)
 .debug_aranges
                0x00000000       0x50 ./src/syscalls/syscalls.o
 .debug_aranges
                0x00000050       0x40 ./src/stm_lib/src/misc.o
 .debug_aranges
                0x00000090       0xa8 ./src/stm_lib/src/stm32f10x_gpio.o
 .debug_aranges
                0x00000138      0x118 ./src/stm_lib/src/stm32f10x_rcc.o
 .debug_aranges
                0x00000250       0xd0 ./src/stm_lib/src/stm32f10x_spi.o
 .debug_aranges
                0x00000320      0x2f0 ./src/stm_lib/src/stm32f10x_tim.o
 .debug_aranges
                0x00000610      0x100 ./src/stm_lib/src/stm32f10x_usart.o
 .debug_aranges
                0x00000710       0x88 ./src/ioLibrary_Driver/Ethernet/W5100S/w5100s.o
 .debug_aranges
                0x00000798       0x78 ./src/ioLibrary_Driver/Ethernet/socket.o
 .debug_aranges
                0x00000810      0x130 ./src/ioLibrary_Driver/Ethernet/wizchip_conf.o
 .debug_aranges
                0x00000940       0x40 ./src/ioLibrary_Driver/Application/loopback/loopback.o
 .debug_aranges
                0x00000980       0x28 ./src/cmsis_boot/startup/startup_stm32f10x_hd.o
 .debug_aranges
                0x000009a8       0x38 ./src/cmsis_boot/system_stm32f10x.o
 .debug_aranges
                0x000009e0       0x98 ./src/HALInit.o
 .debug_aranges
                0x00000a78       0x68 ./src/W5100SRelFunctions.o
 .debug_aranges
                0x00000ae0       0x30 ./src/main.o
 .debug_aranges
                0x00000b10       0x38 ./src/msgq.o
 .debug_aranges
                0x00000b48       0x48 ./src/serialCommand.o

.debug_pubnames
 *(.debug_pubnames)

.debug_info     0x00000000     0xb251
 *(.debug_info .gnu.linkonce.wi.*)
 .debug_info    0x00000000      0x3d5 ./src/syscalls/syscalls.o
 .debug_info    0x000003d5      0x543 ./src/stm_lib/src/misc.o
 .debug_info    0x00000918      0x86b ./src/stm_lib/src/stm32f10x_gpio.o
 .debug_info    0x00001183      0x8b1 ./src/stm_lib/src/stm32f10x_rcc.o
 .debug_info    0x00001a34      0x9a3 ./src/stm_lib/src/stm32f10x_spi.o
 .debug_info    0x000023d7     0x2178 ./src/stm_lib/src/stm32f10x_tim.o
 .debug_info    0x0000454f      0xb00 ./src/stm_lib/src/stm32f10x_usart.o
 .debug_info    0x0000504f      0xbd3 ./src/ioLibrary_Driver/Ethernet/W5100S/w5100s.o
 .debug_info    0x00005c22     0x11df ./src/ioLibrary_Driver/Ethernet/socket.o
 .debug_info    0x00006e01     0x10b3 ./src/ioLibrary_Driver/Ethernet/wizchip_conf.o
 .debug_info    0x00007eb4      0x912 ./src/ioLibrary_Driver/Application/loopback/loopback.o
 .debug_info    0x000087c6      0x120 ./src/cmsis_boot/startup/startup_stm32f10x_hd.o
 .debug_info    0x000088e6      0x497 ./src/cmsis_boot/system_stm32f10x.o
 .debug_info    0x00008d7d     0x1222 ./src/HALInit.o
 .debug_info    0x00009f9f      0x6f7 ./src/W5100SRelFunctions.o
 .debug_info    0x0000a696      0x54b ./src/main.o
 .debug_info    0x0000abe1      0x19e ./src/msgq.o
 .debug_info    0x0000ad7f      0x4d2 ./src/serialCommand.o

.debug_abbrev   0x00000000     0x1e2f
 *(.debug_abbrev)
 .debug_abbrev  0x00000000       0xf7 ./src/syscalls/syscalls.o
 .debug_abbrev  0x000000f7      0x15b ./src/stm_lib/src/misc.o
 .debug_abbrev  0x00000252      0x1f2 ./src/stm_lib/src/stm32f10x_gpio.o
 .debug_abbrev  0x00000444      0x1e7 ./src/stm_lib/src/stm32f10x_rcc.o
 .debug_abbrev  0x0000062b      0x1cd ./src/stm_lib/src/stm32f10x_spi.o
 .debug_abbrev  0x000007f8      0x1e1 ./src/stm_lib/src/stm32f10x_tim.o
 .debug_abbrev  0x000009d9      0x1cb ./src/stm_lib/src/stm32f10x_usart.o
 .debug_abbrev  0x00000ba4      0x266 ./src/ioLibrary_Driver/Ethernet/W5100S/w5100s.o
 .debug_abbrev  0x00000e0a      0x196 ./src/ioLibrary_Driver/Ethernet/socket.o
 .debug_abbrev  0x00000fa0      0x306 ./src/ioLibrary_Driver/Ethernet/wizchip_conf.o
 .debug_abbrev  0x000012a6      0x11c ./src/ioLibrary_Driver/Application/loopback/loopback.o
 .debug_abbrev  0x000013c2       0xcb ./src/cmsis_boot/startup/startup_stm32f10x_hd.o
 .debug_abbrev  0x0000148d      0x159 ./src/cmsis_boot/system_stm32f10x.o
 .debug_abbrev  0x000015e6      0x20d ./src/HALInit.o
 .debug_abbrev  0x000017f3      0x1ae ./src/W5100SRelFunctions.o
 .debug_abbrev  0x000019a1      0x1a8 ./src/main.o
 .debug_abbrev  0x00001b49      0x139 ./src/msgq.o
 .debug_abbrev  0x00001c82      0x1ad ./src/serialCommand.o

.debug_line     0x00000000     0x56d4
 *(.debug_line)
 .debug_line    0x00000000      0x370 ./src/syscalls/syscalls.o
 .debug_line    0x00000370      0x330 ./src/stm_lib/src/misc.o
 .debug_line    0x000006a0      0x4a6 ./src/stm_lib/src/stm32f10x_gpio.o
 .debug_line    0x00000b46      0x57a ./src/stm_lib/src/stm32f10x_rcc.o
 .debug_line    0x000010c0      0x4ee ./src/stm_lib/src/stm32f10x_spi.o
 .debug_line    0x000015ae      0xb64 ./src/stm_lib/src/stm32f10x_tim.o
 .debug_line    0x00002112      0x55f ./src/stm_lib/src/stm32f10x_usart.o
 .debug_line    0x00002671      0x3dd ./src/ioLibrary_Driver/Ethernet/W5100S/w5100s.o
 .debug_line    0x00002a4e      0x628 ./src/ioLibrary_Driver/Ethernet/socket.o
 .debug_line    0x00003076      0x5c1 ./src/ioLibrary_Driver/Ethernet/wizchip_conf.o
 .debug_line    0x00003637      0x5b2 ./src/ioLibrary_Driver/Application/loopback/loopback.o
 .debug_line    0x00003be9       0x80 ./src/cmsis_boot/startup/startup_stm32f10x_hd.o
 .debug_line    0x00003c69      0x24a ./src/cmsis_boot/system_stm32f10x.o
 .debug_line    0x00003eb3      0x743 ./src/HALInit.o
 .debug_line    0x000045f6      0x54a ./src/W5100SRelFunctions.o
 .debug_line    0x00004b40      0x748 ./src/main.o
 .debug_line    0x00005288       0x86 ./src/msgq.o
 .debug_line    0x0000530e      0x3c6 ./src/serialCommand.o

.debug_frame    0x00000000     0x22fc
 *(.debug_frame)
 .debug_frame   0x00000000       0x80 ./src/syscalls/syscalls.o
 .debug_frame   0x00000080       0x60 ./src/stm_lib/src/misc.o
 .debug_frame   0x000000e0      0x16c ./src/stm_lib/src/stm32f10x_gpio.o
 .debug_frame   0x0000024c      0x228 ./src/stm_lib/src/stm32f10x_rcc.o
 .debug_frame   0x00000474      0x1b8 ./src/stm_lib/src/stm32f10x_spi.o
 .debug_frame   0x0000062c      0x6c4 ./src/stm_lib/src/stm32f10x_tim.o
 .debug_frame   0x00000cf0      0x220 ./src/stm_lib/src/stm32f10x_usart.o
 .debug_frame   0x00000f10      0x1c4 ./src/ioLibrary_Driver/Ethernet/W5100S/w5100s.o
 .debug_frame   0x000010d4      0x294 ./src/ioLibrary_Driver/Ethernet/socket.o
 .debug_frame   0x00001368      0x2f0 ./src/ioLibrary_Driver/Ethernet/wizchip_conf.o
 .debug_frame   0x00001658       0xc0 ./src/ioLibrary_Driver/Application/loopback/loopback.o
 .debug_frame   0x00001718       0x38 ./src/cmsis_boot/startup/startup_stm32f10x_hd.o
 .debug_frame   0x00001750       0x68 ./src/cmsis_boot/system_stm32f10x.o
 .debug_frame   0x000017b8      0x1c0 ./src/HALInit.o
 .debug_frame   0x00001978       0xf4 ./src/W5100SRelFunctions.o
 .debug_frame   0x00001a6c       0x64 ./src/main.o
 .debug_frame   0x00001ad0       0x64 ./src/msgq.o
 .debug_frame   0x00001b34       0xbc ./src/serialCommand.o
 .debug_frame   0x00001bf0       0x20 c:/program files (x86)/gnu tools arm embedded/5.4 2016q2/bin/../lib/gcc/arm-none-eabi/5.4.1/../../../../arm-none-eabi/lib/armv7-m\libg_nano.a(lib_a-memset.o)
 .debug_frame   0x00001c10       0x38 c:/program files (x86)/gnu tools arm embedded/5.4 2016q2/bin/../lib/gcc/arm-none-eabi/5.4.1/../../../../arm-none-eabi/lib/armv7-m\libg_nano.a(lib_a-nano-freer.o)
 .debug_frame   0x00001c48       0x2c c:/program files (x86)/gnu tools arm embedded/5.4 2016q2/bin/../lib/gcc/arm-none-eabi/5.4.1/../../../../arm-none-eabi/lib/armv7-m\libg_nano.a(lib_a-nano-mallocr.o)
 .debug_frame   0x00001c74       0x74 c:/program files (x86)/gnu tools arm embedded/5.4 2016q2/bin/../lib/gcc/arm-none-eabi/5.4.1/../../../../arm-none-eabi/lib/armv7-m\libg_nano.a(lib_a-printf.o)
 .debug_frame   0x00001ce8       0x2c c:/program files (x86)/gnu tools arm embedded/5.4 2016q2/bin/../lib/gcc/arm-none-eabi/5.4.1/../../../../arm-none-eabi/lib/armv7-m\libg_nano.a(lib_a-sbrkr.o)
 .debug_frame   0x00001d14      0x11c c:/program files (x86)/gnu tools arm embedded/5.4 2016q2/bin/../lib/gcc/arm-none-eabi/5.4.1/../../../../arm-none-eabi/lib/armv7-m\libg_nano.a(lib_a-findfp.o)
 .debug_frame   0x00001e30       0x54 c:/program files (x86)/gnu tools arm embedded/5.4 2016q2/bin/../lib/gcc/arm-none-eabi/5.4.1/../../../../arm-none-eabi/lib/armv7-m\libg_nano.a(lib_a-fwalk.o)
 .debug_frame   0x00001e84       0x30 c:/program files (x86)/gnu tools arm embedded/5.4 2016q2/bin/../lib/gcc/arm-none-eabi/5.4.1/../../../../arm-none-eabi/lib/armv7-m\libg_nano.a(lib_a-mlock.o)
 .debug_frame   0x00001eb4       0xac c:/program files (x86)/gnu tools arm embedded/5.4 2016q2/bin/../lib/gcc/arm-none-eabi/5.4.1/../../../../arm-none-eabi/lib/armv7-m\libg_nano.a(lib_a-nano-vfprintf.o)
 .debug_frame   0x00001f60       0x60 c:/program files (x86)/gnu tools arm embedded/5.4 2016q2/bin/../lib/gcc/arm-none-eabi/5.4.1/../../../../arm-none-eabi/lib/armv7-m\libg_nano.a(lib_a-nano-vfprintf_i.o)
 .debug_frame   0x00001fc0       0x5c c:/program files (x86)/gnu tools arm embedded/5.4 2016q2/bin/../lib/gcc/arm-none-eabi/5.4.1/../../../../arm-none-eabi/lib/armv7-m\libg_nano.a(lib_a-reent.o)
 .debug_frame   0x0000201c       0x88 c:/program files (x86)/gnu tools arm embedded/5.4 2016q2/bin/../lib/gcc/arm-none-eabi/5.4.1/../../../../arm-none-eabi/lib/armv7-m\libg_nano.a(lib_a-stdio.o)
 .debug_frame   0x000020a4       0x40 c:/program files (x86)/gnu tools arm embedded/5.4 2016q2/bin/../lib/gcc/arm-none-eabi/5.4.1/../../../../arm-none-eabi/lib/armv7-m\libg_nano.a(lib_a-wbuf.o)
 .debug_frame   0x000020e4       0x2c c:/program files (x86)/gnu tools arm embedded/5.4 2016q2/bin/../lib/gcc/arm-none-eabi/5.4.1/../../../../arm-none-eabi/lib/armv7-m\libg_nano.a(lib_a-writer.o)
 .debug_frame   0x00002110       0x2c c:/program files (x86)/gnu tools arm embedded/5.4 2016q2/bin/../lib/gcc/arm-none-eabi/5.4.1/../../../../arm-none-eabi/lib/armv7-m\libg_nano.a(lib_a-wsetup.o)
 .debug_frame   0x0000213c       0x2c c:/program files (x86)/gnu tools arm embedded/5.4 2016q2/bin/../lib/gcc/arm-none-eabi/5.4.1/../../../../arm-none-eabi/lib/armv7-m\libg_nano.a(lib_a-closer.o)
 .debug_frame   0x00002168       0x68 c:/program files (x86)/gnu tools arm embedded/5.4 2016q2/bin/../lib/gcc/arm-none-eabi/5.4.1/../../../../arm-none-eabi/lib/armv7-m\libg_nano.a(lib_a-fflush.o)
 .debug_frame   0x000021d0       0x2c c:/program files (x86)/gnu tools arm embedded/5.4 2016q2/bin/../lib/gcc/arm-none-eabi/5.4.1/../../../../arm-none-eabi/lib/armv7-m\libg_nano.a(lib_a-lseekr.o)
 .debug_frame   0x000021fc       0x54 c:/program files (x86)/gnu tools arm embedded/5.4 2016q2/bin/../lib/gcc/arm-none-eabi/5.4.1/../../../../arm-none-eabi/lib/armv7-m\libg_nano.a(lib_a-makebuf.o)
 .debug_frame   0x00002250       0x28 c:/program files (x86)/gnu tools arm embedded/5.4 2016q2/bin/../lib/gcc/arm-none-eabi/5.4.1/../../../../arm-none-eabi/lib/armv7-m\libg_nano.a(lib_a-memchr-stub.o)
 .debug_frame   0x00002278       0x2c c:/program files (x86)/gnu tools arm embedded/5.4 2016q2/bin/../lib/gcc/arm-none-eabi/5.4.1/../../../../arm-none-eabi/lib/armv7-m\libg_nano.a(lib_a-readr.o)
 .debug_frame   0x000022a4       0x2c c:/program files (x86)/gnu tools arm embedded/5.4 2016q2/bin/../lib/gcc/arm-none-eabi/5.4.1/../../../../arm-none-eabi/lib/armv7-m\libg_nano.a(lib_a-fstatr.o)
 .debug_frame   0x000022d0       0x2c c:/program files (x86)/gnu tools arm embedded/5.4 2016q2/bin/../lib/gcc/arm-none-eabi/5.4.1/../../../../arm-none-eabi/lib/armv7-m\libg_nano.a(lib_a-isattyr.o)

.debug_str      0x00000000    0x4ddc5
 *(.debug_str)
 .debug_str     0x00000000     0x6b18 ./src/syscalls/syscalls.o
                               0x6cfb (size before relaxing)
 .debug_str     0x00006b18    0x30f6a ./src/stm_lib/src/misc.o
                              0x33601 (size before relaxing)
 .debug_str     0x00037a82     0x414d ./src/stm_lib/src/stm32f10x_gpio.o
                              0x3706c (size before relaxing)
 .debug_str     0x0003bbcf      0xb3e ./src/stm_lib/src/stm32f10x_rcc.o
                              0x35975 (size before relaxing)
 .debug_str     0x0003c70d     0x1d08 ./src/stm_lib/src/stm32f10x_spi.o
                              0x36bf3 (size before relaxing)
 .debug_str     0x0003e415     0x5453 ./src/stm_lib/src/stm32f10x_tim.o
                              0x3a32c (size before relaxing)
 .debug_str     0x00043868     0x1c3b ./src/stm_lib/src/stm32f10x_usart.o
                              0x36b36 (size before relaxing)
 .debug_str     0x000454a3     0x3fa9 ./src/ioLibrary_Driver/Ethernet/W5100S/w5100s.o
                               0x6fdd (size before relaxing)
 .debug_str     0x0004944c      0x6e2 ./src/ioLibrary_Driver/Ethernet/socket.o
                               0x7569 (size before relaxing)
 .debug_str     0x00049b2e      0x61e ./src/ioLibrary_Driver/Ethernet/wizchip_conf.o
                               0x783c (size before relaxing)
 .debug_str     0x0004a14c      0x125 ./src/ioLibrary_Driver/Application/loopback/loopback.o
                               0xb22e (size before relaxing)
 .debug_str     0x0004a271       0xd4 ./src/cmsis_boot/startup/startup_stm32f10x_hd.o
                               0x2601 (size before relaxing)
 .debug_str     0x0004a345       0xba ./src/cmsis_boot/system_stm32f10x.o
                              0x33093 (size before relaxing)
 .debug_str     0x0004a3ff     0x27de ./src/HALInit.o
                              0x44fb5 (size before relaxing)
 .debug_str     0x0004cbdd       0xf3 ./src/W5100SRelFunctions.o
                              0x3c582 (size before relaxing)
 .debug_str     0x0004ccd0      0xff8 ./src/main.o
                              0x401fa (size before relaxing)
 .debug_str     0x0004dcc8       0x91 ./src/msgq.o
                               0x25c3 (size before relaxing)
 .debug_str     0x0004dd59       0x6c ./src/serialCommand.o
                              0x365ed (size before relaxing)

.debug_loc      0x00000000     0x614f
 *(.debug_loc)
 .debug_loc     0x00000000       0xd1 ./src/syscalls/syscalls.o
 .debug_loc     0x000000d1      0x160 ./src/stm_lib/src/misc.o
 .debug_loc     0x00000231      0x542 ./src/stm_lib/src/stm32f10x_gpio.o
 .debug_loc     0x00000773      0x692 ./src/stm_lib/src/stm32f10x_rcc.o
 .debug_loc     0x00000e05      0x60e ./src/stm_lib/src/stm32f10x_spi.o
 .debug_loc     0x00001413     0x1aed ./src/stm_lib/src/stm32f10x_tim.o
 .debug_loc     0x00002f00      0x736 ./src/stm_lib/src/stm32f10x_usart.o
 .debug_loc     0x00003636      0x6c5 ./src/ioLibrary_Driver/Ethernet/W5100S/w5100s.o
 .debug_loc     0x00003cfb     0x11f5 ./src/ioLibrary_Driver/Ethernet/socket.o
 .debug_loc     0x00004ef0      0x9b6 ./src/ioLibrary_Driver/Ethernet/wizchip_conf.o
 .debug_loc     0x000058a6      0x500 ./src/ioLibrary_Driver/Application/loopback/loopback.o
 .debug_loc     0x00005da6       0x40 ./src/cmsis_boot/startup/startup_stm32f10x_hd.o
 .debug_loc     0x00005de6       0xdf ./src/cmsis_boot/system_stm32f10x.o
 .debug_loc     0x00005ec5       0x63 ./src/W5100SRelFunctions.o
 .debug_loc     0x00005f28       0x2c ./src/main.o
 .debug_loc     0x00005f54       0x74 ./src/msgq.o
 .debug_loc     0x00005fc8      0x187 ./src/serialCommand.o

.debug_macinfo
 *(.debug_macinfo)

.debug_weaknames
 *(.debug_weaknames)

.debug_funcnames
 *(.debug_funcnames)

.debug_typenames
 *(.debug_typenames)

.debug_varnames
 *(.debug_varnames)
OUTPUT(W5100S_Loopback.elf elf32-littlearm)

.debug_ranges   0x00000000      0xa88
 .debug_ranges  0x00000000       0x40 ./src/syscalls/syscalls.o
 .debug_ranges  0x00000040       0x30 ./src/stm_lib/src/misc.o
 .debug_ranges  0x00000070       0x98 ./src/stm_lib/src/stm32f10x_gpio.o
 .debug_ranges  0x00000108      0x108 ./src/stm_lib/src/stm32f10x_rcc.o
 .debug_ranges  0x00000210       0xc0 ./src/stm_lib/src/stm32f10x_spi.o
 .debug_ranges  0x000002d0      0x2e0 ./src/stm_lib/src/stm32f10x_tim.o
 .debug_ranges  0x000005b0       0xf0 ./src/stm_lib/src/stm32f10x_usart.o
 .debug_ranges  0x000006a0       0x78 ./src/ioLibrary_Driver/Ethernet/W5100S/w5100s.o
 .debug_ranges  0x00000718       0x80 ./src/ioLibrary_Driver/Ethernet/socket.o
 .debug_ranges  0x00000798      0x120 ./src/ioLibrary_Driver/Ethernet/wizchip_conf.o
 .debug_ranges  0x000008b8       0x30 ./src/ioLibrary_Driver/Application/loopback/loopback.o
 .debug_ranges  0x000008e8       0x18 ./src/cmsis_boot/startup/startup_stm32f10x_hd.o
 .debug_ranges  0x00000900       0x28 ./src/cmsis_boot/system_stm32f10x.o
 .debug_ranges  0x00000928       0x88 ./src/HALInit.o
 .debug_ranges  0x000009b0       0x58 ./src/W5100SRelFunctions.o
 .debug_ranges  0x00000a08       0x20 ./src/main.o
 .debug_ranges  0x00000a28       0x28 ./src/msgq.o
 .debug_ranges  0x00000a50       0x38 ./src/serialCommand.o

.debug_macro    0x00000000     0xe082
 .debug_macro   0x00000000      0x1b6 ./src/syscalls/syscalls.o
 .debug_macro   0x000001b6      0x87a ./src/syscalls/syscalls.o
 .debug_macro   0x00000a30       0x22 ./src/syscalls/syscalls.o
 .debug_macro   0x00000a52       0x4c ./src/syscalls/syscalls.o
 .debug_macro   0x00000a9e       0x8d ./src/syscalls/syscalls.o
 .debug_macro   0x00000b2b       0x35 ./src/syscalls/syscalls.o
 .debug_macro   0x00000b60       0x9c ./src/syscalls/syscalls.o
 .debug_macro   0x00000bfc       0x16 ./src/syscalls/syscalls.o
 .debug_macro   0x00000c12       0x4a ./src/syscalls/syscalls.o
 .debug_macro   0x00000c5c       0x97 ./src/syscalls/syscalls.o
 .debug_macro   0x00000cf3      0x30d ./src/syscalls/syscalls.o
 .debug_macro   0x00001000       0xfd ./src/syscalls/syscalls.o
 .debug_macro   0x000010fd       0x10 ./src/syscalls/syscalls.o
 .debug_macro   0x0000110d       0x52 ./src/syscalls/syscalls.o
 .debug_macro   0x0000115f       0x1f ./src/syscalls/syscalls.o
 .debug_macro   0x0000117e       0x43 ./src/syscalls/syscalls.o
 .debug_macro   0x000011c1       0x20 ./src/syscalls/syscalls.o
 .debug_macro   0x000011e1      0x187 ./src/syscalls/syscalls.o
 .debug_macro   0x00001368       0x10 ./src/syscalls/syscalls.o
 .debug_macro   0x00001378       0x5e ./src/syscalls/syscalls.o
 .debug_macro   0x000013d6       0x1c ./src/syscalls/syscalls.o
 .debug_macro   0x000013f2       0x52 ./src/syscalls/syscalls.o
 .debug_macro   0x00001444       0x40 ./src/syscalls/syscalls.o
 .debug_macro   0x00001484       0x10 ./src/syscalls/syscalls.o
 .debug_macro   0x00001494       0x40 ./src/syscalls/syscalls.o
 .debug_macro   0x000014d4       0xd7 ./src/syscalls/syscalls.o
 .debug_macro   0x000015ab       0x16 ./src/syscalls/syscalls.o
 .debug_macro   0x000015c1      0x189 ./src/syscalls/syscalls.o
 .debug_macro   0x0000174a       0x52 ./src/syscalls/syscalls.o
 .debug_macro   0x0000179c       0x16 ./src/syscalls/syscalls.o
 .debug_macro   0x000017b2       0x35 ./src/syscalls/syscalls.o
 .debug_macro   0x000017e7       0x10 ./src/syscalls/syscalls.o
 .debug_macro   0x000017f7       0x41 ./src/syscalls/syscalls.o
 .debug_macro   0x00001838      0x122 ./src/syscalls/syscalls.o
 .debug_macro   0x0000195a       0x83 ./src/stm_lib/src/misc.o
 .debug_macro   0x000019dd       0x56 ./src/stm_lib/src/misc.o
 .debug_macro   0x00001a33       0x3a ./src/stm_lib/src/misc.o
 .debug_macro   0x00001a6d      0x34e ./src/stm_lib/src/misc.o
 .debug_macro   0x00001dbb       0x18 ./src/stm_lib/src/misc.o
 .debug_macro   0x00001dd3      0xa8b ./src/stm_lib/src/misc.o
 .debug_macro   0x0000285e     0x7e6d ./src/stm_lib/src/misc.o
 .debug_macro   0x0000a6cb       0x10 ./src/stm_lib/src/misc.o
 .debug_macro   0x0000a6db       0x35 ./src/stm_lib/src/misc.o
 .debug_macro   0x0000a710       0x85 ./src/stm_lib/src/misc.o
 .debug_macro   0x0000a795       0xd4 ./src/stm_lib/src/stm32f10x_gpio.o
 .debug_macro   0x0000a869      0x2a6 ./src/stm_lib/src/stm32f10x_gpio.o
 .debug_macro   0x0000ab0f      0x199 ./src/stm_lib/src/stm32f10x_rcc.o
 .debug_macro   0x0000aca8      0x3dc ./src/stm_lib/src/stm32f10x_rcc.o
 .debug_macro   0x0000b084       0xec ./src/stm_lib/src/stm32f10x_spi.o
 .debug_macro   0x0000b170      0x2be ./src/stm_lib/src/stm32f10x_spi.o
 .debug_macro   0x0000b42e       0x9e ./src/stm_lib/src/stm32f10x_tim.o
 .debug_macro   0x0000b4cc      0x70b ./src/stm_lib/src/stm32f10x_tim.o
 .debug_macro   0x0000bbd7      0x13a ./src/stm_lib/src/stm32f10x_usart.o
 .debug_macro   0x0000bd11      0x21a ./src/stm_lib/src/stm32f10x_usart.o
 .debug_macro   0x0000bf2b       0x45 ./src/ioLibrary_Driver/Ethernet/W5100S/w5100s.o
 .debug_macro   0x0000bf70       0x78 ./src/ioLibrary_Driver/Ethernet/socket.o
 .debug_macro   0x0000bfe8       0x54 ./src/ioLibrary_Driver/Ethernet/wizchip_conf.o
 .debug_macro   0x0000c03c      0x1ca ./src/ioLibrary_Driver/Application/loopback/loopback.o
 .debug_macro   0x0000c206       0x1c ./src/ioLibrary_Driver/Application/loopback/loopback.o
 .debug_macro   0x0000c222       0x1d ./src/cmsis_boot/startup/startup_stm32f10x_hd.o
 .debug_macro   0x0000c23f       0x7b ./src/cmsis_boot/system_stm32f10x.o
 .debug_macro   0x0000c2ba      0x23c ./src/HALInit.o
 .debug_macro   0x0000c4f6       0x76 ./src/HALInit.o
 .debug_macro   0x0000c56c       0x8b ./src/HALInit.o
 .debug_macro   0x0000c5f7      0x279 ./src/HALInit.o
 .debug_macro   0x0000c870      0x2ac ./src/HALInit.o
 .debug_macro   0x0000cb1c      0x220 ./src/HALInit.o
 .debug_macro   0x0000cd3c      0x2c4 ./src/HALInit.o
 .debug_macro   0x0000d000      0x711 ./src/HALInit.o
 .debug_macro   0x0000d711       0x9a ./src/HALInit.o
 .debug_macro   0x0000d7ab       0xcf ./src/W5100SRelFunctions.o
 .debug_macro   0x0000d87a      0x270 ./src/main.o
 .debug_macro   0x0000daea       0xfd ./src/main.o
 .debug_macro   0x0000dbe7      0x3c3 ./src/main.o
 .debug_macro   0x0000dfaa       0x10 ./src/main.o
 .debug_macro   0x0000dfba       0x1a ./src/msgq.o
 .debug_macro   0x0000dfd4       0x10 ./src/msgq.o
 .debug_macro   0x0000dfe4       0x9e ./src/serialCommand.o
